
> rest-express@1.0.0 build
> vite build && esbuild server/index.ts --platform=node --packages=external --bundle --format=esm --outdir=dist

vite v5.4.14 building for production...
transforming...
Browserslist: browsers data (caniuse-lite) is 23 months old. Please run:
  npx update-browserslist-db@latest
  Why you should do it regularly: https://github.com/browserslist/update-db#readme
✓ 1861 modules transformed.
rendering chunks...
computing gzip size...
../dist/public/index.html                          1.80 kB │ gzip:   0.74 kB
../dist/public/assets/index-CKI8ZSLY.css          72.83 kB │ gzip:  12.93 kB
../dist/public/assets/QuickRooms-C4glIt-s.js      15.39 kB │ gzip:   5.58 kB
../dist/public/assets/display-CcwyERYf.js         21.97 kB │ gzip:   7.76 kB
../dist/public/assets/PhysicalDraft-D8sqNgTf.js  156.00 kB │ gzip:  42.57 kB
../dist/public/assets/index-DfX6SxKH.js          816.24 kB │ gzip: 241.07 kB

(!) Some chunks are larger than 500 kB after minification. Consider:
- Using dynamic import() to code-split the application
- Use build.rollupOptions.output.manualChunks to improve chunking: https://rollupjs.org/configuration-options/#output-manualchunks
- Adjust chunk size limit for this warning via build.chunkSizeWarningLimit.
✓ built in 3.80s

  dist\index.js  69.8kb

Done in 7ms
