> rest-express@1.0.0 test
> node scripts/run-tests.mjs

✔ server-saved records cannot be fetched into an unassigned local context (24.8798ms)
✔ a protected operation binds both workspace and the noncredential session epoch (1.0573ms)
✔ a multi-step save cannot use a fresh cookie to finish a previous account operation (1.1682ms)
✔ a response body resolving after an account change cannot become a private record (0.966ms)
✔ invalidation supersedes an in-flight session read without leaving the account permanently checking (0.7525ms)
✔ an account button initiated as A never performs the action after preflight discovers B (0.4839ms)
✔ same-identity revalidation resumes only the context suspended in this page (0.5298ms)
✔ failed local checkpoint retains memory and original bytes without clearing another draft (1.008ms)
✔ context storage cannot silently read the unassigned draft or a different principal workspace (0.3504ms)
✔ a protected action waiting for revalidation cannot acquire a newly resumed context (0.5103ms)
✔ a checkpoint after an initially denied storage read cannot mask an unread older recovery key (0.5942ms)
✔ a quota-only failure after validated hydration can checkpoint the exact retained draft when storage recovers (6.8118ms)
✔ OIDC configuration requires every trusted server binding and never uses ambient identity hints (1.2581ms)
✔ OIDC configuration rejects insecure URLs, dynamic discovery, redirects and invalid credentials (0.3897ms)
✔ confidential client methods require an explicit secret and retain exact issuer/subject trust (0.151ms)
✔ OIDC return targets are a fixed application route allowlist (0.1167ms)
✔ door hand follows back-to-hinge facing-latch convention and encodes losslessly (1.0395ms)
✔ reversing swing keeps the stored hinge while displayed hand changes (0.1618ms)
✔ top wall preserves saved opening bar, swing origin and rotation (0.847ms)
✔ right wall preserves saved opening bar, swing origin and rotation (0.1059ms)
✔ bottom wall preserves saved opening bar, swing origin and rotation (0.1152ms)
✔ left wall preserves saved opening bar, swing origin and rotation (0.1034ms)
✔ stored right / inward keeps the leaf and closes only its actual quarter-circle sector (0.1851ms)
✔ stored right / outward keeps the leaf and closes only its actual quarter-circle sector (0.1388ms)
✔ stored left / inward keeps the leaf and closes only its actual quarter-circle sector (0.1061ms)
✔ stored left / outward keeps the leaf and closes only its actual quarter-circle sector (0.1853ms)
✔ top wall puts both hinges and open leaves on the correct physical sides (0.3009ms)
✔ right wall puts both hinges and open leaves on the correct physical sides (0.1698ms)
✔ bottom wall puts both hinges and open leaves on the correct physical sides (0.1098ms)
✔ left wall puts both hinges and open leaves on the correct physical sides (0.0764ms)
✔ legacy doors keep the historical 40-pixel bar and 60-pixel swing without adding metadata (0.2891ms)
✔ fractional explicit widths control geometry without normalizing saved size, position or metadata (0.2078ms)
✔ all existing door styles retain the same stored geometry and style metadata (0.1604ms)
✔ default door properties are fresh objects so previews cannot mutate later doors (0.0982ms)
✔ opening wins over its selected parent; undo restores every property and leaves later edits (1.7886ms)
✔ room recovery restores original ordering and all nested openings without replacing other edits (0.2252ms)
✔ stale opening selection cannot fall through to deleting a room (0.1694ms)
✔ Q-001 is fully specified, non-overlapping geometry without calculating totals (11.2815ms)
✔ top uses clockwise center and the correct axis at noncentral/tolerance bounds (4.7327ms)
✔ right uses clockwise center and the correct axis at noncentral/tolerance bounds (4.7464ms)
✔ bottom uses clockwise center and the correct axis at noncentral/tolerance bounds (1.9773ms)
✔ left uses clockwise center and the correct axis at noncentral/tolerance bounds (2.1423ms)
✔ opening top at ceiling, inside tolerance and outside tolerance (0.9848ms)
✔ zero, missing and negative sill remain distinct (3.2215ms)
✔ explicit floor-level opening requires zero sill within tolerance (11.9678ms)
✔ actual overlap requires horizontal AND vertical intersection (6.8007ms)
✔ horizontal touching and overlap tolerance boundaries (7.3919ms)
✔ vertical touching and overlap tolerance boundaries (2.3778ms)
✔ missing or unresolved extents yield undetermined fit and overlap (1.2022ms)
✔ shared opening validates each room independently without layout adjacency (1.8203ms)
✔ two faces of the same room are an unsupported shared relationship (1.2223ms)
✔ resize recomputes geometry without moving openings or changing evidence (1.9371ms)
✔ structural invalid dimensions, references and duplicate attachments are findings (5.9193ms)
✔ malformed attachments return diagnostics rather than throwing (1.0936ms)
✔ nonfinite derived horizontal/vertical extents cannot pass (2.7599ms)
✔ legacy out-of-bounds and unknown measurements remain preserved and v2 reprocessable (2.756ms)
✔ validation of frozen input is deterministic and separate from confirmation (1.3125ms)
✔ small-coordinate horizontal and vertical overlap honor the exact 0.01mm boundary (4.6946ms)
✔ mutating a report cannot change later validation scopes or the document (3.5851ms)
✔ small-coordinate start bounds honor exact tolerance on every wall orientation (11.552ms)
✔ hosted entry permits its canonical forwarded HTTPS request and retains secure cookie attributes (42.8481ms)
✔ ordinary listener ignores both forwarded headers and the VERCEL environment flag (4.662ms)
✔ incomplete or noncanonical hosted configuration fails before session or route processing (27.4797ms)
✔ wrong hosts, protocol ambiguity and competing Forwarded headers fail closed before sessions (21.0809ms)
✔ hosting policy cannot be reconfigured after mounting and defaults to untrusted sessions (2.4737ms)
✔ legacy POST, GET, partial rename, geometry update and delete round-trip without normalization (102.6942ms)
✔ empty sketches and legacy date strings remain supported (13.9796ms)
✔ invalid nested creates and updates never reach storage or mutate saved sketches (156.1042ms)
✔ NaN and infinity are rejected by the adapter and overflowing JSON numbers by HTTP routes (37.3692ms)
✔ malformed route IDs cannot read, update or delete a different plan (35.0294ms)
✔ storage failures report retryable server failure without exposing internals or losing existing data (14.5376ms)
✔ malformed JSON and oversized bodies do not write, expose input or stop the service (25.585ms)
✔ unexpected middleware errors return a generic response and the service continues (17.0929ms)
✔ legacy 240 by 200 pixels converts to 12 by 10 feet independently of ceiling height (10.1062ms)
✔ entered 32-inch door uses inches and imported provenance stays unconfirmed (6.1094ms)
✔ missing opening heights and all unrecorded sills remain unknown (3.0218ms)
✔ conflicting widths yield review candidates without selecting or mutating a width (1.7228ms)
✔ clockwise physical center preserves legacy top wall position and width (1.2541ms)
✔ clockwise physical center preserves legacy right wall position and width (0.9373ms)
✔ clockwise physical center preserves legacy bottom wall position and width (3.7227ms)
✔ clockwise physical center preserves legacy left wall position and width (1.1589ms)
✔ legacy corner positions are preserved without clamping or rejecting old sketches (1.1742ms)
✔ IDs, ordering, names, metadata, all styles and both swings survive (1.2467ms)
✔ original and output metadata are detached from input and from each other (2.3468ms)
✔ own __proto__ JSON keys survive every legacy metadata level without prototype pollution (0.9806ms)
✔ older doors without properties retain size basis and flag renderer fallbacks (0.38ms)
✔ v2 reruns retain edited physical values, zero sill, IDs and review state without rescaling (3.5892ms)
✔ version dispatch supports unversioned/1 and explicitly rejects unknown versions (3.1029ms)
✔ non-JSON, malformed legacy input and overflow return explicit invalid results (2.0595ms)
✔ v2 structural schemas reject invalid IDs, wall order and attachment references (16.9307ms)
✔ wall IDs are deterministic, distinct and do not collide with preserved IDs (1.8172ms)
✔ viewport zoom/pan metadata does not affect physical conversion (2.143ms)
✔ conversion quantity comparison reuses the verified M1 calculator (1.5813ms)
✔ JSON depth limits cannot produce a v2 document that fails on reprocessing (0.7656ms)
✔ M3B frozen v1 calculation and captured snapshot remain byte/content identical and verifiable (167.2865ms)
✔ M3B exact 12 by 10 ceiling-height acceptance keeps independent 120 square-foot surfaces (35.8134ms)
✔ M3B proposed supported models keep dependent outputs provisional even with confirmed measurements (8.3341ms)
✔ M3B unknown imported applicability blocks only dependent work and names exact room/profile paths (13.3529ms)
✔ M3B unsupported ceiling never reuses projected floor area and preserves independent supported walls/casing (13.7518ms)
✔ M3B nonuniform walls block walls/casing and full-height crown gaps, not ordinary crown/floor runs (65.5439ms)
✔ M3B crown-path declaration is independent of ceiling and wall applicability (40.5164ms)
✔ M3B partial selected totals expose unsupported rooms and retain provisional included subtotal (1.9748ms)
✔ M3B applicability and group contracts validate exact room ownership without inferring topology (6.8711ms)
✔ M3B special own room IDs retain typed applicability and prototype safety (6.6136ms)
✔ M3B policy dispatch rejects missing, mismatched and downgrade attempts without source rewrites (29.2495ms)
✔ M3B applicability readiness is detached and frozen engine results cannot mutate source declarations (13.6082ms)
✔ M3B fingerprints bind applicability values to geometry and declaration evidence only to content (107.1263ms)
✔ M3B v2 snapshot confirmation gate, version agreement and independent integrity verification (304.4631ms)
✔ M3B shared openings use only the selected attachment wall applicability (3.7348ms)
✔ legacy-pixels-v2 retains original bytes, IDs, groups, style/hinge and promotes only recorded window height (9.6854ms)
✔ legacy v2 preserves width conflicts and clockwise non-midpoint bottom/left positions without altering v1 (5.471ms)
✔ unsupported or invalid import is rejected instead of partially edited (10.065ms)
✔ captured-v2 upgrade preserves current physical data and never reinterprets compatibility originals (5.6139ms)
✔ Quick Rooms explicit copy retains raw pending text, old-unit context and measurement events independently (4.6698ms)
✔ independent adopted drafts never merge equal room IDs or room names (5.8863ms)
✔ room dimensions and height share one command/evidence stream and yield 120/120/352 then 396 walls (38.2936ms)
✔ dirty raw text masks every dependent result, and clearing height preserves independent floor/ceiling (18.5165ms)
✔ switching units preserves raw context until valid commit/clear then releases it without changing evidence (9.2985ms)
✔ unsupported ceiling blocks its output independently of explicitly supported walls (14.268ms)
✔ stale revision or changed selection rejects the entire edit without changing either draft (1.6467ms)
✔ full registry recovery retains metadata, groups, openings, source evidence, raw context and settings (15.1107ms)
✔ own special IDs/metadata keys survive recovery without normalization or prototype mutation (10.7973ms)
✔ recovery rejects forged clean text, omitted fields, unknown authoritative totals and tampered action evidence (14.4996ms)
✔ physical snapshot identity cannot be presented as an active temporary revision (8.6677ms)
✔ store initializes lazily, touches only its own key and publishes stable immutable snapshots (6.1101ms)
✔ corrupt/unsupported recovery blocks adoption and preserves exact original bytes until explicit discard (12.9244ms)
✔ denied reads allow memory use without writing unseen recovery bytes (12.6601ms)
✔ quota failure keeps newest edit in memory and old valid recovery intact (12.9203ms)
✔ external stored changes are detected before write and never overwritten by stale in-memory registry (4.5512ms)
✔ failed discard preserves current memory and recovery; stale callback failure is visible and atomic (7.3537ms)
✔ new-policy physical copies preserve valid declaration evidence and original source separately (3.9423ms)
✔ deleted Quick Rooms targets retain their historical action captures through adoption and recovery (2.0692ms)
✔ M3B pointer transform accounts for current viewport borders, scroll, gutters and scale (1.5406ms)
✔ M3B pointer transform rejects invalid scale and nonfinite coordinates rather than placing a default (0.2068ms)
✔ M3B noncentral wall placement converts bottom and left exactly once into clockwise center distance (4.6464ms)
✔ M3B zoom/pan/reflow transform followed by wall targeting retains fractional physical offset (0.7911ms)
✔ M3B cross-room target uses auto-layout only for hit location and writes no physical presentation (7.9546ms)
✔ M3B adjoining room wall hit prefers the room interior under the pointer without inferring a shared link (0.9647ms)
✔ M3B pointer corner positions are not clamped and demonstrated invalid width remains rejected (5.5202ms)
✔ M3B move preview preserves unknown dimensions, provenance, appearance and original nested data (1.339ms)
✔ M3B two-face shared opening cannot be detached by a pointer preview (1.4653ms)
✔ M3B opening gesture stamp rejects newer edits and draft switches even with identical room IDs (0.3562ms)
✔ M3B floor-level opening projects a measured wall gap without door or window fabrication (1.3483ms)
✔ new opening presets are explicit unconfirmed proposals with no invented height/sill/basis (21.8412ms)
✔ actual physical fixture yields 120/120/352/319 square feet, 41 feet trim and two distinct openings (42.7945ms)
✔ all four wall center offsets stay physical and clockwise with exact fractional and metric input (27.0307ms)
✔ Enter plus blur commits once and common presets use one atomic independent dimension action (41.3654ms)
✔ window height and sill edits remain independent including explicitly entered zero sill (23.5148ms)
✔ invalid syntax and demonstrated corner/overlap/above-ceiling edits preserve canonical values and visible raw drafts (40.6958ms)
✔ unknown dimensions permit explicitly incomplete placement but never claim verified fit (4.526ms)
✔ along-wall/cross-wall/cross-room move preserves identity, dimensions, appearance, unrelated raw fields and room overview positions (19.2941ms)
✔ invalid move rejects atomically and unchanged placement is a no-op (50.3495ms)
✔ stale drag revision and switched draft cannot commit duplicate/newer geometry (10.6634ms)
✔ appearance/basis changes cannot change dimensions and never fabricate appearance on floor openings (16.1158ms)
✔ shared opening dimensional edits validate both faces while movement/offset remain specifically protected (20.8538ms)
✔ delete targets one opening, undo restores attachment order/raw/evidence while retaining unrelated edits (32.7247ms)
✔ deletion undo rejects missing parents or reused identity and retains recovery for retry (6.6862ms)
✔ delete/undo preserves shared identity and attachment order and scoped requests remain valid (27.2635ms)
✔ pending dimension/offset masks dependent outputs without altering canonical values or independent room totals (45.5675ms)
✔ unit switching retains unfinished opening context then releases it on commit/clear without rounding geometry (16.8742ms)
✔ recovery preserves raw opening fields, typed actions, undo and independent originals exactly (31.1887ms)
✔ recovery rejects forged clean opening values and malformed identity/action evidence (38.3301ms)
✔ room dimension edits leave openings intact and immediately expose newly invalid fit (20.0407ms)
✔ registry store preserves rejected opening raw edits and never writes a stale gesture (49.3081ms)
✔ pending center text blocks dragging and stays intact while other pending fields make prospective fit unverified (22.4224ms)
✔ unknown or unsupported wall models and unknown appearance never report verified opening placement (19.5015ms)
✔ position input evidence retains original fractional syntax/unit after a display-unit change (18.966ms)
✔ recovery rejects a disguised geometry mutation in appearance history and forged deletion raw text (36.8368ms)
✔ special opening IDs derive missing legacy fields safely and survive commands and recovery (7.2226ms)
✔ M3B projection preserves clockwise all-wall offsets, saved door hinges and typed group authority (13.9612ms)
✔ M3B unresolved legacy width renders only original symbol evidence and preserves unresolved candidates (3.2296ms)
✔ M3B known physical door without appearance cannot use legacy guessed bar or swing widths (3.4649ms)
✔ M3B legacy missing-properties door retains source rendering with an explicit limitation (2.4348ms)
✔ M3B projection deeply detaches unresolved source symbols and known appearance metadata (2.4564ms)
✔ M3B unsupported room range cannot hide later normal rooms or poison derived layout positions (2.1838ms)
✔ M3B missing room dimensions do not receive a measured-looking placeholder; physical edits update derived offsets (1.7405ms)
✔ new and empty work scope means none; enable creates empty targets and explicit all captures current IDs only (25.2701ms)
✔ custom scope, basis and waste survive room/name/dimension/unit edits and addRoom (99.6477ms)
✔ wrong-kind, missing, duplicate and non-attached targets are rejected atomically (60.192ms)
✔ explicit UI fixture preserves engine gross, deductions, net, casing, trim and inventory arithmetic (234.1147ms)
✔ 10 percent commits as 0.1 and engine applies allowance once after aggregate net (54.0583ms)
✔ unfinished or invalid percent is retained and never replaces committed waste or other output edits (182.5254ms)
✔ missing window height keeps independent results and exposes only a partial 256-square-foot wall subtotal (90.9576ms)
✔ explicit measurement review then independent model review changes provisional quantities to complete (91.1939ms)
✔ measurement confirmation is blocked for unknown or dirty fields and stale draft/revision/snapshot tokens (2.5728ms)
✔ candidate resolution retains alternatives, is never automatically confirmed, and rejects stale candidate review (12.0304ms)
✔ correction clears only the changed confirmation and never removes geometry or application blockers (114.2804ms)
✔ room and opening raw corrections preserve review history and require separate reconfirmation (131.7161ms)
✔ separate unknown/unsupported model declarations cannot be confirmed and leave independent floor quantities usable (111.3917ms)
✔ model review tokens are stale after dimension or declaration edits and changing model evidence requires new confirmation (60.3331ms)
✔ deleting selected opening prunes inventory, casing and crown targets atomically with a visible notice (76.4372ms)
✔ bounded deletion undo never overwrites later scope choices even when changed away and back (65.6843ms)
✔ bounded deletion undo preserves later unfinished waste and does not silently restore stale scope (42.4911ms)
✔ cross-wall moves prune old face targets but retain selected physical inventory ID, work, waste and unrelated targets (65.4028ms)
✔ shared opening all-current casing selects both attachment faces while inventory counts its identity once (85.9702ms)
✔ explicit crown gaps cannot invent full-height deductions and mismatched basis never gets relabeled (77.7284ms)
✔ recovery rejects forged current confirmations, altered review events, declared models and clean waste text (121.6695ms)
✔ older supported caches round-trip without adding scope/review state; confirmed physical imports require matching source (77.7014ms)
✔ confirmed opening review survives deletion and bounded restore with its historical actions and raw fields (127.3257ms)
✔ new rooms can be reviewed after existing review evidence without rewriting prior origins (91.5025ms)
✔ Slice 3 read model exposes exact shared-engine fixture totals and individual door/window deductions (37.2529ms)
✔ Slice 3 partial wall results identify excluded top wall without replacing unavailable selected total (35.4501ms)
✔ Slice 3 pending width height sill and offset mask dependent totals and retain useful field-specific messages (114.1083ms)
✔ Slice 3 waste comes from engine once; dirty invalid or uncommitted waste never exposes older adjusted quantities (53.8918ms)
✔ Slice 3 empty work and explicit empty targets remain empty and never display a complete zero project (11.6573ms)
✔ Slice 3 measurement, model, geometry and basis findings remain independent (108.7979ms)
✔ Slice 3 shared physical inventory counts once while selected casing faces remain independent in full-document engine input (3.2432ms)
✔ Slice 3 metric formatting and detached source scopes do not modify request quantities or caller measurements (10.9783ms)
✔ Slice 3 drawing source highlights preserve exact selected room, wall and shared-opening face identities (3.0701ms)
✔ Slice 3 unknown physical opening widths highlight a point instead of inventing a measured span (1.4625ms)
✔ invalid room Revert restores 12 ft and independent 120 sq ft without changing domain or evidence (71.2025ms)
✔ valid but uncommitted text is cancelled without a correction event or confirmation change (39.1342ms)
✔ reverting each room field leaves another unfinished field and its dependent totals blocked (105.4826ms)
✔ active-unit Revert formats the retained measurement rather than parsing pending text or replacing provenance (18.898ms)
✔ all opening dimensions and center offset cancel raw edits while preserving identity, attachments and history (60.1691ms)
✔ syntactically valid geometry-rejected opening values can be cancelled with no physical correction or move (133.8171ms)
✔ unknown room/opening values and needs-review candidates restore blank text without resolving domain state (30.6782ms)
✔ zero center offset and zero sill remain measured zeros when their pending text is reverted (14.9485ms)
✔ committed 10 percent waste is restored exactly while unrelated pending fields and scope remain (67.7611ms)
✔ tiny and large committed decimal waste restores plain text and remains valid recovery without changing the fraction (74.7758ms)
✔ zero committed waste restores zero and clean fields cannot roll back committed values (32.3231ms)
✔ captured actions reject another draft, newer edit, unit change and duplicate application atomically (19.6868ms)
✔ missing/deleted/disabled targets and malformed tokens never fall back to another field (21.2048ms)
✔ registry selection guard rejects a held Revert after switching to another draft with no writes (21.768ms)
✔ opening delete then raw waste edit and Revert cannot resurrect stale casing or inventory scope on Undo (37.8752ms)
✔ special room/opening IDs and unrelated field maps survive exact Revert and recovery (4.2686ms)
✔ guarded Revert survives exact storage recovery with other unfinished text and confirmation evidence (63.5997ms)
✔ failed recovery write keeps the reverted memory draft, prior raw bytes and visible limitation (38.9693ms)
✔ stale store Revert leaves newer memory and recoverable bytes untouched and reports the rejected action (30.2503ms)
✔ schema5 strictly owns explicit room uses, unique physical IDs, same-room zone associations and layout-only effects (45.6187ms)
✔ explicit current4 upgrade is detached, keeps stairs/source metadata, never infers use from names and freezes older consumers (16.5808ms)
✔ prototype-like room and layout IDs remain own keys through validation and capture (114.9301ms)
✔ room use is explicit intent with preserved custom text, no fake labels or measurement approval (13.3822ms)
✔ shared gross footprint is 48/12 sq ft, non-additive and independent of unknown cabinet height (7.4478ms)
✔ all 90 degree rotations preserve dimensions and explicit top-left anchors without changing measurements (6.8413ms)
✔ edge-touching fits; .01mm tolerance cannot turn .011mm overrun into valid or silently clamp values (12.2447ms)
✔ overlapping zones produce ambiguity only, touching edges do not, and other parent rooms never overlap (15.1949ms)
✔ cabinet leaving an explicitly associated zone keeps association and flags review without blocking finish quantities (32.4273ms)
✔ range and extent loss fail safely while unknown dimensions stay unknown and no geometry is mutated (7.8965ms)
✔ layout5 evaluates through unchanged policy/engine/result4 and preserves 300/300/560 with no double counting (8.9394ms)
✔ retained stair voids remain 252 net / 25.2 waste / 277.2 adjusted after adding layout-only data (24.8492ms)
✔ layout geometry and content hashes detect distinct changes while room names, camera and unrelated presentation remain excluded (95.9746ms)
✔ snapshot5 captures layout with policy4, is detached and rejects downgraded/mixed scopes or altered source evidence (92.432ms)
✔ historical v1-v4 snapshots regenerate exactly with unchanged policy and hashes (441.1251ms)
✔ explicit layout upgrade preserves the full current source, pending fields, request and immutable schema4 lineage (84.6642ms)
✔ room name never infers use; deliberate room and zone uses remain independent through history (229.4982ms)
✔ adding rooms to schema5 creates explicit unspecified use with prototype-safe exact ownership (149.2583ms)
✔ layout-only 48 and12 square-foot footprints never inflate300/300/560 finish quantities (93.0404ms)
✔ existing explicit stair holes and measured waste stay252/25.2/277.2 after layout upgrade (158.0058ms)
✔ unknown geometry remains unknown; explicit origin is unconfirmed and zero stays valid (38.8668ms)
✔ invalid raw syntax stays pending and Enter followed by blur commits exactly once (34.9773ms)
✔ pending layout masks only its footprint and never unrelated finish results (68.8391ms)
✔ units preserve pending raw context; Revert restores active units without changing document or evidence (35.0289ms)
✔ edge-touching placement fits; outside placement rejects atomically while dimension edits retain invalid findings (65.9886ms)
✔ pending position prevents drag takeover while unrelated dimension/name drafts survive valid movement (43.104ms)
✔ retained creation history accepts pending name and custom labels, which recover exactly without new history (95.1759ms)
✔ Custom explicitly permits blank unfinished label; Apply makes one semantic history and Revert keeps saved use (221.0485ms)
✔ zone deletion unlinks retained cabinet atomically and Undo preserves unrelated pending waste and scope (204.9673ms)
✔ delete and restore keeps clean name drafts, unit formatting and stable ordering (170.3626ms)
✔ cabinet association only accepts the same room and room-level assignment carries both children (186.0041ms)
✔ an older room-creation inverse is blocked by later layout dependents without touching them (9.8182ms)
✔ layout history restores changed measures unconfirmed while rotation retains unrelated approvals (250.1139ms)
✔ creation/deletion, dimension and drag actions share one chronological history with exact target reveal (292.1327ms)
✔ same physical numeric or pointer values and unchanged names create no duplicate committed history (84.0856ms)
✔ large coordinates do not silently erase a representable half-millimeter move (18.4982ms)
✔ stale revisions and pending target conflicts reject without popping the history branch (183.0562ms)
✔ v4 recovery reads v3 without rewriting source bytes and detects fallback changes before saving (9.4885ms)
✔ older keys remain byte-exact, cache failures retain memory/history, and reload has no session Undo (96.7953ms)
✔ corrupt, future, dangling and forged layout recovery cannot overwrite retained bytes (82.077ms)
✔ mixed registries remain v4 and old envelopes cannot pretend to contain schema5 layout (10.931ms)
✔ new building draft has one editable Main floor with unknown elevation; legacy constructor stays v2 (7.6302ms)
✔ add rooms follows active level, including empty levels, without expanding explicit takeoff scope (20.3136ms)
✔ switch level retains document, pending fields, units, request and evidence, increments revision and preserves redo (66.4598ms)
✔ level creation, rename and order are one chronological history with stable IDs and unknown elevations (26.0228ms)
✔ room assignment preserves physical identity/raw/request, and direct assignment plus Undo/Redo reveal the exact room even on a populated destination (52.1198ms)
✔ existing measurement history reveals a hidden room level without filtering the chronological stack (31.899ms)
✔ room creation inverse includes membership, and a populated level cannot be undone out of order (33.4488ms)
✔ grouped room assignment is rejected with dependent room name and has no partial state change (7.4729ms)
✔ shared opening room assignment is rejected by attachment dependency without changing IDs or geometry (16.3162ms)
✔ level switch makes captured edits stale and failed assignment leaves both history stacks untouched (24.6795ms)
✔ invalid IDs, blank names, unknown levels and partial/duplicate order do not mutate the draft (0.5113ms)
✔ explicit old draft upgrade preserves the FULL live state, confirmed events, source originals and unknown ownership (11.0445ms)
✔ upgrade retains typed history captures and accepts new level evidence without rewriting the old capture (56.3185ms)
✔ upgraded deletion recovery adapts active policy snapshots and preserves original tombstone in lineage (13.2495ms)
✔ upgrade retains independent source entry and blocks already-upgraded or reused identities (9.2651ms)
✔ new recovery key falls back to v1 without altering bytes; first accepted write migrates envelope only (8.914ms)
✔ new cache wins over v1 and corrupt new data never falls back or gets overwritten (0.5715ms)
✔ changed legacy source or newly appeared v2 cache blocks fallback overwrite while retaining accepted memory (1.763ms)
✔ failed new-key storage write preserves v1 source and latest level change/history in memory (3.4042ms)
✔ reload restores active level and all pending field contexts but initializes empty session history (30.4426ms)
✔ recovery rejects missing/dangling/extra room membership, stale active level and unsupported envelope (15.9601ms)
✔ level history evidence rejects v1 relabeling, altered restored ownership and forged lineage (32.3158ms)
✔ prototype-like room/level IDs are retained as own memberships through upgrade, history and recovery (35.5324ms)
✔ global takeoff history is labeled project-wide and does not reveal or switch to an arbitrary level (20.257ms)
✔ pending level names survive level changes/reload, preserve redo and block removal until explicitly applied (13.913ms)
✔ M3D schema3 has exactly one own membership, explicit unknown elevation and distinct versioned identities (73.5587ms)
✔ M3D groups and shared openings must stay on one level without inventing plan-collision rules (6.4741ms)
✔ M3D upgrade detaches current physical values and preserves originals, IDs, profiles, groups and opening evidence (5.6941ms)
✔ M3D unknown ownership upgrade never invents supported models when historical declarations are absent (11.3601ms)
✔ M3D own prototype-like room and level IDs survive constructor, validator, calculation and captured snapshot (62.1312ms)
✔ M3D full-document explicit project and level requests produce independent 270/802 and 120/352 quantities (14.5354ms)
✔ M3D saved explicit target IDs remain fixed when rooms are added or reassigned between levels (13.2115ms)
✔ M3D level ownership affects version3 hashes while names, order and camera remain presentation (140.9068ms)
✔ M3D level-aware snapshots enforce version dispatch, ownership integrity and synchronous detached capture (98.9212ms)
✔ M3D unchanged version1 and version2 historical snapshot bytes and hashes remain verifiable (256.7037ms)
✔ M3D independent ceiling/wall applicability and confirmation gates reuse existing engine semantics (36.0427ms)
✔ M3D physical measurement actions retain level ownership and original evidence without mutation (5.4625ms)
✔ M3D active-level projection and wall hit inputs exclude coincident hidden rooms and empty-level fit geometry (4.0283ms)
✔ explicit schema4 upgrade retains full current draft and immutable schema3 lineage with pending room/waste edits (62.4877ms)
✔ new stair keeps one stable identity shared width/run and unresolved rise without deriving level elevations (68.7188ms)
✔ invalid dimension raw retains exact text while zero coordinates commit and Enter then blur emits once (56.0772ms)
✔ dirty unit context survives switch and Revert uses current display while preserving physical provenance (66.9862ms)
✔ pending hole size masks only affected net surface while keeping gross basis and unrelated wall quantities (92.6989ms)
✔ explicit floor and ceiling holes deduct independently once and have exact source attachment read model (157.058ms)
✔ numeric and pointer placements reject demonstrated invalid fit without replacing pending text or canonical position (69.8584ms)
✔ dimension correction may retain invalid fit, never silently move endpoints, and pending coordinates block pointer takeover (64.4886ms)
✔ landing dimensions and placement remain independent of stair run and no-deduction areas (110.6845ms)
✔ host ownership guards name dependent endpoints/landings and surface openings; invalid same-level endpoints are rejected (63.6784ms)
✔ endpoint host changes cannot strand an explicit linked deduction (57.7709ms)
✔ shared surface attachments reject duplicates and invalid retargeting without partial writes (35.753ms)
✔ stair deletion unlinks but preserves holes and Undo/Redo restores exact coordinated identities (235.0676ms)
✔ surface opening deletion makes referenced impacts unresolved and one Undo restores hole and impact atomically (242.9836ms)
✔ field/move/landing Undo uses the existing chronological history, preserves unrelated pending fields and reveals target level (320.9057ms)
✔ conflicting pending field blocks history without popping and view/unit changes preserve redo (283.7675ms)
✔ same-value raw resolution, no-op rename and failed placement do not create duplicate committed history (71.6113ms)
✔ stale draft revision and unsupported recovery bytes cannot overwrite the selected draft (56.9945ms)
✔ v3 recovery falls back to v2 without rewriting it and detects fallback races before first accepted write (20.8106ms)
✔ v3 fallback to v1 preserves all older bytes; failed writes retain accepted memory/history and reload empties only session history (117.1949ms)
✔ malformed raw target/current text and forged history source are rejected without normalizing captured data (116.5093ms)
✔ rotation-only and single-attachment Undo preserve unrelated confirmed measurements and exact evidence (342.3438ms)
✔ same physical pointer placement preserves typed provenance and creates no committed history (56.8339ms)
✔ adding older-format drafts never downgrades a mixed schema4 recovery envelope (25.9909ms)
✔ M3D stairs schema4 rejects reused identities, stale endpoints, same-level connections and duplicate exact surface attachments (49.3671ms)
✔ M3D stair upgrade preserves current schema3 values, originals, ownership, profiles and old captures without mutation (6.6693ms)
✔ M3D unresolved destinations and missing stair rise remain explicit without inventing elevations or blocking independent reviewed finishes (20.2532ms)
✔ M3D run excludes independent landings and 90-degree endpoint rotation retains room-local anchors (9.5665ms)
✔ M3D unresolved impacts block only affected selected net surfaces and preserve complete gross basis (25.098ms)
✔ M3D explicit upper floor and lower ceiling 18 square-foot openings deduct once and apply floor waste after net (74.5212ms)
✔ M3D overlapping independent rectangular holes use exact coverage union and no-deduction impact never hides explicit attached holes (31.1568ms)
✔ M3D invalid or unresolved surface measurements keep affected gross and leave other surfaces/walls usable without clamping (31.3734ms)
✔ M3D invalid stair/landing fit remains visible but does not fabricate or block an independent known surface area (12.1104ms)
✔ M3D unconfirmed opening measurements retain provisional net and prevent confirmed snapshot while gross remains independently confirmed (38.388ms)
✔ M3D narrow numerical gaps are not bridged and extreme lost extents fail without a usable net (57.9332ms)
✔ M3D fingerprints bind stair connections, geometry, impacts and evidence while labels/order/camera are presentation (117.5179ms)
✔ M3D stair snapshots capture synchronously, detach, verify integrity and reject incompatible old policies/results (121.045ms)
✔ M3D frozen historical v1/v2/v3 snapshot bytes and calculation hashes remain identical (330.0179ms)
✔ normal production composition denies every legacy route and cannot activate injected fixture identities (131.0161ms)
✔ absent, expired, revoked and invalid identities deny before accessing storage (69.7198ms)
✔ malformed or expired authenticated results do not become principals (26.406ms)
✔ provider exceptions fail closed and never expose provider credentials (6.4802ms)
✔ verified owner and editor round trips retain authorized legacy payload and server-owned workspace (20.0548ms)
✔ workspace A cannot select, list, read, patch or delete B by known workspace and record IDs (22.0998ms)
✔ viewer reads succeed while forged role, owner and user headers cannot authorize direct writes (11.132ms)
✔ workspace owner administration is scoped and editor cannot elevate membership or rename workspace (17.8031ms)
✔ revoked membership and demoted role take effect on the next operation using the same verified session (17.2255ms)
✔ membership changes before repository access cannot rely on identity-time permission (5.45ms)
✔ verified outsider and same subject from another issuer cannot access workspace records (8.004ms)
✔ explicit workspace selection is required and malformed IDs never select the first workspace (13.6459ms)
✔ mass-assignment fields cannot create ownership, move plans or elevate authorization (22.7572ms)
✔ unowned legacy records remain intact and inaccessible with non-disclosing missing-record responses (26.9124ms)
✔ storage read, write and lazy-construction failures are generic, fail closed and do not poison later requests (25.8827ms)
✔ all cookie and bearer mutations require exact trusted origin and explicit request header (103.983ms)
✔ missing trusted origin configuration denies writes without silently trusting request Host (21.336ms)
✔ private responses cannot serve a previous principal or revoked member through conditional cache reuse (7.6477ms)
✔ normal composition keeps parser errors private without echoing input or invoking storage (10.2115ms)
✔ physical routes require verified workspace local context before any request (40.2776ms)
✔ physical revision requests carry exact If-Match/idempotency while authority headers remain runtime-owned (1.1706ms)
✔ idempotency conflicts remain actionable without discarding the verified editor context (1.8001ms)
✔ physical context conflicts invalidate old account generation before any private response can apply (1.3308ms)
✔ autosave starts off; opening or observing an anonymous draft never performs its first upload (98.2913ms)
✔ 1500 ms committed debounce coalesces edits and identity detects names even with the same counter (443.1164ms)
✔ view-only revision counters and repeated mount observations do not create revisions (344.0019ms)
✔ raw text checkpoints exactly, pauses candidates, and Apply resumes without confirmation or scope changes (273.0063ms)
✔ slow response acknowledges its candidate while newer raw work remains checkpointed and unsaved (222.0043ms)
✔ lost response retries immutable key/body/base before sending the newer committed candidate (381.868ms)
✔ quota failure prevents autosave dispatch while explicit Save retains an accurate recovery warning (199.6258ms)
✔ acknowledgement transaction failure keeps the exact request for receipt replay (247.707ms)
✔ context invalidation suspends in-flight work and stale responses cannot advance a local binding (188.4579ms)
✔ Autosave off cancels scheduling before a fresh authorization request resolves (128.4022ms)
✔ recovery forks a fresh branch, preserves raw inputs, and replays only the original uncertain intent (350.0457ms)
✔ unsent recovered stale base is a persistent conflict, including after raw Apply (200.5317ms)
✔ retry budget counts actual sends; observer churn cannot exhaust or duplicate retry timers (439.1991ms)
✔ permanent invalid-payload errors never auto-retry or silently resume after view edits (218.2129ms)
✔ continuous raw typing checkpoints within the two-second maximum wait without sending (404.2212ms)
✔ Save as a new plan retains the old branch, durably prepares a create, and starts Autosave off (68.7139ms)
✔ permission loss preserves the uncertain intent and pauses automatic transmission (166.0129ms)
✔ discovery authorizes each saved plan before returning any associated recovery content (34.0304ms)
✔ fresh-session identity stays suspended while same verified session refresh can reactivate (230.5269ms)
✔ recovery discovery excludes current in-use branches without altering older checkpoints (126.4668ms)
✔ Apply with Autosave off clears stale unfinished-input pause while preserving unsaved status (167.6964ms)
✔ a delayed Autosave toggle never replaces newer canonical edits with its captured draft (78.3264ms)
✔ a slower enable response cannot reverse a newer explicit Autosave off choice (32.9788ms)
✔ archive pause preserves raw fields and every local branch while stopping pending Autosave (230.3958ms)
✔ archive leaves an uncertain accepted save retryable with the exact key and raw newer work (236.325ms)
✔ a fresh archived-save rejection leaves no false retry but permits an explicit independent Save as new (94.6442ms)
✔ enabling Autosave checks current archived state even when the local binding predates archive (88.3551ms)
✔ archived recovery forks exact evidence with Autosave off and leaves its original checkpoint intact (93.2294ms)
✔ a delayed enable cannot undo a newer lifecycle pause and recovery failure refuses archive preparation (30.9398ms)
✔ an older archived receipt cannot reverse a newer restore and still acknowledges the exact saved request (217.196ms)
✔ a stale archived preflight read cannot reverse restore or discard a fresh save candidate (80.8219ms)
✔ a delayed archived rejection cannot reverse a newer restore or leave a falsely retryable request (59.3852ms)
✔ Open observation preserves a newer restore while keeping the opened revision separate and current active drafts enabled (30.9335ms)
✔ a recovery read delayed across restore preserves the original journal and cannot revive its old Autosave preference (91.3468ms)
✔ room-name typing is raw, independently recoverable and excluded from the outgoing envelope until explicit Apply (18.6655ms)
✔ all new name and assignment raw values survive together without committing geometry, quantities or evidence (19.3401ms)
✔ invalid object names remain raw and deletion cannot discard them (22.6697ms)
✔ room assignments are draft-owned pending actions and Apply/Revert preserve other raw inputs (3.1728ms)
✔ typing adds no history while one explicit room-name Apply gives one guarded Undo transaction (27.983ms)
✔ pending room assignment blocks Undo of that assignment and level removal while preserving the candidate (28.561ms)
✔ pending names guard object history, and unrelated name raw survives other committed edits (59.7145ms)
✔ legacy draft caches remain compatible while impossible pending ownership is rejected without reinterpretation (2.1937ms)
✔ Save blocks every room measurement family; applying unknown is deliberate and does not confirm (167.7619ms)
✔ Save sees all opening width height sill and offset edits and reverts only the targeted raw field (124.2643ms)
✔ Save sees pending names on hidden levels and preserves invalid text until Apply or Revert (40.0509ms)
✔ Save sees stair, endpoint, landing, hole and surface-placement pending fields (496.1029ms)
✔ Save sees all zone and cabinet dimension and placement fields (299.1104ms)
✔ Save sees room/zone custom-use and zone/cabinet labels without auto-applying them (132.8597ms)
✔ Save sees waste edits separately from the previously committed request (26.2193ms)
✔ duplicate Save clicks serialize and acknowledge only the submitted local revision (167.4529ms)
✔ loss after commit retries exact original payload/key even after local edits (229.2583ms)
✔ conflict preserves candidate/base and only explicit Save as new removes If-Match binding (194.5397ms)
✔ late Save response after logout cannot acknowledge or persist old private metadata (114.0403ms)
✔ a pending field blocks even retry and sends nothing; captured draft is never mutated (16.6768ms)
✔ accepted revision becomes next save condition; changed-key errors are not network retries (131.9967ms)
✔ a second click after successful acknowledgement of the same local revision is a no-op (81.5642ms)
✔ physical save opens full schema5 geometry, identity, committed request and all retained lineage without mutating source (834.9446ms)
✔ server evaluation binds exact schema5 source, selected work and server revision; stair quantity remains252/25.2/277.2 (647.5806ms)
✔ 12x10x8 and later9ft evaluation leave floor120/ceiling120 while walls change352to396; original capture immutable (39.2174ms)
✔ unknown cleared ceiling height remains saved unknown; independent floor/ceiling stay available and walls blocked (13.4386ms)
✔ empty and incomplete supported drafts can save without fabricated confirmation (14.0158ms)
✔ full persisted content hash detects names and metadata omitted by geometry fingerprints; JSON object key order is irrelevant (19.6135ms)
✔ captured source text and measurement precision survive exact; no legacy metadata reinterpretation (5.5173ms)
✔ explicit review and restoration action evidence survives Save/Open without becoming a fresh confirmation (16.6193ms)
✔ projection omits current editor registry, raw fields, display/view and history stacks, preserving source originals (190.754ms)
✔ all current pending field families fail capture explicitly and leave originals unchanged (196.9873ms)
✔ malformed envelopes, server identity spoofing, invalid references and unsupported versions reject without mutation (291.4214ms)
✔ invented confirmation or modified restoration evidence cannot pass merely by submitting a status flag (3.7438ms)
✔ credential fields, unbounded payloads, accessors, cycles and non-finite values explicitly reject (3.71ms)
✔ legacy schema2/3 save remains explicit unchanged and does not auto-adopt newer document contracts (4.6069ms)
✔ historical snapshot versions and their original serialized source text survive without recalculation or upgrade (121.5519ms)
✔ async evaluation owns the submitted payload and server binding before awaiting fingerprints (15.0375ms)
✔ JSONB-incompatible NUL or lone-surrogate content rejects explicitly while valid Unicode remains exact (15.7817ms)
✔ pending opening-delete command slot is omitted while deleted geometry and performed action evidence remain exact (160.217ms)
✔ captured rectangular layout has actual room and window geometry, room dimensions and source identity (30.2197ms)
✔ door top left inward preserves editor clockwise handing and swing path (11.1946ms)
✔ door top left outward preserves editor clockwise handing and swing path (5.4821ms)
✔ door top right inward preserves editor clockwise handing and swing path (18.9198ms)
✔ door top right outward preserves editor clockwise handing and swing path (4.504ms)
✔ door right left inward preserves editor clockwise handing and swing path (5.5017ms)
✔ door right left outward preserves editor clockwise handing and swing path (3.8589ms)
✔ door right right inward preserves editor clockwise handing and swing path (3.8711ms)
✔ door right right outward preserves editor clockwise handing and swing path (5.0501ms)
✔ door bottom left inward preserves editor clockwise handing and swing path (3.4514ms)
✔ door bottom left outward preserves editor clockwise handing and swing path (6.0853ms)
✔ door bottom right inward preserves editor clockwise handing and swing path (5.7393ms)
✔ door bottom right outward preserves editor clockwise handing and swing path (3.9012ms)
✔ door left left inward preserves editor clockwise handing and swing path (3.3307ms)
✔ door left left outward preserves editor clockwise handing and swing path (2.9726ms)
✔ door left right inward preserves editor clockwise handing and swing path (4.3135ms)
✔ door left right outward preserves editor clockwise handing and swing path (3.1352ms)
✔ asymmetric top opening center uses captured clockwise wall offset (3.4331ms)
✔ asymmetric right opening center uses captured clockwise wall offset (3.8261ms)
✔ asymmetric bottom opening center uses captured clockwise wall offset (9.1747ms)
✔ asymmetric left opening center uses captured clockwise wall offset (7.645ms)
✔ sliding doors keep captured style without adding a hinged swing (7.1563ms)
✔ shared door has a gap on each attachment but only one primary swing (12.2639ms)
✔ overlapping coordinates on different levels remain isolated; display order and empty levels are explicit (16.4123ms)
✔ schema5 renders captured stairs, endpoint landings, surface openings, zones and cabinet blocks using room-local bounds (60.4441ms)
✔ unsupported surface geometry stays in its schedule without a fabricated rectangle (11.9422ms)
✔ unknown dimensions and absent placements are reported without positions or zero-sized placeholders (9.6112ms)
✔ invalid opening fit is not silently clamped onto its room wall (3.6158ms)
✔ large translated coordinates retain readable normalized geometry while lost numeric extents are explicit (22.0754ms)
✔ historical drawing is deterministic and leaves complete frozen capture unchanged: m3b-v1-snapshot.json (16.6596ms)
✔ historical drawing is deterministic and leaves complete frozen capture unchanged: m3d-v2-snapshot.json (15.6399ms)
✔ historical drawing is deterministic and leaves complete frozen capture unchanged: m3d-v3-snapshot.json (15.6116ms)
✔ historical drawing is deterministic and leaves complete frozen capture unchanged: m3d-v4-snapshot.json (16.4872ms)
✔ untrusted names and IDs are escaped in HTML and SVG and cannot inject CSS, scripts or network requests (7.0523ms)
✔ metric drawing dimensions do not change geometry, and print CSS keeps each level separate with paginating schedules (4.2845ms)
✔ local export captures rich schema five without rewriting draft, evidence or selected work (485.656ms)
✔ local export refuses pending dimension without changing raw text (5.7883ms)
✔ local export refuses pending waste without changing raw text (4.0796ms)
✔ captured report remains bound to its original geometry when later edits commit (31.573ms)
✔ CSV independently parses exact selected quantities, deductions, waste and identity counts (137.0036ms)
✔ metric display rounds at the boundary and canonical columns retain every captured amount (77.9344ms)
✔ a height change is a distinct capture: walls change, floor and ceiling remain unchanged (76.7816ms)
✔ clearing ceiling height retains floor quantities and explicit unavailable walls (40.1118ms)
✔ a usable room subtotal never becomes the selected total when another room lacks dimensions (7.6328ms)
✔ unconfirmed dimensions remain provisional even with complete scope coverage (5.3922ms)
✔ unsupported vaulted ceiling reports its reason and never substitutes verified flat-ceiling quantities (9.4707ms)
✔ historical immutable capture keeps its exact versions and totals: m3b-v1-snapshot.json (73.4566ms)
✔ historical immutable capture keeps its exact versions and totals: m3d-v2-snapshot.json (74.5759ms)
✔ historical immutable capture keeps its exact versions and totals: m3d-v3-snapshot.json (75.7517ms)
✔ historical immutable capture keeps its exact versions and totals: m3d-v4-snapshot.json (115.8034ms)
✔ current layout-version capture retains source groups, height, style and layout data unchanged (71.6474ms)
✔ spreadsheet formula names, including hidden leading whitespace/newlines, are inert cells (364.9767ms)
✔ CSV quoted commas, quotes, Unicode and multiline names survive independent parsing (34.047ms)
✔ HTML escapes names and evidence in every context, with no scripts or network elements (34.4893ms)
✔ saved provenance distinguishes verified server identities from captured source revision (34.6967ms)
✔ many long Unicode room names stay complete with print pagination and repeated table headers (56.9185ms)
✔ empty captured scope is not labeled a complete takeoff (3.7046ms)
✔ renderer never recalculates a captured evaluation or mutates supplied bytes (70.4227ms)
✔ invalid display or provenance options fail explicitly (21.632ms)
✔ 10 by 12 feet contributes its 44-foot perimeter once with no openings (1.0593ms)
✔ one 3-foot door deducts from both baseboard and base shoe (1.1959ms)
✔ elevated windows never add another perimeter or deduct trim (0.2108ms)
✔ 3-foot and 2.5-foot doors deduct exactly once for 38.5 feet of trim (0.2196ms)
✔ 32-inch entered widths retain their precision and their own size group (0.3659ms)
✔ legacy doors without dimension properties retain their pixel-width conversion (0.3362ms)
✔ invalid historical dimension properties fall back to a valid legacy pixel size (0.1554ms)
✔ fractional entered inches are not rounded for deductions or grouping (0.1761ms)
✔ all supported door styles use the entered opening width (0.2254ms)
✔ conflicting legacy widths produce a review warning without rewriting data (0.2625ms)
✔ consistent widths and conversion precision do not produce false review warnings (0.1352ms)
✔ multiple rooms contribute independently and calculations never mutate sketches (0.2075ms)
✔ an empty sketch has no material quantities (0.1408ms)
✔ known confirmation is explicit, timestamped, detached and repeatable (4.3392ms)
✔ unknown or conflicting measurements cannot be confirmed implicitly (1.1421ms)
✔ candidate resolution requires an explicit existing index and never chooses the first (2.0059ms)
✔ candidate evidence and returned measurement do not alias the source or event (0.6491ms)
✔ correction invalidates previous confirmation and retains original evidence in the event (0.5543ms)
✔ even a same-value correction resets confirmation; unknown can be filled explicitly (0.4132ms)
✔ corrections require positive known new evidence, with zero allowed only for elevations (1.2062ms)
✔ actions reject missing/malformed timestamps, unknown actions and extra fields (0.7865ms)
✔ room resize returns invalid opening fit without moving openings or changing unrelated evidence (11.3938ms)
✔ document actions validate explicit targets and require v2 (1.7563ms)
✔ current readiness clears after resolution and confirmation despite retained historical warnings (4.5407ms)
✔ legacy original JSON, unknown metadata and v2 reprocessing survive explicit correction (3.6383ms)
✔ history rejects stale revisions and foreign draft identities without consuming either stack (124.7194ms)
✔ missing targets, reused domain IDs and mutation of frozen state fail without erasing history (62.0403ms)
✔ failed targeted opening recovery preserves the newer chronological undo entry (56.494ms)
✔ correcting and undoing an imported conflict restores exact candidates, provenance and original JSON (44.6418ms)
✔ undo of an entered imported unknown restores its reason; clear/undo keeps exact retained evidence (48.214ms)
✔ old v1/v2 snapshots still verify after correcting, undoing and redoing a confirmed imported value (129.8171ms)
✔ explicit measurement/model confirmation and candidate resolution create visible chronological boundaries (163.4035ms)
✔ undo preserves unrelated raw text and old unit contexts, but blocks the conflicting field until Revert (81.2873ms)
✔ undoing output removal restores its exact request order without overwriting another output raw field (50.5065ms)
✔ one committed room transaction updates quantities; raw typing and Enter/blur do not add steps (67.4435ms)
✔ room creation reuses exact IDs on redo, respects active units, and does not copy original source into history (21.471ms)
✔ name editing coalesces one explicit session and returning to the initial name leaves no transaction (47.172ms)
✔ clear restores exact known value and unknown again without inventing a shared measurement event (22.806ms)
✔ formerly confirmed correction undo and repeated redo stay unconfirmed with immutable prior evidence (87.1663ms)
✔ model declaration undo appends actual declare transition and never restores a previous approval (31.3944ms)
✔ opening move and dimension undo retain identity, style, other raw fields and exact physical coordinates (116.9989ms)
✔ opening creation and general deletion restore IDs and clean fields in the active metric display (63.7566ms)
✔ zero opening sill is restored as zero, and unknown sill remains unresolved (63.7681ms)
✔ opening appearance and measurement basis are separate reversible committed transactions (82.6953ms)
✔ opening delete restores previous targets only without later scope interaction and preserves later waste raw edits (74.0122ms)
✔ waste undo is guarded by pending raw; Revert does not erase redo or rewind scope revision (19.8883ms)
✔ scope and policy transactions undo precisely without changing quantities source or unrelated raw waste (55.0617ms)
✔ a new committed branch clears redo while raw edits, Revert, same-value name and unit switches preserve it (26.0953ms)
✔ history is bounded to fifty committed transactions and independently retained per draft (618.9511ms)
✔ recovery retains latest committed state and typed evidence but deliberately starts empty history (29.0058ms)
✔ failed recovery writes preserve old bytes while accepting memory edit and its Undo/Redo atomically (8.792ms)
✔ corrupt restoration evidence is rejected without overwriting stored bytes (19.3781ms)
✔ forged stale source restoration and forged dimension zero fail typed recovery validation (10.3616ms)
✔ existing targeted deletion recovery establishes one explicit boundary after success (28.0774ms)
✔ general Redo of an original delete renews its bounded targeted recovery without creating recovery for Undo creation (43.5555ms)
✔ explicit feet and inches use physical millimeters (3.8201ms)
✔ compound feet/inches, decimal feet and metric inputs agree (0.8509ms)
✔ long unit names, uppercase and decimal metric inputs are explicit (0.4282ms)
✔ fractional inch source and denominator retain intended precision (1.0375ms)
✔ compound fractional inches retain each component and do not snap (0.2677ms)
✔ equal decimal values retain distinct input precision (0.2983ms)
✔ bare input needs a unit; explicit suffix takes precedence (0.8757ms)
✔ invalid dimensions reject zero and negative values (0.5628ms)
✔ zero elevation and negative presentation coordinate are valid distinct contexts (0.4187ms)
✔ unknown values remain explicit and cannot carry a fabricated zero (0.3413ms)
✔ malformed and partially parsed strings fail rather than truncating (0.3004ms)
✔ invalid fractions and fractions in unsupported units reject (0.2408ms)
✔ nonfinite, overflow and unrepresentable precision fail explicitly (0.8168ms)
✔ formatting rounds display only and requires valid precision (0.4933ms)
✔ square units convert separately and never use a length factor once (0.2916ms)
✔ physical comparison tolerance does not quantize stored values (0.2629ms)
✔ empty plans have no bounds, while zero extents are left for the viewport to handle (1.67ms)
✔ negative and distant fractional rooms produce bounds in their actual coordinate system (0.2087ms)
✔ top outswing fits both stored hinge sides using actual door width (0.3757ms)
✔ right outswing fits both stored hinge sides using actual door width (0.1846ms)
✔ bottom outswing fits both stored hinge sides using actual door width (0.2241ms)
✔ left outswing fits both stored hinge sides using actual door width (0.1381ms)
✔ sliding doors add their real bar bounds without an invisible swing extent (0.147ms)
✔ large inward swings and bars remain included even when legacy geometry exceeds room extents (0.1772ms)
✔ legacy doors preserve the rendered40px bar and60px swing, not their conflicting saved size (0.1839ms)
✔ horizontal legacy windows use actual saved width beyond the room, independent of height metadata (0.2129ms)
✔ vertical legacy windows use actual saved width and off-center attachment (0.1281ms)
✔ bounds preserve frozen saved rooms, openings, optional fields and custom metadata (0.3379ms)
✔ M2C Q-001: independent known answers for all ten outputs, selected top face and waste (39.5359ms)
✔ M2C net walls independently derive gross basis without a separate gross output selection (3.2649ms)
✔ M2C missing window height preserves floor/gross and labels the 256 sq ft partial net subtotal (29.0853ms)
✔ M2C known unconfirmed dimensions produce provisional numbers, never confirmed results (14.3004ms)
✔ M2C known measurements marked needs-review remain blocked rather than provisional (2.0797ms)
✔ M2C unresolved/conflicting widths block relevant quantities but preserve unrelated floor work (10.9694ms)
✔ M2C no openings and elevated windows preserve gross perimeter floor runs (16.2383ms)
✔ M2C multiple separated zero-sill doors deduct each actual interruption once (2.8098ms)
✔ M2C precise 32-inch door and fractional/metric equivalents retain physical quantities (12.474ms)
✔ M2C shared physical door inventory once, deductions and casing per explicitly selected attachment (3.5274ms)
✔ M2C crown deducts explicit full-height gaps and leaves ordinary openings intact (8.2276ms)
✔ M2C explicit basis mismatch blocks opening-derived work without rewriting measurements (2.3523ms)
✔ M2C invalid and duplicate selections are contract errors; empty selections select nothing (4.3991ms)
✔ M2C invalid relevant geometry stays unavailable and unrelated floor work remains usable (11.2313ms)
✔ M2C accepted boundary tolerance intersects effective deductions without changing raw dimensions (6.2967ms)
✔ M2C accepted overlap is unioned once in trim and wall rectangles; positive tiny gaps remain gaps (4.7265ms)
✔ M2C stacked rectangles with a positive vertical gap deduct separate areas without bridging the gap (3.0915ms)
✔ M2C finite oversized dimensions, product overflow, underflow and waste overflow have structured errors (4.9854ms)
✔ M2C aggregate addition overflow leaves individual rows inspectable without a selected total (1.872ms)
✔ M2C multi-room allowance and adjusted aggregate sum rows without a second waste application (2.8426ms)
✔ M2C frozen source remains unchanged; owned results and evidence are deeply detached and frozen (26.2887ms)
✔ M2C viewport/metadata changes do not affect quantities or introduce presentation in results (15.4607ms)
✔ M2C explicit legacy adaptation preserves JSON and idempotency without implicit calculation migration (4.3589ms)
✔ M2C malformed/cyclic/nonfinite v2 data returns a contract error, never a fabricated zero (2.2693ms)
✔ M2C deterministic properties: valid deductions bounded, waste monotone, sums reconcile, selection order irrelevant (538.8521ms)
✔ M2C result schemas reject unit/status/extra-field tampering and nonfinite quantities (41.6422ms)
✔ M2C direct engine rejects accessors and sparse request arrays without invoking getters (3.2325ms)
✔ M2C partial subtotal explicitly retains provisional included measurements (4.535ms)
✔ M2C materially shortened spans at large offsets or elevations block trim, wall and casing quantities (2.796ms)
✔ M2C ordinary narrow in-bounds openings retain quantities and label roundoff without invented boundary clipping (2.8868ms)
✔ M2C fully absorbed waste and aggregate contributions return arithmetic precision errors (2.2425ms)
✔ M2C fully absorbed nonzero deductions are unavailable rather than silently omitted (1.2939ms)
✔ M2C narrow M2B regression: large-coordinate exact spans do not inflate the 0.01mm overrun tolerance (1.874ms)
✔ M2C narrow M2B regression: large-coordinate exact spans do not inflate the floor overlap tolerance (1.5579ms)
✔ Q-001 has sufficient valid confirmed dependencies for all selected quantities, without totals (21.9106ms)
✔ missing ceiling height does not block floor, flat ceiling, floor trim or ordinary crown (3.7196ms)
✔ missing window height blocks its net face but not gross area or floor-level runs (3.0949ms)
✔ unknown sill cannot be assumed elevated; known elevated windows do not need width for floor runs (4.2951ms)
✔ unresolved door width blocks only selected width-dependent work (2.1761ms)
✔ numeric availability, invalid geometry and confirmation remain independent (2.9273ms)
✔ known measurement carrying needs-review provenance stays numerically available but unresolved (1.1168ms)
✔ missing dimensions on an unselected wall/room do not block selected work (1.4009ms)
✔ floor-level width and sill suffice for trim even when opening height is unknown (1.6816ms)
✔ overlapping floor interruptions have a local interval error without requiring heights (1.5196ms)
✔ explicit floor-level kind with elevated sill invalidates floor-run classification (1.0392ms)
✔ crown ignores ordinary openings and validates only explicitly selected full-height gaps (1.8917ms)
✔ shared opening supplies one identity basis and two independent selected deduction/casing faces (2.112ms)
✔ inventory needs identities, not dimensions, and rejects unsupported same-room shared relationships (0.9869ms)
✔ casing reports exact neighboring opening whose missing extent prevents overlap validation (1.312ms)
✔ empty scopes stay empty for every selection type (0.9285ms)
✔ invalid IDs, repeated IDs/outputs, wrong kinds and unattached casing faces are errors (2.6238ms)
✔ unsupported policy, document mismatch and malformed options fail without rewriting history (1.5067ms)
✔ waste is explicit decimal fraction, finite and nonnegative, without applying it (3.422ms)
✔ nominal, clear, finished and rough bases stay distinct and are never converted (3.5916ms)
✔ malformed v2 produces detailed structural errors rather than a readiness claim (1.6226ms)
✔ frozen request and document produce repeatable detached readiness without history blockers (3.3598ms)
✔ floor-run overlap uses endpoint magnitudes at the 0.01mm tolerance boundary (5.352ms)
✔ unknown ceiling on the other shared face does not block selected known face (1.0806ms)
✔ canonical JSON sorts object keys by UTF-16, preserves arrays and special own keys (2.3494ms)
✔ canonical JSON rejects coercion, sparse arrays, accessors, cycles and excess depth (0.8805ms)
✔ platform SHA-256 matches independent Node crypto over the documented canonical bytes (6.9478ms)
✔ calculation content/fingerprints repeat without fabricating a saved revision (94.1887ms)
✔ viewport, presentation, names, arbitrary metadata and legacy original do not change calculation fingerprints (42.985ms)
✔ geometry changes change both hashes; provenance/confirmation change only content hash (94.6841ms)
✔ selection, waste, opening basis and source identity are bound to calculation content (15.0293ms)
✔ object insertion order is irrelevant to calculation fingerprints (33.8168ms)
✔ snapshot owns stable frozen source/result copies and captures before the first asynchronous hash (84.2779ms)
✔ snapshot IDs/timestamps do not change deterministic calculation content (46.2739ms)
✔ confirmed snapshots reject provisional, blocked, empty and known-needs-review selections (16.1444ms)
✔ confirmation gate applies only selected outputs; inventory explicitly needs no dimension confirmation (6.8862ms)
✔ snapshot validates metadata and version, and independently detects quantity/source tampering (83.817ms)
✔ legacy originals and supplied measurement action evidence are detached and retained in snapshots (10.5393ms)
✔ display formatting is explicit and never changes canonical engine amounts (3.9543ms)
✔ snapshot rejects impossible or target-incompatible measurement events (21.7915ms)
✔ Quick Rooms starts with no verified zero project or invented dimensions (16.3959ms)
✔ entered 12x10x8 uses the real engine for 120 floor, 120 ceiling and 352 gross walls (12.9816ms)
✔ clearing ceiling height keeps floor and ceiling available, gross walls unavailable (9.4187ms)
✔ invalid visible edits mask stale dependent values without mutating canonical measurements (12.9554ms)
✔ valid but uncommitted text and blank typing also hide prior totals (4.6895ms)
✔ zero, negative, exponent and invalid fractions never become valid dimensions (18.9454ms)
✔ equivalent imperial and metric syntax preserves the same 3810 mm length (1.093ms)
✔ fractional text is not reformatted on typing or commit (0.6115ms)
✔ Enter plus blur commits once and repeating unchanged edits is a no-op (0.5849ms)
✔ committed unit changes change presentation only and retain original provenance (5.4407ms)
✔ an unresolved bare value retains feet context when project display changes to meters (4.3945ms)
✔ clearing an old-unit edit releases its context before a new bare metric measurement (1.862ms)
✔ resolving an old-unit edit converts presentation to the selected unit while retaining parsed evidence (1.6548ms)
✔ new metric fields use metric context without affecting older dirty fields (0.4448ms)
✔ duplicate creates independent IDs and state; editing its length yields project 270 and 752 (17.0659ms)
✔ duplicate resets known confirmation, preserves unresolved candidates and clones presentation (1.8736ms)
✔ duplicate preserves incomplete form context and masks copied stale values (4.2726ms)
✔ unsupported openings and future physical properties are rejected without lossy duplication (2.6096ms)
✔ room ID collisions include existing wall IDs and never mutate the input (3.1732ms)
✔ rename and intended removal affect only the selected room while retaining action evidence (2.8247ms)
✔ preview is detached and only selects room-only zero-waste quantities (1.161ms)
✔ storage round-trip retains raw edits, unit contexts and action evidence without quantity totals (5.1007ms)
✔ unit-switched clean presentation recovers without rescaling or confirming canonical dimensions (3.7563ms)
✔ missing, corrupt, unsupported and future cache contents are classified without rewriting (2.3555ms)
✔ cache rejects nonfinite measurements, stale field sets and duplicate physical IDs (6.8554ms)
✔ cache never trusts forged clean flags while visible text disagrees with canonical values (10.2725ms)
✔ cache rejects restored confirmation and identified revisions instead of implying authority (3.7698ms)
✔ cache validates captured actions with existing replay rules (3.1983ms)
✔ cache rejects unsupported content instead of dropping it, including document extras (7.8327ms)
✔ serialization rejects cyclic/exotic input rather than omitting or coercing original data (5.9556ms)
✔ historical correction evidence survives clearing and removing its original target (2.296ms)
✔ explicit groups expand without merging touching ungrouped rooms or opening identity (1.2892ms)
✔ group deletion undo restores every member and opening without replacing later unrelated edits (0.2517ms)
✔ legacy API validates optional group and window metadata without changing old sketches (2.8675ms)
ℹ tests 693
ℹ suites 0
ℹ pass 693
ℹ fail 0
ℹ cancelled 0
ℹ skipped 0
ℹ todo 0
ℹ duration_ms 8470.2771
