✔ CDN packaging copies only the client, preserves standalone/server source, and removes stale generated assets (24.6365ms)
✔ existing unmanaged public files are preserved and cause a clear refusal (5.9607ms)
✔ edits to previous generated assets are preserved instead of silently erased (8.0942ms)
✔ a private file mixed into build output cannot be published (4.8117ms)
✔ generated handler stays outside CDN assets and refuses to overwrite owner edits (9.8721ms)
8:45:56 PM [express] GET /api/auth/session 200 in 1ms
8:45:56 PM [express] GET /api/auth/session 200 in 0ms
8:45:56 PM [express] GET /api/physical-plans 503 in 0ms
8:45:56 PM [express] GET /api/floor-plans 503 in 0ms
8:45:56 PM [express] GET /api/unknown-artifact-route 404 in 0ms
8:45:56 PM [express] GET /api/auth/callback 303 in 1ms
✔ actual Vercel artifact retains complete routing and a cold, production-only API handler (478.2338ms)
ℹ tests 6
ℹ suites 0
ℹ pass 6
ℹ fail 0
ℹ cancelled 0
ℹ skipped 0
ℹ todo 0
ℹ duration_ms 617.6985
