> rest-express@1.0.0 test:authorization:db
> node --import tsx --test tests/database/authorization.test.ts

✔ additive migration preserves old users and every legacy payload field without assigning ownership (149.6212ms)
✔ actual PostgreSQL CRUD enforces roles and assigns validated workspace outside the legacy DTO (31.8019ms)
✔ known other-workspace IDs and workspace selections never disclose or mutate B records (27.5551ms)
✔ viewer reads succeed but all writes and editor membership administration fail (22.3714ms)
✔ issuer and subject jointly identify a current principal; malformed, forged and nonmember identities deny (12.1189ms)
✔ membership revocation/demotion and principal/identity revocation take effect on the next operation (19.0058ms)
✔ mass-assigned authority is rejected while nested drawing metadata remains inert and compatible (29.6911ms)
✔ unowned legacy records stay inaccessible despite known IDs and remain unmodified (22.898ms)
✔ only current owners administer existing memberships and cannot remove the last active owner (22.2037ms)
✔ database constraints reject dangling ownership, duplicate identity and invalid roles (41.6286ms)
✔ an in-flight mutation waits for workspace membership changes and rechecks the committed role (19.578ms)
✔ a protected write holds its authorization lock until commit and revocation waits, then denies subsequent writes (89.436ms)
✔ simultaneous owner demotions serialize and leave one active owner (15.7675ms)
✔ missing or malformed database binding and repository failures never fall back to unscoped data (9.0423ms)
✔ actual HTTP middleware and routes enforce scoped PostgreSQL persistence with private responses (70.1864ms)
ℹ tests 15
ℹ suites 0
ℹ pass 15
ℹ fail 0
ℹ cancelled 0
ℹ skipped 0
ℹ todo 0
ℹ duration_ms 1309.8283
