powershell.exe : node:internal/modules/cjs/loader:1568
At
[isolated-workspace]\run_final_checks.ps1:38
char:2
+  & $check.tool @arguments *> (Join-Path $evidence ('final-'+$check.na ...
+  ~~~~~~~~~~~~~~~~~~~~~~~~~~~~~~~~~~~~~~~~~~~~~~~~~~~~~~~~~~~~~~~~~~~~
    + CategoryInfo          : NotSpecified: (node:internal/modules/cjs/loader:1568:String) [], RemoteException
    + FullyQualifiedErrorId : NativeCommandError

  throw err;
  ^

Error: Cannot find module
'C:UsersaaronDocumentsCodex2026-09-06do-we-have-a-local-folderworkm4-database-readinessevidenceblock-network.cjs'
Require stack:
- internal/preload
    at Module._resolveFilename (node:internal/modules/cjs/loader:1564:15)
    at wrapResolveFilename (node:internal/modules/cjs/loader:1118:27)
    at defaultResolveImplForCJSLoading (node:internal/modules/cjs/loader:1142:10)
    at resolveForCJSWithHooks (node:internal/modules/cjs/loader:1169:12)
    at Module._load (node:internal/modules/cjs/loader:1341:5)
    at wrapModuleLoad (node:internal/modules/cjs/loader:261:19)
    at Module.require (node:internal/modules/cjs/loader:1674:12)
    at node:internal/modules/cjs/loader:2221:12
    at loadPreloadModules (node:internal/process/pre_execution:732:5)
    at initializeModuleLoaders (node:internal/process/pre_execution:244:5) {
  code: 'MODULE_NOT_FOUND',
  requireStack: [ 'internal/preload' ]
}

Node.js v24.21.0
