
> rest-express@1.0.0 test:database:privileges
> node --import tsx --test tests/database/provider-privileges.test.ts

✔ bootstrap creates the exact base then unchanged migrations yield fourteen forced-RLS tables with no seeded identities (318.7833ms)
✔ bootstrap refuses existing tables transactionally and preserves their contents (5.7025ms)
✔ real restricted login completes account provisioning and FOR SHARE locks without permitting identity rewrites (76.7275ms)
✔ restricted legacy CRUD uses its one sequence and keeps null-owned historical sketches inaccessible (28.2904ms)
✔ physical save, append, duplicate, archive and restore preserve immutable envelopes under runtime grants (106.4276ms)
✔ connect-pg-simple performs real get/upsert/touch/destroy using the restricted runtime login (58.452ms)
✔ PUBLIC and Data API roles cannot read any application table, sequences or helper functions (13.9587ms)
✔ runtime has no owner escalation, DDL, trigger, truncate or inert-user privileges (2.1602ms)
✔ new owner-created objects do not regain default API privileges or PUBLIC function execution (3.058ms)
✔ hardening refuses unexpected existing column grants, policies and unsafe membership before changing grants (982.4854ms)
✔ migration setup reserves one administrative connection while unrelated pooled queries retain their role and search path (453.4414ms)
✔ a later migration failure preserves earlier committed steps and resets the reserved administrative session (309.4793ms)
ℹ tests 12
ℹ suites 0
ℹ pass 12
ℹ fail 0
ℹ cancelled 0
ℹ skipped 0
ℹ todo 0
ℹ duration_ms 3053.0246
