
> rest-express@1.0.0 test:accounts
> node scripts/run-accounts-tests.mjs

Running separate OIDC protocol/session suite (synthetic HTTPS and PostgreSQL).
✔ real HTTPS discovery, S256 code exchange and verified signing keys create exact issuer/subject and rotate opaque session (991.7915ms)
✔ production OIDC client rejects wrong-issuer without creating an authenticated session (25.1192ms)
✔ production OIDC client rejects wrong-audience without creating an authenticated session (20.0713ms)
✔ production OIDC client rejects wrong-azp without creating an authenticated session (19.2909ms)
✔ production OIDC client rejects wrong-nonce without creating an authenticated session (19.0499ms)
✔ production OIDC client rejects wrong-signature without creating an authenticated session (18.6652ms)
✔ production OIDC client rejects expired-token without creating an authenticated session (17.9931ms)
✔ production OIDC client rejects expired-code without creating an authenticated session (18.0746ms)
✔ production OIDC client rejects wrong-pkce without creating an authenticated session (18.3394ms)
✔ production OIDC client rejects wrong-state without creating an authenticated session (13.5608ms)
✔ production OIDC client rejects token-failure without creating an authenticated session (16.5675ms)
✔ production OIDC client rejects missing-id-token without creating an authenticated session (16.604ms)
✔ production OIDC client rejects malformed-token without creating an authenticated session (17.1404ms)
✔ provider cancellation and malformed/repeated callback parameters return only sanitized local outcomes (23.3706ms)
✔ callback is one-time and concurrent callbacks cannot both authenticate or overwrite the winning cookie (44.8465ms)
✔ concurrent independent login attempts retain distinct correlation and stale success cannot replace newer identity (32.2102ms)
✔ logout revokes the server context and stale pre-logout callback cannot restore it (36.9536ms)
✔ session and outstanding login correlation survive actual application-process recreation (934.746ms)
✔ server enforces idle_expires_at independently of browser cookie (42.1891ms)
✔ server enforces absolute_expires_at independently of browser cookie (28.534ms)
✔ same email from a different configured issuer does not merge principals (1814.2428ms)
✔ workspace creation retries are atomic, selection explicit, and old context/forged role cannot write (255.7994ms)
✔ principal disablement and active membership revocation remain effective for real signed-in sessions (71.9325ms)
✔ login and logout require exact trusted Origin, request marker and current context; return paths are allowlisted (23.495ms)
✔ discovery outage and mismatched metadata fail closed and a later valid discovery recovers (1850.2689ms)
✔ unconfigured normal composition remains unavailable and cannot use synthetic headers or ambient database access (1529.365ms)
✔ fixture certificate is not trusted outside the scoped Node process trust configuration (67.5733ms)
✔ actual mismatched S256 challenge is rejected by issuer rather than a synthetic token error (139.1827ms)
✔ expired durable login transaction rejects callback before exchanging the issuer code (20.0401ms)
✔ logout during a real token exchange defeats its late success without overwriting the logout cookie (435.2628ms)
✔ a stale exchange cannot destroy the shared anonymous session of a newer pending login (444.2296ms)
✔ actual OIDC owner/editor/viewer sessions retain server-enforced legacy CRUD and cross-workspace denials (198.6504ms)
ℹ tests 32
ℹ suites 0
ℹ pass 32
ℹ fail 0
ℹ cancelled 0
ℹ skipped 0
ℹ todo 0
ℹ duration_ms 9406.4916
Running separate account browser suite (synthetic HTTPS and PostgreSQL).

Running 8 tests using 1 worker

npm.cmd : (node:21304) Warning: The 'NO_COLOR' env is ignored due to the 'FORCE_COLOR' env being set.
At
[isolated-workspace]\run_final_checks.ps1:38
char:2
+  & $check.tool @arguments *> (Join-Path $evidence ('final-'+$check.na ...
+  ~~~~~~~~~~~~~~~~~~~~~~~~~~~~~~~~~~~~~~~~~~~~~~~~~~~~~~~~~~~~~~~~~~~~
    + CategoryInfo          : NotSpecified: ((node:2... env being set.:String) [], RemoteException
    + FullyQualifiedErrorId : NativeCommandError

(Use `node --trace-warnings ...` to show where the warning was created)



(node:21304) Warning: The 'NO_COLOR' env is ignored due to the 'FORCE_COLOR' env being set.
(Use `node --trace-warnings ...` to show where the warning was created)

[1/8] tests\accounts\account-sessions.spec.ts:238:1 › real OIDC redirect preserves unapplied local dimensions, opening and waste without assigning or uploading them
[2/8] tests\accounts\account-sessions.spec.ts:280:1 › private legacy records cannot enter unassigned recovery or reappear after A signs out and B signs in
[3/8] tests\accounts\account-sessions.spec.ts:343:1 › same-page workspace switches preserve exact raw fields, evidence and committed Undo history in separate contexts
[4/8] tests\accounts\account-sessions.spec.ts:376:1 › cross-tab logout and identity change hide old private rows and reject an old session-context operation
[5/8] tests\accounts\account-sessions.spec.ts:441:1 › provider cancellation and token failure return to local recovery without exposing protocol parameters
[6/8] tests\accounts\account-sessions.spec.ts:477:1 › failed recovery prevents redirect and logout while preserving current pending input in memory
[7/8] tests\accounts\account-sessions.spec.ts:505:1 › phone account controls preserve a valid unapplied field on pointer and keyboard focus transfer
[8/8] tests\accounts\account-sessions.spec.ts:556:1 › only the fixture certificate pin permits the isolated HTTPS origin
  8 passed (22.4s)
