
> rest-express@1.0.0 test
> node scripts/run-tests.mjs

✔ server-saved records cannot be fetched into an unassigned local context (26.9961ms)
✔ a protected operation binds both workspace and the noncredential session epoch (1.5857ms)
✔ a multi-step save cannot use a fresh cookie to finish a previous account operation (1.8645ms)
✔ a response body resolving after an account change cannot become a private record (1.9718ms)
✔ invalidation supersedes an in-flight session read without leaving the account permanently checking (0.7572ms)
✔ an account button initiated as A never performs the action after preflight discovers B (0.4685ms)
✔ same-identity revalidation resumes only the context suspended in this page (0.5163ms)
✔ failed local checkpoint retains memory and original bytes without clearing another draft (1.5761ms)
✔ context storage cannot silently read the unassigned draft or a different principal workspace (1.3124ms)
✔ a protected action waiting for revalidation cannot acquire a newly resumed context (7.1123ms)
✔ a checkpoint after an initially denied storage read cannot mask an unread older recovery key (0.8835ms)
✔ a quota-only failure after validated hydration can checkpoint the exact retained draft when storage recovers (10.9559ms)
✔ OIDC configuration requires every trusted server binding and never uses ambient identity hints (1.7834ms)
✔ OIDC configuration rejects insecure URLs, dynamic discovery, redirects and invalid credentials (0.7249ms)
✔ confidential client methods require an explicit secret and retain exact issuer/subject trust (0.2176ms)
✔ OIDC return targets are a fixed application route allowlist (0.1765ms)
✔ database URL is decoded once into explicit database credentials and a numeric port (6.0949ms)
✔ only exact loopback hosts default to plaintext; other hosts require verified TLS (1.656ms)
✔ sslmode=require and verify-full both verify the configured hostname in both drivers (0.8519ms)
✔ TLS can be explicitly enabled for loopback and verifies IP certificate identity (0.2185ms)
✔ custom PEM trust is validated and applied identically without accepting certificate paths (0.85ms)
✔ verified TLS refuses the global verification bypass instead of silently weakening transport (0.2109ms)
✔ all unsupported, duplicate, conflicting, and downgrade URL parameters fail closed (0.5298ms)
✔ missing or ambiguous binding fields fail without secret details in errors (0.4083ms)
✔ serverless defaults limit each driver pool and transaction mode disables named preparation (0.2268ms)
✔ explicit pool limits and connection mode are bounded and never guessed from provider hostnames (0.8813ms)
✔ installed drivers retain explicit endpoint, database, empty password, SSL, and pool settings despite PG environment (16.5109ms)
✔ installed Postgres.js preserves literal IPv6 rather than splitting it as host:port (6.2032ms)
✔ createDatabase keeps the explicit binding interface and public error class (5.6568ms)
✔ invalid transport configuration makes trusted account configuration unavailable (1.0586ms)
✔ door hand follows back-to-hinge facing-latch convention and encodes losslessly (1.1897ms)
✔ reversing swing keeps the stored hinge while displayed hand changes (0.2105ms)
✔ top wall preserves saved opening bar, swing origin and rotation (0.8322ms)
✔ right wall preserves saved opening bar, swing origin and rotation (0.1262ms)
✔ bottom wall preserves saved opening bar, swing origin and rotation (0.169ms)
✔ left wall preserves saved opening bar, swing origin and rotation (0.0882ms)
✔ stored right / inward keeps the leaf and closes only its actual quarter-circle sector (0.1767ms)
✔ stored right / outward keeps the leaf and closes only its actual quarter-circle sector (0.1415ms)
✔ stored left / inward keeps the leaf and closes only its actual quarter-circle sector (0.1065ms)
✔ stored left / outward keeps the leaf and closes only its actual quarter-circle sector (0.1457ms)
✔ top wall puts both hinges and open leaves on the correct physical sides (0.3143ms)
✔ right wall puts both hinges and open leaves on the correct physical sides (0.1781ms)
✔ bottom wall puts both hinges and open leaves on the correct physical sides (0.1039ms)
✔ left wall puts both hinges and open leaves on the correct physical sides (0.0782ms)
✔ legacy doors keep the historical 40-pixel bar and 60-pixel swing without adding metadata (0.305ms)
✔ fractional explicit widths control geometry without normalizing saved size, position or metadata (0.2154ms)
✔ all existing door styles retain the same stored geometry and style metadata (0.1781ms)
✔ default door properties are fresh objects so previews cannot mutate later doors (0.1103ms)
✔ opening wins over its selected parent; undo restores every property and leaves later edits (1.7414ms)
✔ room recovery restores original ordering and all nested openings without replacing other edits (0.2053ms)
✔ stale opening selection cannot fall through to deleting a room (1.3031ms)
✔ Q-001 is fully specified, non-overlapping geometry without calculating totals (9.448ms)
✔ top uses clockwise center and the correct axis at noncentral/tolerance bounds (5.7566ms)
✔ right uses clockwise center and the correct axis at noncentral/tolerance bounds (4.5108ms)
✔ bottom uses clockwise center and the correct axis at noncentral/tolerance bounds (1.9247ms)
✔ left uses clockwise center and the correct axis at noncentral/tolerance bounds (2.4972ms)
✔ opening top at ceiling, inside tolerance and outside tolerance (1.4674ms)
✔ zero, missing and negative sill remain distinct (3.5497ms)
✔ explicit floor-level opening requires zero sill within tolerance (2.4136ms)
✔ actual overlap requires horizontal AND vertical intersection (1.9911ms)
✔ horizontal touching and overlap tolerance boundaries (1.5409ms)
✔ vertical touching and overlap tolerance boundaries (2.4372ms)
✔ missing or unresolved extents yield undetermined fit and overlap (1.3099ms)
✔ shared opening validates each room independently without layout adjacency (1.5958ms)
✔ two faces of the same room are an unsupported shared relationship (0.6685ms)
✔ resize recomputes geometry without moving openings or changing evidence (1.3806ms)
✔ structural invalid dimensions, references and duplicate attachments are findings (6.025ms)
✔ malformed attachments return diagnostics rather than throwing (1.0938ms)
✔ nonfinite derived horizontal/vertical extents cannot pass (0.7886ms)
✔ legacy out-of-bounds and unknown measurements remain preserved and v2 reprocessable (3.1394ms)
✔ validation of frozen input is deterministic and separate from confirmation (1.3854ms)
✔ small-coordinate horizontal and vertical overlap honor the exact 0.01mm boundary (3.9779ms)
✔ mutating a report cannot change later validation scopes or the document (1.9325ms)
✔ small-coordinate start bounds honor exact tolerance on every wall orientation (3.6273ms)
✔ hosted entry permits its canonical forwarded HTTPS request and retains secure cookie attributes (58.7258ms)
✔ ordinary listener ignores both forwarded headers and the VERCEL environment flag (5.2246ms)
✔ incomplete or noncanonical hosted configuration fails before session or route processing (27.3345ms)
✔ wrong hosts, protocol ambiguity and competing Forwarded headers fail closed before sessions (15.9542ms)
✔ hosting policy cannot be reconfigured after mounting and defaults to untrusted sessions (1.3422ms)
✔ legacy POST, GET, partial rename, geometry update and delete round-trip without normalization (101.7494ms)
✔ empty sketches and legacy date strings remain supported (12.5509ms)
✔ invalid nested creates and updates never reach storage or mutate saved sketches (151.6473ms)
✔ NaN and infinity are rejected by the adapter and overflowing JSON numbers by HTTP routes (12.0161ms)
✔ malformed route IDs cannot read, update or delete a different plan (25.1613ms)
✔ storage failures report retryable server failure without exposing internals or losing existing data (10.1608ms)
✔ malformed JSON and oversized bodies do not write, expose input or stop the service (17.5999ms)
✔ unexpected middleware errors return a generic response and the service continues (6.6326ms)
✔ legacy 240 by 200 pixels converts to 12 by 10 feet independently of ceiling height (23.6245ms)
✔ entered 32-inch door uses inches and imported provenance stays unconfirmed (1.9158ms)
✔ missing opening heights and all unrecorded sills remain unknown (1.7765ms)
✔ conflicting widths yield review candidates without selecting or mutating a width (2.9884ms)
✔ clockwise physical center preserves legacy top wall position and width (1.2581ms)
✔ clockwise physical center preserves legacy right wall position and width (1.0924ms)
✔ clockwise physical center preserves legacy bottom wall position and width (1.0858ms)
✔ clockwise physical center preserves legacy left wall position and width (1.1127ms)
✔ legacy corner positions are preserved without clamping or rejecting old sketches (1.6834ms)
✔ IDs, ordering, names, metadata, all styles and both swings survive (1.2963ms)
✔ original and output metadata are detached from input and from each other (1.1975ms)
✔ own __proto__ JSON keys survive every legacy metadata level without prototype pollution (1.8344ms)
✔ older doors without properties retain size basis and flag renderer fallbacks (0.4437ms)
✔ v2 reruns retain edited physical values, zero sill, IDs and review state without rescaling (4.3681ms)
✔ version dispatch supports unversioned/1 and explicitly rejects unknown versions (2.9836ms)
✔ non-JSON, malformed legacy input and overflow return explicit invalid results (2.2383ms)
✔ v2 structural schemas reject invalid IDs, wall order and attachment references (15.0419ms)
✔ wall IDs are deterministic, distinct and do not collide with preserved IDs (3.2046ms)
✔ viewport zoom/pan metadata does not affect physical conversion (1.8024ms)
✔ conversion quantity comparison reuses the verified M1 calculator (1.5573ms)
✔ JSON depth limits cannot produce a v2 document that fails on reprocessing (0.8691ms)
✔ M3B frozen v1 calculation and captured snapshot remain byte/content identical and verifiable (153.447ms)
✔ M3B exact 12 by 10 ceiling-height acceptance keeps independent 120 square-foot surfaces (31.5535ms)
✔ M3B proposed supported models keep dependent outputs provisional even with confirmed measurements (7.9224ms)
✔ M3B unknown imported applicability blocks only dependent work and names exact room/profile paths (6.4101ms)
✔ M3B unsupported ceiling never reuses projected floor area and preserves independent supported walls/casing (6.6538ms)
✔ M3B nonuniform walls block walls/casing and full-height crown gaps, not ordinary crown/floor runs (89.142ms)
✔ M3B crown-path declaration is independent of ceiling and wall applicability (35.8144ms)
✔ M3B partial selected totals expose unsupported rooms and retain provisional included subtotal (6.821ms)
✔ M3B applicability and group contracts validate exact room ownership without inferring topology (9.8748ms)
✔ M3B special own room IDs retain typed applicability and prototype safety (6.7971ms)
✔ M3B policy dispatch rejects missing, mismatched and downgrade attempts without source rewrites (18.2292ms)
✔ M3B applicability readiness is detached and frozen engine results cannot mutate source declarations (19.2316ms)
✔ M3B fingerprints bind applicability values to geometry and declaration evidence only to content (91.2686ms)
✔ M3B v2 snapshot confirmation gate, version agreement and independent integrity verification (305.6436ms)
✔ M3B shared openings use only the selected attachment wall applicability (4.1686ms)
✔ legacy-pixels-v2 retains original bytes, IDs, groups, style/hinge and promotes only recorded window height (32.7761ms)
✔ legacy v2 preserves width conflicts and clockwise non-midpoint bottom/left positions without altering v1 (5.7194ms)
✔ unsupported or invalid import is rejected instead of partially edited (13.4632ms)
✔ captured-v2 upgrade preserves current physical data and never reinterprets compatibility originals (5.0287ms)
✔ Quick Rooms explicit copy retains raw pending text, old-unit context and measurement events independently (4.3511ms)
✔ independent adopted drafts never merge equal room IDs or room names (10.5149ms)
✔ room dimensions and height share one command/evidence stream and yield 120/120/352 then 396 walls (62.9996ms)
✔ dirty raw text masks every dependent result, and clearing height preserves independent floor/ceiling (22.2356ms)
✔ switching units preserves raw context until valid commit/clear then releases it without changing evidence (7.7661ms)
✔ unsupported ceiling blocks its output independently of explicitly supported walls (12.247ms)
✔ stale revision or changed selection rejects the entire edit without changing either draft (0.7002ms)
✔ full registry recovery retains metadata, groups, openings, source evidence, raw context and settings (13.7741ms)
✔ own special IDs/metadata keys survive recovery without normalization or prototype mutation (1.2667ms)
✔ recovery rejects forged clean text, omitted fields, unknown authoritative totals and tampered action evidence (11.2861ms)
✔ physical snapshot identity cannot be presented as an active temporary revision (6.0431ms)
✔ store initializes lazily, touches only its own key and publishes stable immutable snapshots (7.4942ms)
✔ corrupt/unsupported recovery blocks adoption and preserves exact original bytes until explicit discard (13.7652ms)
✔ denied reads allow memory use without writing unseen recovery bytes (16.7077ms)
✔ quota failure keeps newest edit in memory and old valid recovery intact (35.9999ms)
✔ external stored changes are detected before write and never overwritten by stale in-memory registry (14.3389ms)
✔ failed discard preserves current memory and recovery; stale callback failure is visible and atomic (12.815ms)
✔ new-policy physical copies preserve valid declaration evidence and original source separately (4.627ms)
✔ deleted Quick Rooms targets retain their historical action captures through adoption and recovery (1.8866ms)
✔ M3B pointer transform accounts for current viewport borders, scroll, gutters and scale (1.7118ms)
✔ M3B pointer transform rejects invalid scale and nonfinite coordinates rather than placing a default (0.1942ms)
✔ M3B noncentral wall placement converts bottom and left exactly once into clockwise center distance (5.306ms)
✔ M3B zoom/pan/reflow transform followed by wall targeting retains fractional physical offset (0.8463ms)
✔ M3B cross-room target uses auto-layout only for hit location and writes no physical presentation (4.2274ms)
✔ M3B adjoining room wall hit prefers the room interior under the pointer without inferring a shared link (1.2527ms)
✔ M3B pointer corner positions are not clamped and demonstrated invalid width remains rejected (6.2542ms)
✔ M3B move preview preserves unknown dimensions, provenance, appearance and original nested data (1.15ms)
✔ M3B two-face shared opening cannot be detached by a pointer preview (1.3093ms)
✔ M3B opening gesture stamp rejects newer edits and draft switches even with identical room IDs (0.2327ms)
✔ M3B floor-level opening projects a measured wall gap without door or window fabrication (1.192ms)
✔ new opening presets are explicit unconfirmed proposals with no invented height/sill/basis (14.7631ms)
✔ actual physical fixture yields 120/120/352/319 square feet, 41 feet trim and two distinct openings (44.0325ms)
✔ all four wall center offsets stay physical and clockwise with exact fractional and metric input (44.9606ms)
✔ Enter plus blur commits once and common presets use one atomic independent dimension action (14.6224ms)
✔ window height and sill edits remain independent including explicitly entered zero sill (47.355ms)
✔ invalid syntax and demonstrated corner/overlap/above-ceiling edits preserve canonical values and visible raw drafts (29.912ms)
✔ unknown dimensions permit explicitly incomplete placement but never claim verified fit (6.2067ms)
✔ along-wall/cross-wall/cross-room move preserves identity, dimensions, appearance, unrelated raw fields and room overview positions (34.6894ms)
✔ invalid move rejects atomically and unchanged placement is a no-op (30.5512ms)
✔ stale drag revision and switched draft cannot commit duplicate/newer geometry (17.124ms)
✔ appearance/basis changes cannot change dimensions and never fabricate appearance on floor openings (16.7225ms)
✔ shared opening dimensional edits validate both faces while movement/offset remain specifically protected (27.4272ms)
✔ delete targets one opening, undo restores attachment order/raw/evidence while retaining unrelated edits (24.3906ms)
✔ deletion undo rejects missing parents or reused identity and retains recovery for retry (11.574ms)
✔ delete/undo preserves shared identity and attachment order and scoped requests remain valid (28.7945ms)
✔ pending dimension/offset masks dependent outputs without altering canonical values or independent room totals (55.101ms)
✔ unit switching retains unfinished opening context then releases it on commit/clear without rounding geometry (20.0012ms)
✔ recovery preserves raw opening fields, typed actions, undo and independent originals exactly (35.8312ms)
✔ recovery rejects forged clean opening values and malformed identity/action evidence (37.4989ms)
✔ room dimension edits leave openings intact and immediately expose newly invalid fit (20.5682ms)
✔ registry store preserves rejected opening raw edits and never writes a stale gesture (54.714ms)
✔ pending center text blocks dragging and stays intact while other pending fields make prospective fit unverified (16.1671ms)
✔ unknown or unsupported wall models and unknown appearance never report verified opening placement (22.3335ms)
✔ position input evidence retains original fractional syntax/unit after a display-unit change (24.6764ms)
✔ recovery rejects a disguised geometry mutation in appearance history and forged deletion raw text (21.1108ms)
✔ special opening IDs derive missing legacy fields safely and survive commands and recovery (7.1257ms)
✔ M3B projection preserves clockwise all-wall offsets, saved door hinges and typed group authority (8.4598ms)
✔ M3B unresolved legacy width renders only original symbol evidence and preserves unresolved candidates (2.5348ms)
✔ M3B known physical door without appearance cannot use legacy guessed bar or swing widths (2.1161ms)
✔ M3B legacy missing-properties door retains source rendering with an explicit limitation (2.3745ms)
✔ M3B projection deeply detaches unresolved source symbols and known appearance metadata (1.6603ms)
✔ M3B unsupported room range cannot hide later normal rooms or poison derived layout positions (2.4306ms)
✔ M3B missing room dimensions do not receive a measured-looking placeholder; physical edits update derived offsets (1.3957ms)
✔ new and empty work scope means none; enable creates empty targets and explicit all captures current IDs only (18.6213ms)
✔ custom scope, basis and waste survive room/name/dimension/unit edits and addRoom (102.7629ms)
✔ wrong-kind, missing, duplicate and non-attached targets are rejected atomically (59.9965ms)
✔ explicit UI fixture preserves engine gross, deductions, net, casing, trim and inventory arithmetic (222.6096ms)
✔ 10 percent commits as 0.1 and engine applies allowance once after aggregate net (64.0182ms)
✔ unfinished or invalid percent is retained and never replaces committed waste or other output edits (246.0979ms)
✔ missing window height keeps independent results and exposes only a partial 256-square-foot wall subtotal (117.2651ms)
✔ explicit measurement review then independent model review changes provisional quantities to complete (127.4032ms)
✔ measurement confirmation is blocked for unknown or dirty fields and stale draft/revision/snapshot tokens (11.212ms)
✔ candidate resolution retains alternatives, is never automatically confirmed, and rejects stale candidate review (20.0736ms)
✔ correction clears only the changed confirmation and never removes geometry or application blockers (139.0048ms)
✔ room and opening raw corrections preserve review history and require separate reconfirmation (119.8766ms)
✔ separate unknown/unsupported model declarations cannot be confirmed and leave independent floor quantities usable (113.5507ms)
✔ model review tokens are stale after dimension or declaration edits and changing model evidence requires new confirmation (59.6167ms)
✔ deleting selected opening prunes inventory, casing and crown targets atomically with a visible notice (101.1711ms)
✔ bounded deletion undo never overwrites later scope choices even when changed away and back (69.94ms)
✔ bounded deletion undo preserves later unfinished waste and does not silently restore stale scope (57.7074ms)
✔ cross-wall moves prune old face targets but retain selected physical inventory ID, work, waste and unrelated targets (72.2464ms)
✔ shared opening all-current casing selects both attachment faces while inventory counts its identity once (78.4208ms)
✔ explicit crown gaps cannot invent full-height deductions and mismatched basis never gets relabeled (88.8906ms)
✔ recovery rejects forged current confirmations, altered review events, declared models and clean waste text (141.7141ms)
✔ older supported caches round-trip without adding scope/review state; confirmed physical imports require matching source (110.6716ms)
✔ confirmed opening review survives deletion and bounded restore with its historical actions and raw fields (90.7201ms)
✔ new rooms can be reviewed after existing review evidence without rewriting prior origins (166.8265ms)
✔ Slice 3 read model exposes exact shared-engine fixture totals and individual door/window deductions (40.2424ms)
✔ Slice 3 partial wall results identify excluded top wall without replacing unavailable selected total (46.1089ms)
✔ Slice 3 pending width height sill and offset mask dependent totals and retain useful field-specific messages (156.7773ms)
✔ Slice 3 waste comes from engine once; dirty invalid or uncommitted waste never exposes older adjusted quantities (53.6012ms)
✔ Slice 3 empty work and explicit empty targets remain empty and never display a complete zero project (11.8021ms)
✔ Slice 3 measurement, model, geometry and basis findings remain independent (56.2985ms)
✔ Slice 3 shared physical inventory counts once while selected casing faces remain independent in full-document engine input (7.901ms)
✔ Slice 3 metric formatting and detached source scopes do not modify request quantities or caller measurements (21.9922ms)
✔ Slice 3 drawing source highlights preserve exact selected room, wall and shared-opening face identities (3.787ms)
✔ Slice 3 unknown physical opening widths highlight a point instead of inventing a measured span (1.9408ms)
✔ invalid room Revert restores 12 ft and independent 120 sq ft without changing domain or evidence (78.4692ms)
✔ valid but uncommitted text is cancelled without a correction event or confirmation change (72.7911ms)
✔ reverting each room field leaves another unfinished field and its dependent totals blocked (188.894ms)
✔ active-unit Revert formats the retained measurement rather than parsing pending text or replacing provenance (19.0766ms)
✔ all opening dimensions and center offset cancel raw edits while preserving identity, attachments and history (66.4827ms)
✔ syntactically valid geometry-rejected opening values can be cancelled with no physical correction or move (111.5401ms)
✔ unknown room/opening values and needs-review candidates restore blank text without resolving domain state (33.3318ms)
✔ zero center offset and zero sill remain measured zeros when their pending text is reverted (11.693ms)
✔ committed 10 percent waste is restored exactly while unrelated pending fields and scope remain (48.4973ms)
✔ tiny and large committed decimal waste restores plain text and remains valid recovery without changing the fraction (113.7307ms)
✔ zero committed waste restores zero and clean fields cannot roll back committed values (32.3448ms)
✔ captured actions reject another draft, newer edit, unit change and duplicate application atomically (21.0054ms)
✔ missing/deleted/disabled targets and malformed tokens never fall back to another field (22.0951ms)
✔ registry selection guard rejects a held Revert after switching to another draft with no writes (26.4742ms)
✔ opening delete then raw waste edit and Revert cannot resurrect stale casing or inventory scope on Undo (51.4731ms)
✔ special room/opening IDs and unrelated field maps survive exact Revert and recovery (3.8034ms)
✔ guarded Revert survives exact storage recovery with other unfinished text and confirmation evidence (66.3207ms)
✔ failed recovery write keeps the reverted memory draft, prior raw bytes and visible limitation (40.017ms)
✔ stale store Revert leaves newer memory and recoverable bytes untouched and reports the rejected action (31.9428ms)
✔ schema5 strictly owns explicit room uses, unique physical IDs, same-room zone associations and layout-only effects (30.6613ms)
✔ explicit current4 upgrade is detached, keeps stairs/source metadata, never infers use from names and freezes older consumers (17.3737ms)
✔ prototype-like room and layout IDs remain own keys through validation and capture (90.8205ms)
✔ room use is explicit intent with preserved custom text, no fake labels or measurement approval (17.2852ms)
✔ shared gross footprint is 48/12 sq ft, non-additive and independent of unknown cabinet height (6.0723ms)
✔ all 90 degree rotations preserve dimensions and explicit top-left anchors without changing measurements (6.1123ms)
✔ edge-touching fits; .01mm tolerance cannot turn .011mm overrun into valid or silently clamp values (9.9013ms)
✔ overlapping zones produce ambiguity only, touching edges do not, and other parent rooms never overlap (24.9639ms)
✔ cabinet leaving an explicitly associated zone keeps association and flags review without blocking finish quantities (12.7823ms)
✔ range and extent loss fail safely while unknown dimensions stay unknown and no geometry is mutated (8.8754ms)
✔ layout5 evaluates through unchanged policy/engine/result4 and preserves 300/300/560 with no double counting (11.092ms)
✔ retained stair voids remain 252 net / 25.2 waste / 277.2 adjusted after adding layout-only data (26.814ms)
✔ layout geometry and content hashes detect distinct changes while room names, camera and unrelated presentation remain excluded (77.3612ms)
✔ snapshot5 captures layout with policy4, is detached and rejects downgraded/mixed scopes or altered source evidence (92.7202ms)
✔ historical v1-v4 snapshots regenerate exactly with unchanged policy and hashes (534.061ms)
✔ explicit layout upgrade preserves the full current source, pending fields, request and immutable schema4 lineage (88.5448ms)
✔ room name never infers use; deliberate room and zone uses remain independent through history (287.01ms)
✔ adding rooms to schema5 creates explicit unspecified use with prototype-safe exact ownership (198.253ms)
✔ layout-only 48 and12 square-foot footprints never inflate300/300/560 finish quantities (102.2918ms)
✔ existing explicit stair holes and measured waste stay252/25.2/277.2 after layout upgrade (167.7488ms)
✔ unknown geometry remains unknown; explicit origin is unconfirmed and zero stays valid (50.5081ms)
✔ invalid raw syntax stays pending and Enter followed by blur commits exactly once (37.0412ms)
✔ pending layout masks only its footprint and never unrelated finish results (75.5387ms)
✔ units preserve pending raw context; Revert restores active units without changing document or evidence (47.5488ms)
✔ edge-touching placement fits; outside placement rejects atomically while dimension edits retain invalid findings (45.6225ms)
✔ pending position prevents drag takeover while unrelated dimension/name drafts survive valid movement (32.7663ms)
✔ retained creation history accepts pending name and custom labels, which recover exactly without new history (124.2426ms)
✔ Custom explicitly permits blank unfinished label; Apply makes one semantic history and Revert keeps saved use (324.847ms)
✔ zone deletion unlinks retained cabinet atomically and Undo preserves unrelated pending waste and scope (248.1194ms)
✔ delete and restore keeps clean name drafts, unit formatting and stable ordering (281.032ms)
✔ cabinet association only accepts the same room and room-level assignment carries both children (193.0259ms)
✔ an older room-creation inverse is blocked by later layout dependents without touching them (5.2484ms)
✔ layout history restores changed measures unconfirmed while rotation retains unrelated approvals (213.2092ms)
✔ creation/deletion, dimension and drag actions share one chronological history with exact target reveal (225.2138ms)
✔ same physical numeric or pointer values and unchanged names create no duplicate committed history (58.4785ms)
✔ large coordinates do not silently erase a representable half-millimeter move (19.2093ms)
✔ stale revisions and pending target conflicts reject without popping the history branch (171.0941ms)
✔ v4 recovery reads v3 without rewriting source bytes and detects fallback changes before saving (13.5475ms)
✔ older keys remain byte-exact, cache failures retain memory/history, and reload has no session Undo (84.9895ms)
✔ corrupt, future, dangling and forged layout recovery cannot overwrite retained bytes (64.2491ms)
✔ mixed registries remain v4 and old envelopes cannot pretend to contain schema5 layout (12.1477ms)
✔ new building draft has one editable Main floor with unknown elevation; legacy constructor stays v2 (11.2648ms)
✔ add rooms follows active level, including empty levels, without expanding explicit takeoff scope (25.6725ms)
✔ switch level retains document, pending fields, units, request and evidence, increments revision and preserves redo (79.7318ms)
✔ level creation, rename and order are one chronological history with stable IDs and unknown elevations (32.5601ms)
✔ room assignment preserves physical identity/raw/request, and direct assignment plus Undo/Redo reveal the exact room even on a populated destination (58.9104ms)
✔ existing measurement history reveals a hidden room level without filtering the chronological stack (40.1916ms)
✔ room creation inverse includes membership, and a populated level cannot be undone out of order (25.3548ms)
✔ grouped room assignment is rejected with dependent room name and has no partial state change (10.5208ms)
✔ shared opening room assignment is rejected by attachment dependency without changing IDs or geometry (17.8962ms)
✔ level switch makes captured edits stale and failed assignment leaves both history stacks untouched (14.2106ms)
✔ invalid IDs, blank names, unknown levels and partial/duplicate order do not mutate the draft (0.5976ms)
✔ explicit old draft upgrade preserves the FULL live state, confirmed events, source originals and unknown ownership (15.2921ms)
✔ upgrade retains typed history captures and accepts new level evidence without rewriting the old capture (42.6446ms)
✔ upgraded deletion recovery adapts active policy snapshots and preserves original tombstone in lineage (14.729ms)
✔ upgrade retains independent source entry and blocks already-upgraded or reused identities (21.1421ms)
✔ new recovery key falls back to v1 without altering bytes; first accepted write migrates envelope only (8.4393ms)
✔ new cache wins over v1 and corrupt new data never falls back or gets overwritten (0.4901ms)
✔ changed legacy source or newly appeared v2 cache blocks fallback overwrite while retaining accepted memory (4.3325ms)
✔ failed new-key storage write preserves v1 source and latest level change/history in memory (5.3769ms)
✔ reload restores active level and all pending field contexts but initializes empty session history (42.1983ms)
✔ recovery rejects missing/dangling/extra room membership, stale active level and unsupported envelope (15.4579ms)
✔ level history evidence rejects v1 relabeling, altered restored ownership and forged lineage (25.7026ms)
✔ prototype-like room/level IDs are retained as own memberships through upgrade, history and recovery (45.9007ms)
✔ global takeoff history is labeled project-wide and does not reveal or switch to an arbitrary level (26.6962ms)
✔ pending level names survive level changes/reload, preserve redo and block removal until explicitly applied (12.9627ms)
✔ M3D schema3 has exactly one own membership, explicit unknown elevation and distinct versioned identities (72.489ms)
✔ M3D groups and shared openings must stay on one level without inventing plan-collision rules (8.204ms)
✔ M3D upgrade detaches current physical values and preserves originals, IDs, profiles, groups and opening evidence (4.3384ms)
✔ M3D unknown ownership upgrade never invents supported models when historical declarations are absent (11.3133ms)
✔ M3D own prototype-like room and level IDs survive constructor, validator, calculation and captured snapshot (81.718ms)
✔ M3D full-document explicit project and level requests produce independent 270/802 and 120/352 quantities (20.5462ms)
✔ M3D saved explicit target IDs remain fixed when rooms are added or reassigned between levels (15.0079ms)
✔ M3D level ownership affects version3 hashes while names, order and camera remain presentation (185.6398ms)
✔ M3D level-aware snapshots enforce version dispatch, ownership integrity and synchronous detached capture (100.6598ms)
✔ M3D unchanged version1 and version2 historical snapshot bytes and hashes remain verifiable (254.3111ms)
✔ M3D independent ceiling/wall applicability and confirmation gates reuse existing engine semantics (58.4614ms)
✔ M3D physical measurement actions retain level ownership and original evidence without mutation (19.2888ms)
✔ M3D active-level projection and wall hit inputs exclude coincident hidden rooms and empty-level fit geometry (2.9107ms)
✔ explicit schema4 upgrade retains full current draft and immutable schema3 lineage with pending room/waste edits (85.4361ms)
✔ new stair keeps one stable identity shared width/run and unresolved rise without deriving level elevations (72.4634ms)
✔ invalid dimension raw retains exact text while zero coordinates commit and Enter then blur emits once (58.4242ms)
✔ dirty unit context survives switch and Revert uses current display while preserving physical provenance (60.1842ms)
✔ pending hole size masks only affected net surface while keeping gross basis and unrelated wall quantities (169.0837ms)
✔ explicit floor and ceiling holes deduct independently once and have exact source attachment read model (153.6746ms)
✔ numeric and pointer placements reject demonstrated invalid fit without replacing pending text or canonical position (69.4154ms)
✔ dimension correction may retain invalid fit, never silently move endpoints, and pending coordinates block pointer takeover (75.7879ms)
✔ landing dimensions and placement remain independent of stair run and no-deduction areas (131.2224ms)
✔ host ownership guards name dependent endpoints/landings and surface openings; invalid same-level endpoints are rejected (63.8011ms)
✔ endpoint host changes cannot strand an explicit linked deduction (57.0175ms)
✔ shared surface attachments reject duplicates and invalid retargeting without partial writes (45.881ms)
✔ stair deletion unlinks but preserves holes and Undo/Redo restores exact coordinated identities (235.1408ms)
✔ surface opening deletion makes referenced impacts unresolved and one Undo restores hole and impact atomically (248.6339ms)
✔ field/move/landing Undo uses the existing chronological history, preserves unrelated pending fields and reveals target level (326.9012ms)
✔ conflicting pending field blocks history without popping and view/unit changes preserve redo (293.5659ms)
✔ same-value raw resolution, no-op rename and failed placement do not create duplicate committed history (64.834ms)
✔ stale draft revision and unsupported recovery bytes cannot overwrite the selected draft (49.212ms)
✔ v3 recovery falls back to v2 without rewriting it and detects fallback races before first accepted write (13.453ms)
✔ v3 fallback to v1 preserves all older bytes; failed writes retain accepted memory/history and reload empties only session history (91.5907ms)
✔ malformed raw target/current text and forged history source are rejected without normalizing captured data (103.5857ms)
✔ rotation-only and single-attachment Undo preserve unrelated confirmed measurements and exact evidence (299.3047ms)
✔ same physical pointer placement preserves typed provenance and creates no committed history (61.504ms)
✔ adding older-format drafts never downgrades a mixed schema4 recovery envelope (31.5752ms)
✔ M3D stairs schema4 rejects reused identities, stale endpoints, same-level connections and duplicate exact surface attachments (50.3584ms)
✔ M3D stair upgrade preserves current schema3 values, originals, ownership, profiles and old captures without mutation (7.0757ms)
✔ M3D unresolved destinations and missing stair rise remain explicit without inventing elevations or blocking independent reviewed finishes (20.3846ms)
✔ M3D run excludes independent landings and 90-degree endpoint rotation retains room-local anchors (15.2715ms)
✔ M3D unresolved impacts block only affected selected net surfaces and preserve complete gross basis (18.3796ms)
✔ M3D explicit upper floor and lower ceiling 18 square-foot openings deduct once and apply floor waste after net (110.4229ms)
✔ M3D overlapping independent rectangular holes use exact coverage union and no-deduction impact never hides explicit attached holes (56.999ms)
✔ M3D invalid or unresolved surface measurements keep affected gross and leave other surfaces/walls usable without clamping (29.3679ms)
✔ M3D invalid stair/landing fit remains visible but does not fabricate or block an independent known surface area (11.3167ms)
✔ M3D unconfirmed opening measurements retain provisional net and prevent confirmed snapshot while gross remains independently confirmed (42.9557ms)
✔ M3D narrow numerical gaps are not bridged and extreme lost extents fail without a usable net (24.8518ms)
✔ M3D fingerprints bind stair connections, geometry, impacts and evidence while labels/order/camera are presentation (130.4203ms)
✔ M3D stair snapshots capture synchronously, detach, verify integrity and reject incompatible old policies/results (140.4741ms)
✔ M3D frozen historical v1/v2/v3 snapshot bytes and calculation hashes remain identical (425.9763ms)
✔ normal production composition denies every legacy route and cannot activate injected fixture identities (164.0194ms)
✔ absent, expired, revoked and invalid identities deny before accessing storage (21.6491ms)
✔ malformed or expired authenticated results do not become principals (15.1426ms)
✔ provider exceptions fail closed and never expose provider credentials (7.3416ms)
✔ verified owner and editor round trips retain authorized legacy payload and server-owned workspace (23.2259ms)
✔ workspace A cannot select, list, read, patch or delete B by known workspace and record IDs (27.7755ms)
✔ viewer reads succeed while forged role, owner and user headers cannot authorize direct writes (11.4285ms)
✔ workspace owner administration is scoped and editor cannot elevate membership or rename workspace (19.3044ms)
✔ revoked membership and demoted role take effect on the next operation using the same verified session (19.2677ms)
✔ membership changes before repository access cannot rely on identity-time permission (5.019ms)
✔ verified outsider and same subject from another issuer cannot access workspace records (7.5624ms)
✔ explicit workspace selection is required and malformed IDs never select the first workspace (12.0341ms)
✔ mass-assignment fields cannot create ownership, move plans or elevate authorization (21.0193ms)
✔ unowned legacy records remain intact and inaccessible with non-disclosing missing-record responses (13.1693ms)
✔ storage read, write and lazy-construction failures are generic, fail closed and do not poison later requests (14.3809ms)
✔ all cookie and bearer mutations require exact trusted origin and explicit request header (84.3717ms)
✔ missing trusted origin configuration denies writes without silently trusting request Host (7.1451ms)
✔ private responses cannot serve a previous principal or revoked member through conditional cache reuse (7.682ms)
✔ normal composition keeps parser errors private without echoing input or invoking storage (10.0405ms)
✔ physical routes require verified workspace local context before any request (23.4268ms)
✔ physical revision requests carry exact If-Match/idempotency while authority headers remain runtime-owned (1.174ms)
✔ idempotency conflicts remain actionable without discarding the verified editor context (1.6904ms)
✔ physical context conflicts invalidate old account generation before any private response can apply (1.3848ms)
✔ autosave starts off; opening or observing an anonymous draft never performs its first upload (99.4601ms)
✔ 1500 ms committed debounce coalesces edits and identity detects names even with the same counter (428.9017ms)
✔ view-only revision counters and repeated mount observations do not create revisions (358.2851ms)
✔ raw text checkpoints exactly, pauses candidates, and Apply resumes without confirmation or scope changes (345.0915ms)
✔ slow response acknowledges its candidate while newer raw work remains checkpointed and unsaved (275.1733ms)
✔ lost response retries immutable key/body/base before sending the newer committed candidate (383.9568ms)
✔ quota failure prevents autosave dispatch while explicit Save retains an accurate recovery warning (202.437ms)
✔ acknowledgement transaction failure keeps the exact request for receipt replay (234.0459ms)
✔ context invalidation suspends in-flight work and stale responses cannot advance a local binding (200.3443ms)
✔ Autosave off cancels scheduling before a fresh authorization request resolves (129.2249ms)
✔ recovery forks a fresh branch, preserves raw inputs, and replays only the original uncertain intent (307.4531ms)
✔ unsent recovered stale base is a persistent conflict, including after raw Apply (219.9992ms)
✔ retry budget counts actual sends; observer churn cannot exhaust or duplicate retry timers (476.9559ms)
✔ permanent invalid-payload errors never auto-retry or silently resume after view edits (218.7028ms)
✔ continuous raw typing checkpoints within the two-second maximum wait without sending (420.8603ms)
✔ Save as a new plan retains the old branch, durably prepares a create, and starts Autosave off (67.2222ms)
✔ permission loss preserves the uncertain intent and pauses automatic transmission (165.9625ms)
✔ discovery authorizes each saved plan before returning any associated recovery content (33.034ms)
✔ fresh-session identity stays suspended while same verified session refresh can reactivate (232.071ms)
✔ recovery discovery excludes current in-use branches without altering older checkpoints (126.6079ms)
✔ Apply with Autosave off clears stale unfinished-input pause while preserving unsaved status (197.8133ms)
✔ a delayed Autosave toggle never replaces newer canonical edits with its captured draft (77.2281ms)
✔ a slower enable response cannot reverse a newer explicit Autosave off choice (33.0072ms)
✔ archive pause preserves raw fields and every local branch while stopping pending Autosave (213.9866ms)
✔ archive leaves an uncertain accepted save retryable with the exact key and raw newer work (225.3685ms)
✔ a fresh archived-save rejection leaves no false retry but permits an explicit independent Save as new (93.1123ms)
✔ enabling Autosave checks current archived state even when the local binding predates archive (88.9735ms)
✔ archived recovery forks exact evidence with Autosave off and leaves its original checkpoint intact (92.9124ms)
✔ a delayed enable cannot undo a newer lifecycle pause and recovery failure refuses archive preparation (30.8683ms)
✔ an older archived receipt cannot reverse a newer restore and still acknowledges the exact saved request (216.8028ms)
✔ a stale archived preflight read cannot reverse restore or discard a fresh save candidate (84.9717ms)
✔ a delayed archived rejection cannot reverse a newer restore or leave a falsely retryable request (62.2527ms)
✔ Open observation preserves a newer restore while keeping the opened revision separate and current active drafts enabled (27.9294ms)
✔ a recovery read delayed across restore preserves the original journal and cannot revive its old Autosave preference (104.4968ms)
✔ room-name typing is raw, independently recoverable and excluded from the outgoing envelope until explicit Apply (20.7614ms)
✔ all new name and assignment raw values survive together without committing geometry, quantities or evidence (24.9136ms)
✔ invalid object names remain raw and deletion cannot discard them (25.3266ms)
✔ room assignments are draft-owned pending actions and Apply/Revert preserve other raw inputs (3.4286ms)
✔ typing adds no history while one explicit room-name Apply gives one guarded Undo transaction (35.4844ms)
✔ pending room assignment blocks Undo of that assignment and level removal while preserving the candidate (17.3482ms)
✔ pending names guard object history, and unrelated name raw survives other committed edits (70.0825ms)
✔ legacy draft caches remain compatible while impossible pending ownership is rejected without reinterpretation (2.5082ms)
✔ Save blocks every room measurement family; applying unknown is deliberate and does not confirm (178.9806ms)
✔ Save sees all opening width height sill and offset edits and reverts only the targeted raw field (153.3629ms)
✔ Save sees pending names on hidden levels and preserves invalid text until Apply or Revert (48.7571ms)
✔ Save sees stair, endpoint, landing, hole and surface-placement pending fields (503.1712ms)
✔ Save sees all zone and cabinet dimension and placement fields (311.1159ms)
✔ Save sees room/zone custom-use and zone/cabinet labels without auto-applying them (124.8249ms)
✔ Save sees waste edits separately from the previously committed request (27.3685ms)
✔ duplicate Save clicks serialize and acknowledge only the submitted local revision (126.3799ms)
✔ loss after commit retries exact original payload/key even after local edits (180.965ms)
✔ conflict preserves candidate/base and only explicit Save as new removes If-Match binding (158.3634ms)
✔ late Save response after logout cannot acknowledge or persist old private metadata (93.3892ms)
✔ a pending field blocks even retry and sends nothing; captured draft is never mutated (20.2892ms)
✔ accepted revision becomes next save condition; changed-key errors are not network retries (96.7079ms)
✔ a second click after successful acknowledgement of the same local revision is a no-op (89.2955ms)
✔ physical save opens full schema5 geometry, identity, committed request and all retained lineage without mutating source (1006.1777ms)
✔ server evaluation binds exact schema5 source, selected work and server revision; stair quantity remains252/25.2/277.2 (596.6899ms)
✔ 12x10x8 and later9ft evaluation leave floor120/ceiling120 while walls change352to396; original capture immutable (31.1907ms)
✔ unknown cleared ceiling height remains saved unknown; independent floor/ceiling stay available and walls blocked (19.519ms)
✔ empty and incomplete supported drafts can save without fabricated confirmation (10.9668ms)
✔ full persisted content hash detects names and metadata omitted by geometry fingerprints; JSON object key order is irrelevant (18.2679ms)
✔ captured source text and measurement precision survive exact; no legacy metadata reinterpretation (7.1296ms)
✔ explicit review and restoration action evidence survives Save/Open without becoming a fresh confirmation (15.4587ms)
✔ projection omits current editor registry, raw fields, display/view and history stacks, preserving source originals (171.9413ms)
✔ all current pending field families fail capture explicitly and leave originals unchanged (177.1763ms)
✔ malformed envelopes, server identity spoofing, invalid references and unsupported versions reject without mutation (293.2798ms)
✔ invented confirmation or modified restoration evidence cannot pass merely by submitting a status flag (3.7126ms)
✔ credential fields, unbounded payloads, accessors, cycles and non-finite values explicitly reject (3.7718ms)
✔ legacy schema2/3 save remains explicit unchanged and does not auto-adopt newer document contracts (4.5047ms)
✔ historical snapshot versions and their original serialized source text survive without recalculation or upgrade (121.6798ms)
✔ async evaluation owns the submitted payload and server binding before awaiting fingerprints (14.2946ms)
✔ JSONB-incompatible NUL or lone-surrogate content rejects explicitly while valid Unicode remains exact (15.9164ms)
✔ pending opening-delete command slot is omitted while deleted geometry and performed action evidence remain exact (170.4875ms)
✔ captured rectangular layout has actual room and window geometry, room dimensions and source identity (35.8512ms)
✔ door top left inward preserves editor clockwise handing and swing path (16.4065ms)
✔ door top left outward preserves editor clockwise handing and swing path (12.4467ms)
✔ door top right inward preserves editor clockwise handing and swing path (11.7973ms)
✔ door top right outward preserves editor clockwise handing and swing path (10.741ms)
✔ door right left inward preserves editor clockwise handing and swing path (3.9414ms)
✔ door right left outward preserves editor clockwise handing and swing path (6.0761ms)
✔ door right right inward preserves editor clockwise handing and swing path (39.0114ms)
✔ door right right outward preserves editor clockwise handing and swing path (30.2092ms)
✔ door bottom left inward preserves editor clockwise handing and swing path (7.7073ms)
✔ door bottom left outward preserves editor clockwise handing and swing path (5.3184ms)
✔ door bottom right inward preserves editor clockwise handing and swing path (3.961ms)
✔ door bottom right outward preserves editor clockwise handing and swing path (3.2161ms)
✔ door left left inward preserves editor clockwise handing and swing path (4.265ms)
✔ door left left outward preserves editor clockwise handing and swing path (3.4322ms)
✔ door left right inward preserves editor clockwise handing and swing path (3.1042ms)
✔ door left right outward preserves editor clockwise handing and swing path (2.9425ms)
✔ asymmetric top opening center uses captured clockwise wall offset (8.7925ms)
✔ asymmetric right opening center uses captured clockwise wall offset (16.5467ms)
✔ asymmetric bottom opening center uses captured clockwise wall offset (4.5072ms)
✔ asymmetric left opening center uses captured clockwise wall offset (3.5799ms)
✔ sliding doors keep captured style without adding a hinged swing (4.7771ms)
✔ shared door has a gap on each attachment but only one primary swing (3.4052ms)
✔ overlapping coordinates on different levels remain isolated; display order and empty levels are explicit (16.7218ms)
✔ schema5 renders captured stairs, endpoint landings, surface openings, zones and cabinet blocks using room-local bounds (41.9842ms)
✔ unsupported surface geometry stays in its schedule without a fabricated rectangle (20.6405ms)
✔ unknown dimensions and absent placements are reported without positions or zero-sized placeholders (7.7331ms)
✔ invalid opening fit is not silently clamped onto its room wall (3.4841ms)
✔ large translated coordinates retain readable normalized geometry while lost numeric extents are explicit (6.7986ms)
✔ historical drawing is deterministic and leaves complete frozen capture unchanged: m3b-v1-snapshot.json (22.2191ms)
✔ historical drawing is deterministic and leaves complete frozen capture unchanged: m3d-v2-snapshot.json (17.5469ms)
✔ historical drawing is deterministic and leaves complete frozen capture unchanged: m3d-v3-snapshot.json (43.6575ms)
✔ historical drawing is deterministic and leaves complete frozen capture unchanged: m3d-v4-snapshot.json (21.3309ms)
✔ untrusted names and IDs are escaped in HTML and SVG and cannot inject CSS, scripts or network requests (5.4153ms)
✔ metric drawing dimensions do not change geometry, and print CSS keeps each level separate with paginating schedules (4.3609ms)
✔ local export captures rich schema five without rewriting draft, evidence or selected work (585.1225ms)
✔ local export refuses pending dimension without changing raw text (7.0721ms)
✔ local export refuses pending waste without changing raw text (3.8478ms)
✔ captured report remains bound to its original geometry when later edits commit (65.0694ms)
✔ CSV independently parses exact selected quantities, deductions, waste and identity counts (109.0378ms)
✔ metric display rounds at the boundary and canonical columns retain every captured amount (49.99ms)
✔ a height change is a distinct capture: walls change, floor and ceiling remain unchanged (79.0394ms)
✔ clearing ceiling height retains floor quantities and explicit unavailable walls (40.748ms)
✔ a usable room subtotal never becomes the selected total when another room lacks dimensions (8.8023ms)
✔ unconfirmed dimensions remain provisional even with complete scope coverage (16.2774ms)
✔ unsupported vaulted ceiling reports its reason and never substitutes verified flat-ceiling quantities (13.039ms)
✔ historical immutable capture keeps its exact versions and totals: m3b-v1-snapshot.json (69.5732ms)
✔ historical immutable capture keeps its exact versions and totals: m3d-v2-snapshot.json (72.196ms)
✔ historical immutable capture keeps its exact versions and totals: m3d-v3-snapshot.json (120.9467ms)
✔ historical immutable capture keeps its exact versions and totals: m3d-v4-snapshot.json (95.249ms)
✔ current layout-version capture retains source groups, height, style and layout data unchanged (72.8796ms)
✔ spreadsheet formula names, including hidden leading whitespace/newlines, are inert cells (364.809ms)
✔ CSV quoted commas, quotes, Unicode and multiline names survive independent parsing (24.4171ms)
✔ HTML escapes names and evidence in every context, with no scripts or network elements (30.5363ms)
✔ saved provenance distinguishes verified server identities from captured source revision (33.3689ms)
✔ many long Unicode room names stay complete with print pagination and repeated table headers (75.2113ms)
✔ empty captured scope is not labeled a complete takeoff (5.3332ms)
✔ renderer never recalculates a captured evaluation or mutates supplied bytes (78.2192ms)
✔ invalid display or provenance options fail explicitly (24.8072ms)
✔ 10 by 12 feet contributes its 44-foot perimeter once with no openings (1.3122ms)
✔ one 3-foot door deducts from both baseboard and base shoe (2.0775ms)
✔ elevated windows never add another perimeter or deduct trim (0.2266ms)
✔ 3-foot and 2.5-foot doors deduct exactly once for 38.5 feet of trim (0.1929ms)
✔ 32-inch entered widths retain their precision and their own size group (0.281ms)
✔ legacy doors without dimension properties retain their pixel-width conversion (0.1986ms)
✔ invalid historical dimension properties fall back to a valid legacy pixel size (0.1675ms)
✔ fractional entered inches are not rounded for deductions or grouping (0.198ms)
✔ all supported door styles use the entered opening width (0.2163ms)
✔ conflicting legacy widths produce a review warning without rewriting data (0.2898ms)
✔ consistent widths and conversion precision do not produce false review warnings (0.156ms)
✔ multiple rooms contribute independently and calculations never mutate sketches (0.2115ms)
✔ an empty sketch has no material quantities (0.1364ms)
✔ known confirmation is explicit, timestamped, detached and repeatable (12.5162ms)
✔ unknown or conflicting measurements cannot be confirmed implicitly (5.6729ms)
✔ candidate resolution requires an explicit existing index and never chooses the first (2.336ms)
✔ candidate evidence and returned measurement do not alias the source or event (1.8223ms)
✔ correction invalidates previous confirmation and retains original evidence in the event (0.6365ms)
✔ even a same-value correction resets confirmation; unknown can be filled explicitly (0.4153ms)
✔ corrections require positive known new evidence, with zero allowed only for elevations (2.9334ms)
✔ actions reject missing/malformed timestamps, unknown actions and extra fields (5.2977ms)
✔ room resize returns invalid opening fit without moving openings or changing unrelated evidence (7.8576ms)
✔ document actions validate explicit targets and require v2 (1.5378ms)
✔ current readiness clears after resolution and confirmation despite retained historical warnings (5.1239ms)
✔ legacy original JSON, unknown metadata and v2 reprocessing survive explicit correction (4.1655ms)
✔ history rejects stale revisions and foreign draft identities without consuming either stack (121.291ms)
✔ missing targets, reused domain IDs and mutation of frozen state fail without erasing history (67.3634ms)
✔ failed targeted opening recovery preserves the newer chronological undo entry (71.5059ms)
✔ correcting and undoing an imported conflict restores exact candidates, provenance and original JSON (47.4619ms)
✔ undo of an entered imported unknown restores its reason; clear/undo keeps exact retained evidence (60.2215ms)
✔ old v1/v2 snapshots still verify after correcting, undoing and redoing a confirmed imported value (155.2295ms)
✔ explicit measurement/model confirmation and candidate resolution create visible chronological boundaries (167.6779ms)
✔ undo preserves unrelated raw text and old unit contexts, but blocks the conflicting field until Revert (81.8198ms)
✔ undoing output removal restores its exact request order without overwriting another output raw field (48.0487ms)
✔ one committed room transaction updates quantities; raw typing and Enter/blur do not add steps (73.8368ms)
✔ room creation reuses exact IDs on redo, respects active units, and does not copy original source into history (22.5574ms)
✔ name editing coalesces one explicit session and returning to the initial name leaves no transaction (49.8965ms)
✔ clear restores exact known value and unknown again without inventing a shared measurement event (24.6141ms)
✔ formerly confirmed correction undo and repeated redo stay unconfirmed with immutable prior evidence (48.1875ms)
✔ model declaration undo appends actual declare transition and never restores a previous approval (35.7958ms)
✔ opening move and dimension undo retain identity, style, other raw fields and exact physical coordinates (135.8436ms)
✔ opening creation and general deletion restore IDs and clean fields in the active metric display (78.9872ms)
✔ zero opening sill is restored as zero, and unknown sill remains unresolved (59.3343ms)
✔ opening appearance and measurement basis are separate reversible committed transactions (97.9523ms)
✔ opening delete restores previous targets only without later scope interaction and preserves later waste raw edits (85.2785ms)
✔ waste undo is guarded by pending raw; Revert does not erase redo or rewind scope revision (28.2607ms)
✔ scope and policy transactions undo precisely without changing quantities source or unrelated raw waste (77.8175ms)
✔ a new committed branch clears redo while raw edits, Revert, same-value name and unit switches preserve it (27.2712ms)
✔ history is bounded to fifty committed transactions and independently retained per draft (669.383ms)
✔ recovery retains latest committed state and typed evidence but deliberately starts empty history (30.6938ms)
✔ failed recovery writes preserve old bytes while accepting memory edit and its Undo/Redo atomically (8.8279ms)
✔ corrupt restoration evidence is rejected without overwriting stored bytes (22.4669ms)
✔ forged stale source restoration and forged dimension zero fail typed recovery validation (10.5476ms)
✔ existing targeted deletion recovery establishes one explicit boundary after success (28.2451ms)
✔ general Redo of an original delete renews its bounded targeted recovery without creating recovery for Undo creation (43.0014ms)
✔ explicit feet and inches use physical millimeters (4.0365ms)
✔ compound feet/inches, decimal feet and metric inputs agree (3.0173ms)
✔ long unit names, uppercase and decimal metric inputs are explicit (0.4733ms)
✔ fractional inch source and denominator retain intended precision (1.13ms)
✔ compound fractional inches retain each component and do not snap (0.2425ms)
✔ equal decimal values retain distinct input precision (0.2536ms)
✔ bare input needs a unit; explicit suffix takes precedence (0.8706ms)
✔ invalid dimensions reject zero and negative values (0.5111ms)
✔ zero elevation and negative presentation coordinate are valid distinct contexts (0.4219ms)
✔ unknown values remain explicit and cannot carry a fabricated zero (0.3476ms)
✔ malformed and partially parsed strings fail rather than truncating (0.2989ms)
✔ invalid fractions and fractions in unsupported units reject (0.2454ms)
✔ nonfinite, overflow and unrepresentable precision fail explicitly (0.7788ms)
✔ formatting rounds display only and requires valid precision (0.5443ms)
✔ square units convert separately and never use a length factor once (0.2874ms)
✔ physical comparison tolerance does not quantize stored values (0.2966ms)
✔ empty plans have no bounds, while zero extents are left for the viewport to handle (1.7057ms)
✔ negative and distant fractional rooms produce bounds in their actual coordinate system (0.2124ms)
✔ top outswing fits both stored hinge sides using actual door width (0.3514ms)
✔ right outswing fits both stored hinge sides using actual door width (0.1289ms)
✔ bottom outswing fits both stored hinge sides using actual door width (0.1246ms)
✔ left outswing fits both stored hinge sides using actual door width (0.1092ms)
✔ sliding doors add their real bar bounds without an invisible swing extent (0.1311ms)
✔ large inward swings and bars remain included even when legacy geometry exceeds room extents (0.1328ms)
✔ legacy doors preserve the rendered40px bar and60px swing, not their conflicting saved size (0.2079ms)
✔ horizontal legacy windows use actual saved width beyond the room, independent of height metadata (0.2027ms)
✔ vertical legacy windows use actual saved width and off-center attachment (0.1187ms)
✔ bounds preserve frozen saved rooms, openings, optional fields and custom metadata (0.3519ms)
✔ M2C Q-001: independent known answers for all ten outputs, selected top face and waste (46.8922ms)
✔ M2C net walls independently derive gross basis without a separate gross output selection (3.0051ms)
✔ M2C missing window height preserves floor/gross and labels the 256 sq ft partial net subtotal (12.9132ms)
✔ M2C known unconfirmed dimensions produce provisional numbers, never confirmed results (17.3026ms)
✔ M2C known measurements marked needs-review remain blocked rather than provisional (1.9369ms)
✔ M2C unresolved/conflicting widths block relevant quantities but preserve unrelated floor work (10.5845ms)
✔ M2C no openings and elevated windows preserve gross perimeter floor runs (13.3249ms)
✔ M2C multiple separated zero-sill doors deduct each actual interruption once (2.3705ms)
✔ M2C precise 32-inch door and fractional/metric equivalents retain physical quantities (13.5964ms)
✔ M2C shared physical door inventory once, deductions and casing per explicitly selected attachment (3.1791ms)
✔ M2C crown deducts explicit full-height gaps and leaves ordinary openings intact (12.986ms)
✔ M2C explicit basis mismatch blocks opening-derived work without rewriting measurements (1.9721ms)
✔ M2C invalid and duplicate selections are contract errors; empty selections select nothing (5.3877ms)
✔ M2C invalid relevant geometry stays unavailable and unrelated floor work remains usable (14.4319ms)
✔ M2C accepted boundary tolerance intersects effective deductions without changing raw dimensions (4.0504ms)
✔ M2C accepted overlap is unioned once in trim and wall rectangles; positive tiny gaps remain gaps (5.2232ms)
✔ M2C stacked rectangles with a positive vertical gap deduct separate areas without bridging the gap (2.7168ms)
✔ M2C finite oversized dimensions, product overflow, underflow and waste overflow have structured errors (6.668ms)
✔ M2C aggregate addition overflow leaves individual rows inspectable without a selected total (1.7411ms)
✔ M2C multi-room allowance and adjusted aggregate sum rows without a second waste application (1.5248ms)
✔ M2C frozen source remains unchanged; owned results and evidence are deeply detached and frozen (32.837ms)
✔ M2C viewport/metadata changes do not affect quantities or introduce presentation in results (25.5929ms)
✔ M2C explicit legacy adaptation preserves JSON and idempotency without implicit calculation migration (3.9827ms)
✔ M2C malformed/cyclic/nonfinite v2 data returns a contract error, never a fabricated zero (1.6798ms)
✔ M2C deterministic properties: valid deductions bounded, waste monotone, sums reconcile, selection order irrelevant (656.4454ms)
✔ M2C result schemas reject unit/status/extra-field tampering and nonfinite quantities (40.8425ms)
✔ M2C direct engine rejects accessors and sparse request arrays without invoking getters (0.8096ms)
✔ M2C partial subtotal explicitly retains provisional included measurements (6.48ms)
✔ M2C materially shortened spans at large offsets or elevations block trim, wall and casing quantities (6.1567ms)
✔ M2C ordinary narrow in-bounds openings retain quantities and label roundoff without invented boundary clipping (5.8247ms)
✔ M2C fully absorbed waste and aggregate contributions return arithmetic precision errors (4.6391ms)
✔ M2C fully absorbed nonzero deductions are unavailable rather than silently omitted (1.1268ms)
✔ M2C narrow M2B regression: large-coordinate exact spans do not inflate the 0.01mm overrun tolerance (1.3678ms)
✔ M2C narrow M2B regression: large-coordinate exact spans do not inflate the floor overlap tolerance (1.8038ms)
✔ Q-001 has sufficient valid confirmed dependencies for all selected quantities, without totals (12.6238ms)
✔ missing ceiling height does not block floor, flat ceiling, floor trim or ordinary crown (9.7595ms)
✔ missing window height blocks its net face but not gross area or floor-level runs (8.0264ms)
✔ unknown sill cannot be assumed elevated; known elevated windows do not need width for floor runs (15.0241ms)
✔ unresolved door width blocks only selected width-dependent work (3.7569ms)
✔ numeric availability, invalid geometry and confirmation remain independent (3.0829ms)
✔ known measurement carrying needs-review provenance stays numerically available but unresolved (1.1856ms)
✔ missing dimensions on an unselected wall/room do not block selected work (1.3922ms)
✔ floor-level width and sill suffice for trim even when opening height is unknown (1.4837ms)
✔ overlapping floor interruptions have a local interval error without requiring heights (2.5057ms)
✔ explicit floor-level kind with elevated sill invalidates floor-run classification (1.4982ms)
✔ crown ignores ordinary openings and validates only explicitly selected full-height gaps (1.9875ms)
✔ shared opening supplies one identity basis and two independent selected deduction/casing faces (1.3962ms)
✔ inventory needs identities, not dimensions, and rejects unsupported same-room shared relationships (2.0155ms)
✔ casing reports exact neighboring opening whose missing extent prevents overlap validation (13.379ms)
✔ empty scopes stay empty for every selection type (2.3725ms)
✔ invalid IDs, repeated IDs/outputs, wrong kinds and unattached casing faces are errors (3.5957ms)
✔ unsupported policy, document mismatch and malformed options fail without rewriting history (2.958ms)
✔ waste is explicit decimal fraction, finite and nonnegative, without applying it (3.3782ms)
✔ nominal, clear, finished and rough bases stay distinct and are never converted (3.9247ms)
✔ malformed v2 produces detailed structural errors rather than a readiness claim (1.6384ms)
✔ frozen request and document produce repeatable detached readiness without history blockers (3.3054ms)
✔ floor-run overlap uses endpoint magnitudes at the 0.01mm tolerance boundary (7.7229ms)
✔ unknown ceiling on the other shared face does not block selected known face (1.0442ms)
✔ canonical JSON sorts object keys by UTF-16, preserves arrays and special own keys (3.9179ms)
✔ canonical JSON rejects coercion, sparse arrays, accessors, cycles and excess depth (0.9168ms)
✔ platform SHA-256 matches independent Node crypto over the documented canonical bytes (24.9234ms)
✔ calculation content/fingerprints repeat without fabricating a saved revision (147.218ms)
✔ viewport, presentation, names, arbitrary metadata and legacy original do not change calculation fingerprints (43.6698ms)
✔ geometry changes change both hashes; provenance/confirmation change only content hash (102.5124ms)
✔ selection, waste, opening basis and source identity are bound to calculation content (11.0602ms)
✔ object insertion order is irrelevant to calculation fingerprints (36.6785ms)
✔ snapshot owns stable frozen source/result copies and captures before the first asynchronous hash (84.6346ms)
✔ snapshot IDs/timestamps do not change deterministic calculation content (54.2545ms)
✔ confirmed snapshots reject provisional, blocked, empty and known-needs-review selections (23.5736ms)
✔ confirmation gate applies only selected outputs; inventory explicitly needs no dimension confirmation (5.5903ms)
✔ snapshot validates metadata and version, and independently detects quantity/source tampering (98.4509ms)
✔ legacy originals and supplied measurement action evidence are detached and retained in snapshots (10.6038ms)
✔ display formatting is explicit and never changes canonical engine amounts (6.2671ms)
✔ snapshot rejects impossible or target-incompatible measurement events (29.9307ms)
✔ Quick Rooms starts with no verified zero project or invented dimensions (14.8541ms)
✔ entered 12x10x8 uses the real engine for 120 floor, 120 ceiling and 352 gross walls (13.6168ms)
✔ clearing ceiling height keeps floor and ceiling available, gross walls unavailable (9.1033ms)
✔ invalid visible edits mask stale dependent values without mutating canonical measurements (10.6392ms)
✔ valid but uncommitted text and blank typing also hide prior totals (7.8ms)
✔ zero, negative, exponent and invalid fractions never become valid dimensions (19.7779ms)
✔ equivalent imperial and metric syntax preserves the same 3810 mm length (1.3809ms)
✔ fractional text is not reformatted on typing or commit (0.7174ms)
✔ Enter plus blur commits once and repeating unchanged edits is a no-op (0.7432ms)
✔ committed unit changes change presentation only and retain original provenance (4.8561ms)
✔ an unresolved bare value retains feet context when project display changes to meters (15.133ms)
✔ clearing an old-unit edit releases its context before a new bare metric measurement (1.7047ms)
✔ resolving an old-unit edit converts presentation to the selected unit while retaining parsed evidence (1.7418ms)
✔ new metric fields use metric context without affecting older dirty fields (0.5422ms)
✔ duplicate creates independent IDs and state; editing its length yields project 270 and 752 (15.4675ms)
✔ duplicate resets known confirmation, preserves unresolved candidates and clones presentation (3.1105ms)
✔ duplicate preserves incomplete form context and masks copied stale values (9.7955ms)
✔ unsupported openings and future physical properties are rejected without lossy duplication (8.4925ms)
✔ room ID collisions include existing wall IDs and never mutate the input (4.3999ms)
✔ rename and intended removal affect only the selected room while retaining action evidence (1.8618ms)
✔ preview is detached and only selects room-only zero-waste quantities (1.1522ms)
✔ storage round-trip retains raw edits, unit contexts and action evidence without quantity totals (28.2441ms)
✔ unit-switched clean presentation recovers without rescaling or confirming canonical dimensions (8.3915ms)
✔ missing, corrupt, unsupported and future cache contents are classified without rewriting (4.1296ms)
✔ cache rejects nonfinite measurements, stale field sets and duplicate physical IDs (13.8631ms)
✔ cache never trusts forged clean flags while visible text disagrees with canonical values (24.0883ms)
✔ cache rejects restored confirmation and identified revisions instead of implying authority (3.0911ms)
✔ cache validates captured actions with existing replay rules (3.0295ms)
✔ cache rejects unsupported content instead of dropping it, including document extras (6.8776ms)
✔ serialization rejects cyclic/exotic input rather than omitting or coercing original data (3.322ms)
✔ historical correction evidence survives clearing and removing its original target (2.4944ms)
✔ explicit groups expand without merging touching ungrouped rooms or opening identity (1.6475ms)
✔ group deletion undo restores every member and opening without replacing later unrelated edits (0.2628ms)
✔ legacy API validates optional group and window metadata without changing old sketches (3.5634ms)
ℹ tests 707
ℹ suites 0
ℹ pass 707
ℹ fail 0
ℹ cancelled 0
ℹ skipped 0
ℹ todo 0
ℹ duration_ms 8204.8288
