
> rest-express@1.0.0 build
> vite build && esbuild server/index.ts --platform=node --packages=external --bundle --format=esm --outdir=dist

vite v5.4.14 building for production...
transforming...
Browserslist: browsers data (caniuse-lite) is 23 months old. Please run:
  npx update-browserslist-db@latest
  Why you should do it regularly: https://github.com/browserslist/update-db#readme
✓ 1874 modules transformed.
rendering chunks...
computing gzip size...
../dist/public/index.html                          1.80 kB │ gzip:   0.73 kB
../dist/public/assets/index-BqU-R2vP.css          72.89 kB │ gzip:  12.96 kB
../dist/public/assets/display-B9tm52Fi.js          0.78 kB │ gzip:   0.48 kB
../dist/public/assets/QuickRooms-DqstFEyE.js      15.39 kB │ gzip:   5.58 kB
../dist/public/assets/PhysicalDraft-Dlk-59H9.js  261.71 kB │ gzip:  75.14 kB
../dist/public/assets/index-DxtnR7wa.js          848.77 kB │ gzip: 250.78 kB

(!) Some chunks are larger than 500 kB after minification. Consider:
- Using dynamic import() to code-split the application
- Use build.rollupOptions.output.manualChunks to improve chunking: https://rollupjs.org/configuration-options/#output-manualchunks
- Adjust chunk size limit for this warning via build.chunkSizeWarningLimit.
✓ built in 4.08s

  dist\index.js  391.0kb

Done in 17ms
