
> rest-express@1.0.0 test:authorization:db
> node --import tsx --test tests/database/authorization.test.ts

TAP version 13
# Subtest: additive migration preserves old users and every legacy payload field without assigning ownership
ok 1 - additive migration preserves old users and every legacy payload field without assigning ownership
  ---
  duration_ms: 100.7465
  ...
# Subtest: actual PostgreSQL CRUD enforces roles and assigns validated workspace outside the legacy DTO
ok 2 - actual PostgreSQL CRUD enforces roles and assigns validated workspace outside the legacy DTO
  ---
  duration_ms: 33.778
  ...
# Subtest: known other-workspace IDs and workspace selections never disclose or mutate B records
ok 3 - known other-workspace IDs and workspace selections never disclose or mutate B records
  ---
  duration_ms: 28.5294
  ...
# Subtest: viewer reads succeed but all writes and editor membership administration fail
ok 4 - viewer reads succeed but all writes and editor membership administration fail
  ---
  duration_ms: 21.9607
  ...
# Subtest: issuer and subject jointly identify a current principal; malformed, forged and nonmember identities deny
ok 5 - issuer and subject jointly identify a current principal; malformed, forged and nonmember identities deny
  ---
  duration_ms: 12.9084
  ...
# Subtest: membership revocation/demotion and principal/identity revocation take effect on the next operation
ok 6 - membership revocation/demotion and principal/identity revocation take effect on the next operation
  ---
  duration_ms: 20.0538
  ...
# Subtest: mass-assigned authority is rejected while nested drawing metadata remains inert and compatible
ok 7 - mass-assigned authority is rejected while nested drawing metadata remains inert and compatible
  ---
  duration_ms: 33.4188
  ...
# Subtest: unowned legacy records stay inaccessible despite known IDs and remain unmodified
ok 8 - unowned legacy records stay inaccessible despite known IDs and remain unmodified
  ---
  duration_ms: 24.508
  ...
# Subtest: only current owners administer existing memberships and cannot remove the last active owner
ok 9 - only current owners administer existing memberships and cannot remove the last active owner
  ---
  duration_ms: 24.8302
  ...
# Subtest: database constraints reject dangling ownership, duplicate identity and invalid roles
ok 10 - database constraints reject dangling ownership, duplicate identity and invalid roles
  ---
  duration_ms: 33.1764
  ...
# Subtest: an in-flight mutation waits for workspace membership changes and rechecks the committed role
ok 11 - an in-flight mutation waits for workspace membership changes and rechecks the committed role
  ---
  duration_ms: 20.3682
  ...
# Subtest: a protected write holds its authorization lock until commit and revocation waits, then denies subsequent writes
ok 12 - a protected write holds its authorization lock until commit and revocation waits, then denies subsequent writes
  ---
  duration_ms: 77.4802
  ...
# Subtest: simultaneous owner demotions serialize and leave one active owner
ok 13 - simultaneous owner demotions serialize and leave one active owner
  ---
  duration_ms: 13.0547
  ...
# Subtest: missing or malformed database binding and repository failures never fall back to unscoped data
ok 14 - missing or malformed database binding and repository failures never fall back to unscoped data
  ---
  duration_ms: 10.6728
  ...
# Subtest: actual HTTP middleware and routes enforce scoped PostgreSQL persistence with private responses
ok 15 - actual HTTP middleware and routes enforce scoped PostgreSQL persistence with private responses
  ---
  duration_ms: 67.4859
  ...
1..15
# tests 15
# suites 0
# pass 15
# fail 0
# cancelled 0
# skipped 0
# todo 0
# duration_ms 1003.9693
