
> rest-express@1.0.0 test:physical:db
> node --import tsx --test tests/database/physical-plans.test.ts

✔ additive physical migration leaves legacy ownership and old account tables unchanged (244.2635ms)
✔ 0004 preserves every preexisting plan/revision/evaluation/receipt column and immutable triggers (45.406ms)
✔ create persists complete schema5 envelope and server-authored evaluated identity atomically (97.3793ms)
✔ 12x10x8 quantities and later 9ft revision preserve original geometry, totals and snapshot (120.9216ms)
✔ a fresh repository connection retrieves committed plans and revisions without local cache (102.5438ms)
✔ two different writes against one base serialize: one succeeds and one conflicts with no partial row (134.0421ms)
✔ concurrent identical create keys and lost-response retries return exactly one committed result (146.0721ms)
✔ UUID case variants serialize against the same scoped key and append resource identity (119.5265ms)
✔ concurrent identical append keys replay the original outcome even after newer revisions exist (227.6753ms)
✔ full-content idempotency includes names and expected base, not just calculation geometry (117.5399ms)
✔ same key is independently scoped to principal and workspace (110.8084ms)
✔ foreign IDs never expose list, current, immutable revision or mutation content (100.2386ms)
✔ viewer cannot create or append and revoked successful actor cannot replay a receipt (58.9584ms)
✔ missing If-Match, wildcard, weak/multiple ETags and stale versions never create revisions (132.952ms)
✔ supported unknowns save as incomplete and unsupported/malformed references fail without mutation (117.079ms)
✔ bounded keyset pagination lists only workspace summaries once and rejects unbounded requests (254.8552ms)
✔ SQL foreign keys reject dangling pointers and cross-workspace plan/revision relationships (98.0726ms)
✔ saved revision contents and accepted receipts are append-only at the SQL boundary (54.896ms)
✔ failure after revision insertion rolls back plan, revision, receipt and current pointer together (157.8826ms)
✔ membership change ahead of a waiting save is checked inside its eventual SQL transaction (21.5957ms)
✔ logout and workspace switching invalidate the original session before receipt replay (79.8422ms)
✔ in-flight save holds session authorization until commit, then workspace switch invalidates subsequent use (141.8587ms)
✔ rich levels/stairs/landings/holes/uses/zones/cabinets/opening evidence roundtrips with unchanged252 takeoff (440.0766ms)
✔ archive and restore affect project metadata and list filters without rewriting any captured revision (99.1287ms)
✔ accepted create and append receipts still recover lost acknowledgements after archive (143.7218ms)
✔ duplicate preserves complete rich envelope, historical evaluation, payload and name under explicit new storage identity (401.3558ms)
✔ an explicitly selected archived project can be duplicated into a separate active project without restoring its source (70.467ms)
✔ concurrent exact duplicate requests create one target and one immutable lifecycle receipt (72.7207ms)
✔ lifecycle preconditions bind both current revision and archive generation, including archive/restore ABA (119.6622ms)
✔ archive receipt replay returns the original outcome and current status without rearchiving a restored project (63.3807ms)
✔ restore receipt replay cannot reactivate a subsequently archived project (70.0241ms)
✔ duplicate receipt replay keeps its original first revision while reflecting current target head and archive state (119.0282ms)
✔ lifecycle keys reject changed captured revision or precondition rather than execute a second operation (61.164ms)
✔ all lifecycle operations enforce actor permissions and workspace ownership even for known IDs (89.3309ms)
✔ lifecycle input and exact preconditions reject wildcard, weak, multiple, extra and malformed values (70.6049ms)
✔ fresh no-op archive and restore are explicit conflicts and never increase lifecycle generation (63.0157ms)
✔ lifecycle SQL metadata constraints and immutable receipts reject cross-workspace and malformed history (110.6657ms)
✔ concurrent archive and fresh append serialize on the plan and cannot both accept a stale displayed head (93.2874ms)
✖ lifecycle receipt insertion failure rolls back a copied plan and archive transition atomically (58.9867ms)
✔ waiting lifecycle mutation rechecks a revoked writer after the authorization lock is released (78.7607ms)
✔ logout or selected workspace changes block lifecycle receipt replay before any receipt is returned (69.7477ms)
✔ lifecycle key scope includes operation and resource, and canonical UUID casing preserves retries (114.7072ms)
ℹ tests 42
ℹ suites 0
ℹ pass 41
ℹ fail 1
ℹ cancelled 0
ℹ skipped 0
ℹ todo 0
ℹ duration_ms 5786.6558

✖ failing tests:

test at tests\database\physical-plans.test.ts:15:21126
✖ lifecycle receipt insertion failure rolls back a copied plan and archive transition atomically (58.9867ms)
  AssertionError [ERR_ASSERTION]: The input did not match the regular expression /Synthetic lifecycle failure/. Input:

  'Error: Failed query: insert into "physical_lifecycle_receipts" ("principal_id", "workspace_id", "operation", "resource_plan_id", "idempotency_key", "request_hash", "result_plan_id", "result_revision_id", "applied_archived_at", "applied_lifecycle_version", "created_at") values ($1, $2, $3, $4, $5, $6, $7, $8, $9, $10, default)\n' +
    'params: 847292c5-7c31-43d5-a705-d34144fe7466,35173c2d-bf3f-4c3b-b2aa-39737ff8a273,duplicate,07281ff9-5493-41d9-8656-7c6d5a3025cc,a6f1a298-88a1-45f2-92f7-57cd4ca43c21,92e4c8ad10e832c1086a5247caa72f4d4bf65dc482179d7e35ad148e82cbc052,ac1f14d8-2b4a-45c9-b1a4-1fc20a38fb57,91151d6f-d298-45d2-ac30-2497745b1cb8,,0'

      at process.processTicksAndRejections (node:internal/process/task_queues:104:5)
      at async TestContext.<anonymous> (<isolated-source>\tests\database\physical-plans.test.ts:565:7)
      at async Test.run (node:internal/test_runner/test:1409:7)
      at async Test.processPendingSubtests (node:internal/test_runner/test:974:7) {
    generatedMessage: true,
    code: 'ERR_ASSERTION',
    actual: Error: Failed query: insert into "physical_lifecycle_receipts" ("principal_id", "workspace_id", "operation", "resource_plan_id", "idempotency_key", "request_hash", "result_plan_id", "result_revision_id", "applied_archived_at", "applied_lifecycle_version", "created_at") values ($1, $2, $3, $4, $5, $6, $7, $8, $9, $10, default)
    params: 847292c5-7c31-43d5-a705-d34144fe7466,35173c2d-bf3f-4c3b-b2aa-39737ff8a273,duplicate,07281ff9-5493-41d9-8656-7c6d5a3025cc,a6f1a298-88a1-45f2-92f7-57cd4ca43c21,92e4c8ad10e832c1086a5247caa72f4d4bf65dc482179d7e35ad148e82cbc052,ac1f14d8-2b4a-45c9-b1a4-1fc20a38fb57,91151d6f-d298-45d2-ac30-2497745b1cb8,,0
        at PostgresJsPreparedQuery.queryWithCache (<isolated-source>\node_modules\src\pg-core\session.ts:73:11)
        at process.processTicksAndRejections (node:internal/process/task_queues:104:5)
        at async <anonymous> (<isolated-source>\server\physicalPlanStorage.ts:217:7)
        at async scope (file:///<isolated-source>/node_modules/postgres/src/index.js:259:18)
        at async sql.begin (file:///<isolated-source>/node_modules/postgres/src/index.js:242:14)
        at async waitForActual (node:assert:646:5)
        at async strict.rejects (node:assert:769:25)
        at async TestContext.<anonymous> (<isolated-source>\tests\database\physical-plans.test.ts:565:7)
        at async Test.run (node:internal/test_runner/test:1409:7)
        at async Test.processPendingSubtests (node:internal/test_runner/test:974:7) {
      [cause]: PostgresError: Synthetic lifecycle failure
          at ErrorResponse (file:///<isolated-source>/node_modules/postgres/src/connection.js:788:26)
          at handle (file:///<isolated-source>/node_modules/postgres/src/connection.js:474:6)
          at Socket.data (file:///<isolated-source>/node_modules/postgres/src/connection.js:315:9)
          at Socket.emit (node:events:514:28)
          at addChunk (node:internal/streams/readable:568:12)
          at readableAddChunkPushByteMode (node:internal/streams/readable:519:3)
          at Readable.push (node:internal/streams/readable:399:5)
          at TCP.onStreamRead (node:internal/stream_base_commons:189:23)
    },
    expected: /Synthetic lifecycle failure/,
    operator: 'rejects',
    diff: 'simple'
  }
