
> rest-express@1.0.0 test:authorization:db
> node --import tsx --test tests/database/authorization.test.ts

✔ additive migration preserves old users and every legacy payload field without assigning ownership (121.3413ms)
✔ actual PostgreSQL CRUD enforces roles and assigns validated workspace outside the legacy DTO (41.1467ms)
✔ known other-workspace IDs and workspace selections never disclose or mutate B records (40.1188ms)
✔ viewer reads succeed but all writes and editor membership administration fail (40.848ms)
✔ issuer and subject jointly identify a current principal; malformed, forged and nonmember identities deny (30.465ms)
✔ membership revocation/demotion and principal/identity revocation take effect on the next operation (37.2075ms)
✔ mass-assigned authority is rejected while nested drawing metadata remains inert and compatible (57.9401ms)
✔ unowned legacy records stay inaccessible despite known IDs and remain unmodified (38.7015ms)
✔ only current owners administer existing memberships and cannot remove the last active owner (41.2508ms)
✔ database constraints reject dangling ownership, duplicate identity and invalid roles (70.3326ms)
✔ an in-flight mutation waits for workspace membership changes and rechecks the committed role (20.4659ms)
✔ a protected write holds its authorization lock until commit and revocation waits, then denies subsequent writes (90.6959ms)
✔ simultaneous owner demotions serialize and leave one active owner (14.7836ms)
✔ missing or malformed database binding and repository failures never fall back to unscoped data (10.3373ms)
✔ actual HTTP middleware and routes enforce scoped PostgreSQL persistence with private responses (70.1617ms)
ℹ tests 15
ℹ suites 0
ℹ pass 15
ℹ fail 0
ℹ cancelled 0
ℹ skipped 0
ℹ todo 0
ℹ duration_ms 1382.7021
