
> rest-express@1.0.0 test:physical:db
> node --import tsx --test tests/database/physical-plans.test.ts

✔ additive physical migration leaves legacy ownership and old account tables unchanged (237.6115ms)
✔ 0004 preserves every preexisting plan/revision/evaluation/receipt column and immutable triggers (45.0185ms)
✔ create persists complete schema5 envelope and server-authored evaluated identity atomically (98.3816ms)
✔ 12x10x8 quantities and later 9ft revision preserve original geometry, totals and snapshot (121.9076ms)
✔ a fresh repository connection retrieves committed plans and revisions without local cache (95.6924ms)
✔ two different writes against one base serialize: one succeeds and one conflicts with no partial row (146.825ms)
✔ concurrent identical create keys and lost-response retries return exactly one committed result (149.72ms)
✔ UUID case variants serialize against the same scoped key and append resource identity (121.2189ms)
✔ concurrent identical append keys replay the original outcome even after newer revisions exist (236.0108ms)
✔ full-content idempotency includes names and expected base, not just calculation geometry (129.5493ms)
✔ same key is independently scoped to principal and workspace (127.3768ms)
✔ foreign IDs never expose list, current, immutable revision or mutation content (113.619ms)
✔ viewer cannot create or append and revoked successful actor cannot replay a receipt (66.0356ms)
✔ missing If-Match, wildcard, weak/multiple ETags and stale versions never create revisions (147.4279ms)
✔ supported unknowns save as incomplete and unsupported/malformed references fail without mutation (113.5702ms)
✔ bounded keyset pagination lists only workspace summaries once and rejects unbounded requests (292.9452ms)
✔ SQL foreign keys reject dangling pointers and cross-workspace plan/revision relationships (129.1018ms)
✔ saved revision contents and accepted receipts are append-only at the SQL boundary (59.1994ms)
✔ failure after revision insertion rolls back plan, revision, receipt and current pointer together (162.4299ms)
✔ membership change ahead of a waiting save is checked inside its eventual SQL transaction (20.5628ms)
✔ logout and workspace switching invalidate the original session before receipt replay (85.7378ms)
✔ in-flight save holds session authorization until commit, then workspace switch invalidates subsequent use (137.0339ms)
✔ rich levels/stairs/landings/holes/uses/zones/cabinets/opening evidence roundtrips with unchanged252 takeoff (478.1102ms)
✔ archive and restore affect project metadata and list filters without rewriting any captured revision (111.1922ms)
✔ accepted create and append receipts still recover lost acknowledgements after archive (154.9081ms)
✔ duplicate preserves complete rich envelope, historical evaluation, payload and name under explicit new storage identity (452.4979ms)
✔ an explicitly selected archived project can be duplicated into a separate active project without restoring its source (72.9896ms)
✔ concurrent exact duplicate requests create one target and one immutable lifecycle receipt (77.3554ms)
✔ lifecycle preconditions bind both current revision and archive generation, including archive/restore ABA (124.7938ms)
✔ archive receipt replay returns the original outcome and current status without rearchiving a restored project (68.4488ms)
✔ restore receipt replay cannot reactivate a subsequently archived project (91.1064ms)
✔ duplicate receipt replay keeps its original first revision while reflecting current target head and archive state (133.0773ms)
✔ lifecycle keys reject changed captured revision or precondition rather than execute a second operation (66.8107ms)
✔ all lifecycle operations enforce actor permissions and workspace ownership even for known IDs (83.077ms)
✔ lifecycle input and exact preconditions reject wildcard, weak, multiple, extra and malformed values (68.3786ms)
✔ fresh no-op archive and restore are explicit conflicts and never increase lifecycle generation (65.0705ms)
✔ lifecycle SQL metadata constraints and immutable receipts reject cross-workspace and malformed history (112.1688ms)
✔ concurrent archive and fresh append serialize on the plan and cannot both accept a stale displayed head (119.9735ms)
✔ lifecycle receipt insertion failure rolls back a copied plan and archive transition atomically (67.9578ms)
✔ waiting lifecycle mutation rechecks a revoked writer after the authorization lock is released (76.1669ms)
✔ logout or selected workspace changes block lifecycle receipt replay before any receipt is returned (74.2685ms)
✔ lifecycle key scope includes operation and resource, and canonical UUID casing preserves retries (122.5335ms)
ℹ tests 42
ℹ suites 0
ℹ pass 42
ℹ fail 0
ℹ cancelled 0
ℹ skipped 0
ℹ todo 0
ℹ duration_ms 6112.0905
