
> rest-express@1.0.0 test:physical
> node scripts/run-physical-tests.mjs

Running separate physical persistence HTTP/SQL suite (synthetic HTTPS and PostgreSQL).
✔ normal OIDC/session route creates complete physical revision and authoritative evaluation, distinct from local IDs (1200.8126ms)
✔ second real session and actual application process restart recover the same SQL revision with no local cache (1047.0916ms)
✔ height revision recomputes walls only and old revision stays byte-equivalent canonical content (259.1652ms)
✔ two real sessions on the same base commit exactly one revision and return412 to the stale writer (234.7461ms)
✔ lost create response and concurrent identical keys replay one accepted plan, while changed names conflict (154.2609ms)
✔ accepted append retries recover original outcome even after current has advanced, never duplicate revisions (225.8772ms)
✔ missing or invalid If-Match missing never inserts a revision (99.9411ms)
✔ missing or invalid If-Match * never inserts a revision (98.5589ms)
✔ missing or invalid If-Match W/"anything" never inserts a revision (99.6571ms)
✔ missing or invalid If-Match "not-a-revision" never inserts a revision (110.1135ms)
✔ two workspaces cannot list, read, revise or replay each other’s private records (146.6322ms)
✔ viewer can read but cannot save; revoked access cannot replay an old successful receipt (134.2797ms)
✔ exact Origin, request marker and context are enforced before physical mutations (62.8967ms)
✔ supported unknown measurements save without fabricated complete quantities (89.4248ms)
✔ malformed, forged output, unsupported, invalid references and unbounded bodies fail without SQL mutations (110.2261ms)
✔ bounded pagination returns accessible summaries only and rejects unsupported controls (165.1632ms)
✔ legacy authorized API remains separate and does not accept physical envelope or claim unowned records (66.5045ms)
✔ rich schema5 with stairs,landings,holes,zones,cabinets,appearance and evidence round trips through SQL without changing quantities (518.2649ms)
✔ saved exports retain exact captured quantities and bytes after a newer server revision exists (188.3377ms)
✔ viewer downloads are read-only and a later membership revocation denies another download (170.2068ms)
✔ foreign and mismatched plan/revision identifiers never reveal an export even when IDs are known (212.3619ms)
✔ export rechecks current session/context and never accepts a naked link or a logged-out cookie (113.206ms)
✔ export denies server-expired idle_expires_at even with retained session headers (87.6975ms)
✔ export denies server-expired absolute_expires_at even with retained session headers (95.5677ms)
✔ export rejects missing, repeated and unsupported format/unit controls instead of falling through to HTML (136.8836ms)
✔ saved export neutralizes formula labels and escapes executable markup without changing the source (104.3397ms)
✔ saved unknown ceiling height exports explicit incompleteness without replacing wall totals with zero (83.7182ms)
✔ saved schematic sheets use exact captured levels and geometry after later server edits (573.0572ms)
✔ schematic labels remain inert markup and invalid print controls fail closed (87.1924ms)
✔ project duplicate preserves rich captured evidence and quantities while later copy edits are independent (603.5142ms)
✔ archive retains saved captures and accepted receipt replay while rejecting fresh appends; restore changes only lifecycle metadata (244.2827ms)
✔ concurrent identical lifecycle retries produce one duplicate and old archive receipts cannot reapply after restore (121.4764ms)
✔ lifecycle preconditions reject stale saved heads and archive-restore ABA without touching physical history (178.5786ms)
✔ project routes validate exact preconditions, bodies, filters and query shapes before writes (122.4959ms)
✔ project lifecycle is denied to viewers, foreign workspaces, stale sessions and untrusted origins (170.6155ms)
✔ archive and append race resolves against one locked project head without hidden writes (161.9316ms)
✔ active and archived pagination remain separate and duplication of a copy retains original capture provenance (140.8581ms)
ℹ tests 37
ℹ suites 0
ℹ pass 37
ℹ fail 0
ℹ cancelled 0
ℹ skipped 0
ℹ todo 0
ℹ duration_ms 8700.7796
Running separate physical Save/Open browser suite (synthetic HTTPS and PostgreSQL).

Running 24 tests using 1 worker



(node:8608) Warning: The 'NO_COLOR' env is ignored due to the 'FORCE_COLOR' env being set.
(Use `node --trace-warnings ...` to show where the warning was created)

(node:8608) Warning: The 'NO_COLOR' env is ignored due to the 'FORCE_COLOR' env being set.
(Use `node --trace-warnings ...` to show where the warning was created)

[1/24] tests\persistence\physical-drawing-export.spec.ts:37:1 › saved drawing report retains captured labels and quantities despite newer local changes
[2/24] tests\persistence\physical-drawing-export.spec.ts:74:1 › logout during a held real drawing response discards the private printable report
[3/24] tests\persistence\physical-export.spec.ts:118:1 › saved CSV and preview use the authorized immutable revision while newer height edits remain local
[4/24] tests\persistence\physical-export.spec.ts:157:1 › revocation after preview preparation prevents another saved download and preserves workspace draft recovery
[5/24] tests\persistence\physical-export.spec.ts:189:1 › logout during a held real export response cancels delivery and removes the previous private preview
[6/24] tests\persistence\physical-save-guards.spec.ts:56:1 › all visible pending families block Save with field-specific Apply/Revert and preserve committed SQL revision
[7/24] tests\persistence\physical-save-guards.spec.ts:169:1 › pending room-level assignment blocks Save without changing ownership and offers explicit Revert
[8/24] tests\persistence\physical-save-guards.spec.ts:206:1 › edits during actual committed save stay unsaved; next revision contains those edits
[9/24] tests\persistence\physical-save-guards.spec.ts:242:1 › response loss after SQL commit retries same payload and key without creating another plan
[10/24] tests\persistence\physical-save-guards.spec.ts:289:1 › late SQL Save response after logout cannot repaint prior private revision or modify unassigned draft
[11/24] tests\persistence\physical-save-guards.spec.ts:333:1 › late Save after switching workspaces cannot acknowledge another draft and both local contexts survive
[12/24] tests\persistence\physical-save-open.spec.ts:32:1 › real sign-in, explicit schema5 Save/Open and fresh empty browser context retrieve SQL content
[13/24] tests\persistence\physical-save-open.spec.ts:81:1 › two real browser clients conflict visibly and preserve the candidate while opening latest separately
[14/24] tests\persistence\physical-save-open.spec.ts:176:1 › opening a server plan preserves a different draft with unfinished text and no implicit upload
[15/24] tests\persistence\project-lifecycle.spec.ts:78:1 › duplicate uses the listed saved schema5 revision and preserves current unfinished local work
[16/24] tests\persistence\project-lifecycle.spec.ts:115:1 › archive and restore preserve saved revisions, raw local fields and paused autosave
[17/24] tests\persistence\project-lifecycle.spec.ts:158:1 › a lost duplicate response retains exact request across same-tab reload and resolves one receipt
[18/24] tests\persistence\project-lifecycle.spec.ts:216:1 › denied action-intent storage refuses mutation and preserves current local fields
[19/24] tests\persistence\project-lifecycle.spec.ts:246:1 › late active-list responses cannot replace archived results or reopen a closed list
[20/24] tests\persistence\project-lifecycle.spec.ts:341:1 › logout during an accepted project action cannot repaint private lists or replace unassigned drafts
[21/24] tests\persistence\project-lifecycle.spec.ts:392:1 › viewer can open archived projects but cannot mutate them; long names remain usable on a phone
[22/24] tests\persistence\project-lifecycle.spec.ts:458:1 › accepted action with denied receipt cleanup keeps the exact key and retries without duplicating again
[23/24] tests\persistence\project-lifecycle.spec.ts:503:1 › unsupported action recovery bytes stay intact and block new lifecycle mutations
[24/24] tests\persistence\project-lifecycle.spec.ts:529:1 › a restore accepted after closing the project list updates archived status without replacing local work
  24 passed (1.2m)
