
> rest-express@1.0.0 test
> node scripts/run-tests.mjs

✔ server-saved records cannot be fetched into an unassigned local context (26.3869ms)
✔ a protected operation binds both workspace and the noncredential session epoch (1.1267ms)
✔ a multi-step save cannot use a fresh cookie to finish a previous account operation (1.2243ms)
✔ a response body resolving after an account change cannot become a private record (3.1064ms)
✔ invalidation supersedes an in-flight session read without leaving the account permanently checking (1.1284ms)
✔ an account button initiated as A never performs the action after preflight discovers B (2.6386ms)
✔ same-identity revalidation resumes only the context suspended in this page (0.6929ms)
✔ failed local checkpoint retains memory and original bytes without clearing another draft (1.1357ms)
✔ context storage cannot silently read the unassigned draft or a different principal workspace (0.3948ms)
✔ a protected action waiting for revalidation cannot acquire a newly resumed context (0.5021ms)
✔ a checkpoint after an initially denied storage read cannot mask an unread older recovery key (0.7599ms)
✔ a quota-only failure after validated hydration can checkpoint the exact retained draft when storage recovers (8.8995ms)
✔ OIDC configuration requires every trusted server binding and never uses ambient identity hints (1.238ms)
✔ OIDC configuration rejects insecure URLs, dynamic discovery, redirects and invalid credentials (0.4353ms)
✔ confidential client methods require an explicit secret and retain exact issuer/subject trust (0.1853ms)
✔ OIDC return targets are a fixed application route allowlist (0.1487ms)
✔ door hand follows back-to-hinge facing-latch convention and encodes losslessly (1.114ms)
✔ reversing swing keeps the stored hinge while displayed hand changes (0.187ms)
✔ top wall preserves saved opening bar, swing origin and rotation (0.8875ms)
✔ right wall preserves saved opening bar, swing origin and rotation (0.131ms)
✔ bottom wall preserves saved opening bar, swing origin and rotation (0.1282ms)
✔ left wall preserves saved opening bar, swing origin and rotation (0.1198ms)
✔ stored right / inward keeps the leaf and closes only its actual quarter-circle sector (0.2024ms)
✔ stored right / outward keeps the leaf and closes only its actual quarter-circle sector (0.1415ms)
✔ stored left / inward keeps the leaf and closes only its actual quarter-circle sector (0.1387ms)
✔ stored left / outward keeps the leaf and closes only its actual quarter-circle sector (0.1997ms)
✔ top wall puts both hinges and open leaves on the correct physical sides (0.3198ms)
✔ right wall puts both hinges and open leaves on the correct physical sides (0.2441ms)
✔ bottom wall puts both hinges and open leaves on the correct physical sides (0.15ms)
✔ left wall puts both hinges and open leaves on the correct physical sides (0.1019ms)
✔ legacy doors keep the historical 40-pixel bar and 60-pixel swing without adding metadata (0.3397ms)
✔ fractional explicit widths control geometry without normalizing saved size, position or metadata (0.1992ms)
✔ all existing door styles retain the same stored geometry and style metadata (0.1671ms)
✔ default door properties are fresh objects so previews cannot mutate later doors (0.0953ms)
✔ opening wins over its selected parent; undo restores every property and leaves later edits (1.6526ms)
✔ room recovery restores original ordering and all nested openings without replacing other edits (0.1988ms)
✔ stale opening selection cannot fall through to deleting a room (0.1673ms)
✔ Q-001 is fully specified, non-overlapping geometry without calculating totals (8.1936ms)
✔ top uses clockwise center and the correct axis at noncentral/tolerance bounds (6.0933ms)
✔ right uses clockwise center and the correct axis at noncentral/tolerance bounds (4.6014ms)
✔ bottom uses clockwise center and the correct axis at noncentral/tolerance bounds (1.8291ms)
✔ left uses clockwise center and the correct axis at noncentral/tolerance bounds (6.4144ms)
✔ opening top at ceiling, inside tolerance and outside tolerance (1.2951ms)
✔ zero, missing and negative sill remain distinct (3.4859ms)
✔ explicit floor-level opening requires zero sill within tolerance (2.4455ms)
✔ actual overlap requires horizontal AND vertical intersection (1.5825ms)
✔ horizontal touching and overlap tolerance boundaries (1.5515ms)
✔ vertical touching and overlap tolerance boundaries (3.593ms)
✔ missing or unresolved extents yield undetermined fit and overlap (2.435ms)
✔ shared opening validates each room independently without layout adjacency (1.5764ms)
✔ two faces of the same room are an unsupported shared relationship (0.7296ms)
✔ resize recomputes geometry without moving openings or changing evidence (1.4975ms)
✔ structural invalid dimensions, references and duplicate attachments are findings (5.799ms)
✔ malformed attachments return diagnostics rather than throwing (1.1199ms)
✔ nonfinite derived horizontal/vertical extents cannot pass (0.8339ms)
✔ legacy out-of-bounds and unknown measurements remain preserved and v2 reprocessable (3.0845ms)
✔ validation of frozen input is deterministic and separate from confirmation (2.2795ms)
✔ small-coordinate horizontal and vertical overlap honor the exact 0.01mm boundary (4.4538ms)
✔ mutating a report cannot change later validation scopes or the document (2.1131ms)
✔ small-coordinate start bounds honor exact tolerance on every wall orientation (3.9274ms)
✔ legacy POST, GET, partial rename, geometry update and delete round-trip without normalization (142.6502ms)
✔ empty sketches and legacy date strings remain supported (17.0402ms)
✔ invalid nested creates and updates never reach storage or mutate saved sketches (103.0484ms)
✔ NaN and infinity are rejected by the adapter and overflowing JSON numbers by HTTP routes (13.9412ms)
✔ malformed route IDs cannot read, update or delete a different plan (25.5981ms)
✔ storage failures report retryable server failure without exposing internals or losing existing data (10.9939ms)
✔ malformed JSON and oversized bodies do not write, expose input or stop the service (18.8942ms)
✔ unexpected middleware errors return a generic response and the service continues (7.1335ms)
✔ legacy 240 by 200 pixels converts to 12 by 10 feet independently of ceiling height (11.2275ms)
✔ entered 32-inch door uses inches and imported provenance stays unconfirmed (2.7347ms)
✔ missing opening heights and all unrecorded sills remain unknown (1.9169ms)
✔ conflicting widths yield review candidates without selecting or mutating a width (2.247ms)
✔ clockwise physical center preserves legacy top wall position and width (2.9385ms)
✔ clockwise physical center preserves legacy right wall position and width (1.1291ms)
✔ clockwise physical center preserves legacy bottom wall position and width (1.2753ms)
✔ clockwise physical center preserves legacy left wall position and width (1.136ms)
✔ legacy corner positions are preserved without clamping or rejecting old sketches (1.7ms)
✔ IDs, ordering, names, metadata, all styles and both swings survive (1.3794ms)
✔ original and output metadata are detached from input and from each other (1.2396ms)
✔ own __proto__ JSON keys survive every legacy metadata level without prototype pollution (0.9578ms)
✔ older doors without properties retain size basis and flag renderer fallbacks (0.4286ms)
✔ v2 reruns retain edited physical values, zero sill, IDs and review state without rescaling (3.9829ms)
✔ version dispatch supports unversioned/1 and explicitly rejects unknown versions (2.6091ms)
✔ non-JSON, malformed legacy input and overflow return explicit invalid results (4.7523ms)
✔ v2 structural schemas reject invalid IDs, wall order and attachment references (25.6987ms)
✔ wall IDs are deterministic, distinct and do not collide with preserved IDs (2.9527ms)
✔ viewport zoom/pan metadata does not affect physical conversion (1.827ms)
✔ conversion quantity comparison reuses the verified M1 calculator (1.4659ms)
✔ JSON depth limits cannot produce a v2 document that fails on reprocessing (0.8208ms)
✔ M3B frozen v1 calculation and captured snapshot remain byte/content identical and verifiable (155.1139ms)
✔ M3B exact 12 by 10 ceiling-height acceptance keeps independent 120 square-foot surfaces (57.964ms)
✔ M3B proposed supported models keep dependent outputs provisional even with confirmed measurements (7.1673ms)
✔ M3B unknown imported applicability blocks only dependent work and names exact room/profile paths (23.2195ms)
✔ M3B unsupported ceiling never reuses projected floor area and preserves independent supported walls/casing (7.6709ms)
✔ M3B nonuniform walls block walls/casing and full-height crown gaps, not ordinary crown/floor runs (92.2058ms)
✔ M3B crown-path declaration is independent of ceiling and wall applicability (39.0413ms)
✔ M3B partial selected totals expose unsupported rooms and retain provisional included subtotal (2.116ms)
✔ M3B applicability and group contracts validate exact room ownership without inferring topology (11.144ms)
✔ M3B special own room IDs retain typed applicability and prototype safety (5.6906ms)
✔ M3B policy dispatch rejects missing, mismatched and downgrade attempts without source rewrites (15.5487ms)
✔ M3B applicability readiness is detached and frozen engine results cannot mutate source declarations (12.3632ms)
✔ M3B fingerprints bind applicability values to geometry and declaration evidence only to content (128.2898ms)
✔ M3B v2 snapshot confirmation gate, version agreement and independent integrity verification (362.0036ms)
✔ M3B shared openings use only the selected attachment wall applicability (3.5458ms)
✔ legacy-pixels-v2 retains original bytes, IDs, groups, style/hinge and promotes only recorded window height (10.7162ms)
✔ legacy v2 preserves width conflicts and clockwise non-midpoint bottom/left positions without altering v1 (4.5684ms)
✔ unsupported or invalid import is rejected instead of partially edited (12.6922ms)
✔ captured-v2 upgrade preserves current physical data and never reinterprets compatibility originals (4.4874ms)
✔ Quick Rooms explicit copy retains raw pending text, old-unit context and measurement events independently (4.0506ms)
✔ independent adopted drafts never merge equal room IDs or room names (7.819ms)
✔ room dimensions and height share one command/evidence stream and yield 120/120/352 then 396 walls (39.1633ms)
✔ dirty raw text masks every dependent result, and clearing height preserves independent floor/ceiling (16.7869ms)
✔ switching units preserves raw context until valid commit/clear then releases it without changing evidence (8.7056ms)
✔ unsupported ceiling blocks its output independently of explicitly supported walls (14.3049ms)
✔ stale revision or changed selection rejects the entire edit without changing either draft (0.7885ms)
✔ full registry recovery retains metadata, groups, openings, source evidence, raw context and settings (13.1032ms)
✔ own special IDs/metadata keys survive recovery without normalization or prototype mutation (1.3286ms)
✔ recovery rejects forged clean text, omitted fields, unknown authoritative totals and tampered action evidence (12.6563ms)
✔ physical snapshot identity cannot be presented as an active temporary revision (5.5631ms)
✔ store initializes lazily, touches only its own key and publishes stable immutable snapshots (7.3482ms)
✔ corrupt/unsupported recovery blocks adoption and preserves exact original bytes until explicit discard (15.1436ms)
✔ denied reads allow memory use without writing unseen recovery bytes (13.6712ms)
✔ quota failure keeps newest edit in memory and old valid recovery intact (15.0837ms)
✔ external stored changes are detected before write and never overwritten by stale in-memory registry (4.9264ms)
✔ failed discard preserves current memory and recovery; stale callback failure is visible and atomic (30.1494ms)
✔ new-policy physical copies preserve valid declaration evidence and original source separately (4.9514ms)
✔ deleted Quick Rooms targets retain their historical action captures through adoption and recovery (2.1559ms)
✔ M3B pointer transform accounts for current viewport borders, scroll, gutters and scale (1.58ms)
✔ M3B pointer transform rejects invalid scale and nonfinite coordinates rather than placing a default (0.2768ms)
✔ M3B noncentral wall placement converts bottom and left exactly once into clockwise center distance (5.6345ms)
✔ M3B zoom/pan/reflow transform followed by wall targeting retains fractional physical offset (0.8774ms)
✔ M3B cross-room target uses auto-layout only for hit location and writes no physical presentation (3.866ms)
✔ M3B adjoining room wall hit prefers the room interior under the pointer without inferring a shared link (1.2316ms)
✔ M3B pointer corner positions are not clamped and demonstrated invalid width remains rejected (5.949ms)
✔ M3B move preview preserves unknown dimensions, provenance, appearance and original nested data (1.2926ms)
✔ M3B two-face shared opening cannot be detached by a pointer preview (1.5928ms)
✔ M3B opening gesture stamp rejects newer edits and draft switches even with identical room IDs (0.256ms)
✔ M3B floor-level opening projects a measured wall gap without door or window fabrication (1.4328ms)
✔ new opening presets are explicit unconfirmed proposals with no invented height/sill/basis (27.7147ms)
✔ actual physical fixture yields 120/120/352/319 square feet, 41 feet trim and two distinct openings (62.6145ms)
✔ all four wall center offsets stay physical and clockwise with exact fractional and metric input (65.6449ms)
✔ Enter plus blur commits once and common presets use one atomic independent dimension action (23.619ms)
✔ window height and sill edits remain independent including explicitly entered zero sill (52.6096ms)
✔ invalid syntax and demonstrated corner/overlap/above-ceiling edits preserve canonical values and visible raw drafts (50.3308ms)
✔ unknown dimensions permit explicitly incomplete placement but never claim verified fit (12.5695ms)
✔ along-wall/cross-wall/cross-room move preserves identity, dimensions, appearance, unrelated raw fields and room overview positions (20.8138ms)
✔ invalid move rejects atomically and unchanged placement is a no-op (36.1518ms)
✔ stale drag revision and switched draft cannot commit duplicate/newer geometry (33.6522ms)
✔ appearance/basis changes cannot change dimensions and never fabricate appearance on floor openings (16.1207ms)
✔ shared opening dimensional edits validate both faces while movement/offset remain specifically protected (17.2853ms)
✔ delete targets one opening, undo restores attachment order/raw/evidence while retaining unrelated edits (26.7833ms)
✔ deletion undo rejects missing parents or reused identity and retains recovery for retry (9.005ms)
✔ delete/undo preserves shared identity and attachment order and scoped requests remain valid (68.0922ms)
✔ pending dimension/offset masks dependent outputs without altering canonical values or independent room totals (78.1119ms)
✔ unit switching retains unfinished opening context then releases it on commit/clear without rounding geometry (21.0526ms)
✔ recovery preserves raw opening fields, typed actions, undo and independent originals exactly (46.5456ms)
✔ recovery rejects forged clean opening values and malformed identity/action evidence (35.0648ms)
✔ room dimension edits leave openings intact and immediately expose newly invalid fit (17.0694ms)
✔ registry store preserves rejected opening raw edits and never writes a stale gesture (57.8497ms)
✔ pending center text blocks dragging and stays intact while other pending fields make prospective fit unverified (15.5039ms)
✔ unknown or unsupported wall models and unknown appearance never report verified opening placement (18.4302ms)
✔ position input evidence retains original fractional syntax/unit after a display-unit change (14.117ms)
✔ recovery rejects a disguised geometry mutation in appearance history and forged deletion raw text (28.1302ms)
✔ special opening IDs derive missing legacy fields safely and survive commands and recovery (8.6811ms)
✔ M3B projection preserves clockwise all-wall offsets, saved door hinges and typed group authority (22.6497ms)
✔ M3B unresolved legacy width renders only original symbol evidence and preserves unresolved candidates (2.9384ms)
✔ M3B known physical door without appearance cannot use legacy guessed bar or swing widths (2.6089ms)
✔ M3B legacy missing-properties door retains source rendering with an explicit limitation (1.8988ms)
✔ M3B projection deeply detaches unresolved source symbols and known appearance metadata (1.9465ms)
✔ M3B unsupported room range cannot hide later normal rooms or poison derived layout positions (2.4666ms)
✔ M3B missing room dimensions do not receive a measured-looking placeholder; physical edits update derived offsets (2.9971ms)
✔ new and empty work scope means none; enable creates empty targets and explicit all captures current IDs only (17.2458ms)
✔ custom scope, basis and waste survive room/name/dimension/unit edits and addRoom (165.3506ms)
✔ wrong-kind, missing, duplicate and non-attached targets are rejected atomically (107.2946ms)
✔ explicit UI fixture preserves engine gross, deductions, net, casing, trim and inventory arithmetic (209.5125ms)
✔ 10 percent commits as 0.1 and engine applies allowance once after aggregate net (67.8934ms)
✔ unfinished or invalid percent is retained and never replaces committed waste or other output edits (209.5272ms)
✔ missing window height keeps independent results and exposes only a partial 256-square-foot wall subtotal (148.5011ms)
✔ explicit measurement review then independent model review changes provisional quantities to complete (115.0705ms)
✔ measurement confirmation is blocked for unknown or dirty fields and stale draft/revision/snapshot tokens (3.0936ms)
✔ candidate resolution retains alternatives, is never automatically confirmed, and rejects stale candidate review (12.6834ms)
✔ correction clears only the changed confirmation and never removes geometry or application blockers (118.5765ms)
✔ room and opening raw corrections preserve review history and require separate reconfirmation (138.5274ms)
✔ separate unknown/unsupported model declarations cannot be confirmed and leave independent floor quantities usable (135.0458ms)
✔ model review tokens are stale after dimension or declaration edits and changing model evidence requires new confirmation (103.3158ms)
✔ deleting selected opening prunes inventory, casing and crown targets atomically with a visible notice (96.7276ms)
✔ bounded deletion undo never overwrites later scope choices even when changed away and back (74.578ms)
✔ bounded deletion undo preserves later unfinished waste and does not silently restore stale scope (41.081ms)
✔ cross-wall moves prune old face targets but retain selected physical inventory ID, work, waste and unrelated targets (60.7997ms)
✔ shared opening all-current casing selects both attachment faces while inventory counts its identity once (81.3018ms)
✔ explicit crown gaps cannot invent full-height deductions and mismatched basis never gets relabeled (67.2587ms)
✔ recovery rejects forged current confirmations, altered review events, declared models and clean waste text (124.1536ms)
✔ older supported caches round-trip without adding scope/review state; confirmed physical imports require matching source (88.9825ms)
✔ confirmed opening review survives deletion and bounded restore with its historical actions and raw fields (114.5019ms)
✔ new rooms can be reviewed after existing review evidence without rewriting prior origins (98.4349ms)
✔ Slice 3 read model exposes exact shared-engine fixture totals and individual door/window deductions (46.873ms)
✔ Slice 3 partial wall results identify excluded top wall without replacing unavailable selected total (64.3977ms)
✔ Slice 3 pending width height sill and offset mask dependent totals and retain useful field-specific messages (201.2396ms)
✔ Slice 3 waste comes from engine once; dirty invalid or uncommitted waste never exposes older adjusted quantities (78.9654ms)
✔ Slice 3 empty work and explicit empty targets remain empty and never display a complete zero project (65.7289ms)
✔ Slice 3 measurement, model, geometry and basis findings remain independent (70.6904ms)
✔ Slice 3 shared physical inventory counts once while selected casing faces remain independent in full-document engine input (4.2005ms)
✔ Slice 3 metric formatting and detached source scopes do not modify request quantities or caller measurements (13.8293ms)
✔ Slice 3 drawing source highlights preserve exact selected room, wall and shared-opening face identities (3.4323ms)
✔ Slice 3 unknown physical opening widths highlight a point instead of inventing a measured span (1.588ms)
✔ invalid room Revert restores 12 ft and independent 120 sq ft without changing domain or evidence (79.1699ms)
✔ valid but uncommitted text is cancelled without a correction event or confirmation change (56.0892ms)
✔ reverting each room field leaves another unfinished field and its dependent totals blocked (158.3525ms)
✔ active-unit Revert formats the retained measurement rather than parsing pending text or replacing provenance (26.1386ms)
✔ all opening dimensions and center offset cancel raw edits while preserving identity, attachments and history (78.0788ms)
✔ syntactically valid geometry-rejected opening values can be cancelled with no physical correction or move (155.3772ms)
✔ unknown room/opening values and needs-review candidates restore blank text without resolving domain state (44.8148ms)
✔ zero center offset and zero sill remain measured zeros when their pending text is reverted (15.8157ms)
✔ committed 10 percent waste is restored exactly while unrelated pending fields and scope remain (38.7714ms)
✔ tiny and large committed decimal waste restores plain text and remains valid recovery without changing the fraction (55.3688ms)
✔ zero committed waste restores zero and clean fields cannot roll back committed values (43.609ms)
✔ captured actions reject another draft, newer edit, unit change and duplicate application atomically (27.0924ms)
✔ missing/deleted/disabled targets and malformed tokens never fall back to another field (21.0642ms)
✔ registry selection guard rejects a held Revert after switching to another draft with no writes (22.2858ms)
✔ opening delete then raw waste edit and Revert cannot resurrect stale casing or inventory scope on Undo (45.1906ms)
✔ special room/opening IDs and unrelated field maps survive exact Revert and recovery (4.078ms)
✔ guarded Revert survives exact storage recovery with other unfinished text and confirmation evidence (55.5207ms)
✔ failed recovery write keeps the reverted memory draft, prior raw bytes and visible limitation (38.5603ms)
✔ stale store Revert leaves newer memory and recoverable bytes untouched and reports the rejected action (29.8539ms)
✔ schema5 strictly owns explicit room uses, unique physical IDs, same-room zone associations and layout-only effects (29.527ms)
✔ explicit current4 upgrade is detached, keeps stairs/source metadata, never infers use from names and freezes older consumers (11.1194ms)
✔ prototype-like room and layout IDs remain own keys through validation and capture (85.7486ms)
✔ room use is explicit intent with preserved custom text, no fake labels or measurement approval (11.6308ms)
✔ shared gross footprint is 48/12 sq ft, non-additive and independent of unknown cabinet height (8.3413ms)
✔ all 90 degree rotations preserve dimensions and explicit top-left anchors without changing measurements (4.974ms)
✔ edge-touching fits; .01mm tolerance cannot turn .011mm overrun into valid or silently clamp values (7.4107ms)
✔ overlapping zones produce ambiguity only, touching edges do not, and other parent rooms never overlap (9.6911ms)
✔ cabinet leaving an explicitly associated zone keeps association and flags review without blocking finish quantities (61.9794ms)
✔ range and extent loss fail safely while unknown dimensions stay unknown and no geometry is mutated (14.9853ms)
✔ layout5 evaluates through unchanged policy/engine/result4 and preserves 300/300/560 with no double counting (9.4242ms)
✔ retained stair voids remain 252 net / 25.2 waste / 277.2 adjusted after adding layout-only data (27.0536ms)
✔ layout geometry and content hashes detect distinct changes while room names, camera and unrelated presentation remain excluded (79.0798ms)
✔ snapshot5 captures layout with policy4, is detached and rejects downgraded/mixed scopes or altered source evidence (62.5389ms)
✔ historical v1-v4 snapshots regenerate exactly with unchanged policy and hashes (563.7399ms)
✔ explicit layout upgrade preserves the full current source, pending fields, request and immutable schema4 lineage (130.0175ms)
✔ room name never infers use; deliberate room and zone uses remain independent through history (311.2824ms)
✔ adding rooms to schema5 creates explicit unspecified use with prototype-safe exact ownership (156.6205ms)
✔ layout-only 48 and12 square-foot footprints never inflate300/300/560 finish quantities (140.846ms)
✔ existing explicit stair holes and measured waste stay252/25.2/277.2 after layout upgrade (148.492ms)
✔ unknown geometry remains unknown; explicit origin is unconfirmed and zero stays valid (52.4955ms)
✔ invalid raw syntax stays pending and Enter followed by blur commits exactly once (42.5756ms)
✔ pending layout masks only its footprint and never unrelated finish results (65.9766ms)
✔ units preserve pending raw context; Revert restores active units without changing document or evidence (41.4883ms)
✔ edge-touching placement fits; outside placement rejects atomically while dimension edits retain invalid findings (52.691ms)
✔ pending position prevents drag takeover while unrelated dimension/name drafts survive valid movement (59.0547ms)
✔ retained creation history accepts pending name and custom labels, which recover exactly without new history (104.2723ms)
✔ Custom explicitly permits blank unfinished label; Apply makes one semantic history and Revert keeps saved use (233.4311ms)
✔ zone deletion unlinks retained cabinet atomically and Undo preserves unrelated pending waste and scope (240.7872ms)
✔ delete and restore keeps clean name drafts, unit formatting and stable ordering (185.2952ms)
✔ cabinet association only accepts the same room and room-level assignment carries both children (216.665ms)
✔ an older room-creation inverse is blocked by later layout dependents without touching them (8.7178ms)
✔ layout history restores changed measures unconfirmed while rotation retains unrelated approvals (289.701ms)
✔ creation/deletion, dimension and drag actions share one chronological history with exact target reveal (292.419ms)
✔ same physical numeric or pointer values and unchanged names create no duplicate committed history (62.2461ms)
✔ large coordinates do not silently erase a representable half-millimeter move (26.3284ms)
✔ stale revisions and pending target conflicts reject without popping the history branch (151.59ms)
✔ v4 recovery reads v3 without rewriting source bytes and detects fallback changes before saving (8.3373ms)
✔ older keys remain byte-exact, cache failures retain memory/history, and reload has no session Undo (77.1129ms)
✔ corrupt, future, dangling and forged layout recovery cannot overwrite retained bytes (59.3956ms)
✔ mixed registries remain v4 and old envelopes cannot pretend to contain schema5 layout (19.4327ms)
✔ new building draft has one editable Main floor with unknown elevation; legacy constructor stays v2 (8.9347ms)
✔ add rooms follows active level, including empty levels, without expanding explicit takeoff scope (75.282ms)
✔ switch level retains document, pending fields, units, request and evidence, increments revision and preserves redo (67.0131ms)
✔ level creation, rename and order are one chronological history with stable IDs and unknown elevations (51.0597ms)
✔ room assignment preserves physical identity/raw/request, and direct assignment plus Undo/Redo reveal the exact room even on a populated destination (75.4034ms)
✔ existing measurement history reveals a hidden room level without filtering the chronological stack (71.6902ms)
✔ room creation inverse includes membership, and a populated level cannot be undone out of order (56.3919ms)
✔ grouped room assignment is rejected with dependent room name and has no partial state change (7.7355ms)
✔ shared opening room assignment is rejected by attachment dependency without changing IDs or geometry (10.2308ms)
✔ level switch makes captured edits stale and failed assignment leaves both history stacks untouched (23.8815ms)
✔ invalid IDs, blank names, unknown levels and partial/duplicate order do not mutate the draft (0.717ms)
✔ explicit old draft upgrade preserves the FULL live state, confirmed events, source originals and unknown ownership (17.0286ms)
✔ upgrade retains typed history captures and accepts new level evidence without rewriting the old capture (39.4881ms)
✔ upgraded deletion recovery adapts active policy snapshots and preserves original tombstone in lineage (13.1248ms)
✔ upgrade retains independent source entry and blocks already-upgraded or reused identities (19.189ms)
✔ new recovery key falls back to v1 without altering bytes; first accepted write migrates envelope only (12.655ms)
✔ new cache wins over v1 and corrupt new data never falls back or gets overwritten (0.4941ms)
✔ changed legacy source or newly appeared v2 cache blocks fallback overwrite while retaining accepted memory (1.634ms)
✔ failed new-key storage write preserves v1 source and latest level change/history in memory (6.9382ms)
✔ reload restores active level and all pending field contexts but initializes empty session history (37.9481ms)
✔ recovery rejects missing/dangling/extra room membership, stale active level and unsupported envelope (41.7959ms)
✔ level history evidence rejects v1 relabeling, altered restored ownership and forged lineage (27.1792ms)
✔ prototype-like room/level IDs are retained as own memberships through upgrade, history and recovery (36.7092ms)
✔ global takeoff history is labeled project-wide and does not reveal or switch to an arbitrary level (25.7859ms)
✔ pending level names survive level changes/reload, preserve redo and block removal until explicitly applied (12.3373ms)
✔ M3D schema3 has exactly one own membership, explicit unknown elevation and distinct versioned identities (81.1677ms)
✔ M3D groups and shared openings must stay on one level without inventing plan-collision rules (13.5926ms)
✔ M3D upgrade detaches current physical values and preserves originals, IDs, profiles, groups and opening evidence (5.2984ms)
✔ M3D unknown ownership upgrade never invents supported models when historical declarations are absent (16.9058ms)
✔ M3D own prototype-like room and level IDs survive constructor, validator, calculation and captured snapshot (84.9066ms)
✔ M3D full-document explicit project and level requests produce independent 270/802 and 120/352 quantities (40.5219ms)
✔ M3D saved explicit target IDs remain fixed when rooms are added or reassigned between levels (21.8281ms)
✔ M3D level ownership affects version3 hashes while names, order and camera remain presentation (181.1884ms)
✔ M3D level-aware snapshots enforce version dispatch, ownership integrity and synchronous detached capture (106.5216ms)
✔ M3D unchanged version1 and version2 historical snapshot bytes and hashes remain verifiable (263.9008ms)
✔ M3D independent ceiling/wall applicability and confirmation gates reuse existing engine semantics (36.6744ms)
✔ M3D physical measurement actions retain level ownership and original evidence without mutation (13.3481ms)
✔ M3D active-level projection and wall hit inputs exclude coincident hidden rooms and empty-level fit geometry (3.2497ms)
✔ explicit schema4 upgrade retains full current draft and immutable schema3 lineage with pending room/waste edits (91.8809ms)
✔ new stair keeps one stable identity shared width/run and unresolved rise without deriving level elevations (65.3543ms)
✔ invalid dimension raw retains exact text while zero coordinates commit and Enter then blur emits once (50.4382ms)
✔ dirty unit context survives switch and Revert uses current display while preserving physical provenance (59.8997ms)
✔ pending hole size masks only affected net surface while keeping gross basis and unrelated wall quantities (142.4103ms)
✔ explicit floor and ceiling holes deduct independently once and have exact source attachment read model (196.9169ms)
✔ numeric and pointer placements reject demonstrated invalid fit without replacing pending text or canonical position (90.6495ms)
✔ dimension correction may retain invalid fit, never silently move endpoints, and pending coordinates block pointer takeover (51.093ms)
✔ landing dimensions and placement remain independent of stair run and no-deduction areas (133.9857ms)
✔ host ownership guards name dependent endpoints/landings and surface openings; invalid same-level endpoints are rejected (55.8777ms)
✔ endpoint host changes cannot strand an explicit linked deduction (77.4558ms)
✔ shared surface attachments reject duplicates and invalid retargeting without partial writes (45.5507ms)
✔ stair deletion unlinks but preserves holes and Undo/Redo restores exact coordinated identities (262.2951ms)
✔ surface opening deletion makes referenced impacts unresolved and one Undo restores hole and impact atomically (251.6131ms)
✔ field/move/landing Undo uses the existing chronological history, preserves unrelated pending fields and reveals target level (292.8947ms)
✔ conflicting pending field blocks history without popping and view/unit changes preserve redo (327.2732ms)
✔ same-value raw resolution, no-op rename and failed placement do not create duplicate committed history (84.768ms)
✔ stale draft revision and unsupported recovery bytes cannot overwrite the selected draft (65.5866ms)
✔ v3 recovery falls back to v2 without rewriting it and detects fallback races before first accepted write (23.5354ms)
✔ v3 fallback to v1 preserves all older bytes; failed writes retain accepted memory/history and reload empties only session history (101.1868ms)
✔ malformed raw target/current text and forged history source are rejected without normalizing captured data (109.4388ms)
✔ rotation-only and single-attachment Undo preserve unrelated confirmed measurements and exact evidence (278.3711ms)
✔ same physical pointer placement preserves typed provenance and creates no committed history (41.2059ms)
✔ adding older-format drafts never downgrades a mixed schema4 recovery envelope (24.1829ms)
✔ M3D stairs schema4 rejects reused identities, stale endpoints, same-level connections and duplicate exact surface attachments (69.8202ms)
✔ M3D stair upgrade preserves current schema3 values, originals, ownership, profiles and old captures without mutation (7.9667ms)
✔ M3D unresolved destinations and missing stair rise remain explicit without inventing elevations or blocking independent reviewed finishes (21.9101ms)
✔ M3D run excludes independent landings and 90-degree endpoint rotation retains room-local anchors (13.4657ms)
✔ M3D unresolved impacts block only affected selected net surfaces and preserve complete gross basis (26.1104ms)
✔ M3D explicit upper floor and lower ceiling 18 square-foot openings deduct once and apply floor waste after net (113.669ms)
✔ M3D overlapping independent rectangular holes use exact coverage union and no-deduction impact never hides explicit attached holes (40.9276ms)
✔ M3D invalid or unresolved surface measurements keep affected gross and leave other surfaces/walls usable without clamping (68.4759ms)
✔ M3D invalid stair/landing fit remains visible but does not fabricate or block an independent known surface area (11.3985ms)
✔ M3D unconfirmed opening measurements retain provisional net and prevent confirmed snapshot while gross remains independently confirmed (78.0032ms)
✔ M3D narrow numerical gaps are not bridged and extreme lost extents fail without a usable net (13.6278ms)
✔ M3D fingerprints bind stair connections, geometry, impacts and evidence while labels/order/camera are presentation (155.7913ms)
✔ M3D stair snapshots capture synchronously, detach, verify integrity and reject incompatible old policies/results (101.0273ms)
✔ M3D frozen historical v1/v2/v3 snapshot bytes and calculation hashes remain identical (366.5706ms)
✔ normal production composition denies every legacy route and cannot activate injected fixture identities (121.3624ms)
✔ absent, expired, revoked and invalid identities deny before accessing storage (27.0184ms)
✔ malformed or expired authenticated results do not become principals (17.0737ms)
✔ provider exceptions fail closed and never expose provider credentials (6.0249ms)
✔ verified owner and editor round trips retain authorized legacy payload and server-owned workspace (20.3047ms)
✔ workspace A cannot select, list, read, patch or delete B by known workspace and record IDs (20.4891ms)
✔ viewer reads succeed while forged role, owner and user headers cannot authorize direct writes (10.232ms)
✔ workspace owner administration is scoped and editor cannot elevate membership or rename workspace (35.0935ms)
✔ revoked membership and demoted role take effect on the next operation using the same verified session (22.0313ms)
✔ membership changes before repository access cannot rely on identity-time permission (5.504ms)
✔ verified outsider and same subject from another issuer cannot access workspace records (8.262ms)
✔ explicit workspace selection is required and malformed IDs never select the first workspace (13.5801ms)
✔ mass-assignment fields cannot create ownership, move plans or elevate authorization (22.3938ms)
✔ unowned legacy records remain intact and inaccessible with non-disclosing missing-record responses (14.5299ms)
✔ storage read, write and lazy-construction failures are generic, fail closed and do not poison later requests (16.7899ms)
✔ all cookie and bearer mutations require exact trusted origin and explicit request header (85.479ms)
✔ missing trusted origin configuration denies writes without silently trusting request Host (7.2489ms)
✔ private responses cannot serve a previous principal or revoked member through conditional cache reuse (7.2259ms)
✔ normal composition keeps parser errors private without echoing input or invoking storage (11.6235ms)
✔ physical routes require verified workspace local context before any request (36.6693ms)
✔ physical revision requests carry exact If-Match/idempotency while authority headers remain runtime-owned (1.1424ms)
✔ idempotency conflicts remain actionable without discarding the verified editor context (1.8589ms)
✔ physical context conflicts invalidate old account generation before any private response can apply (1.2952ms)
✔ autosave starts off; opening or observing an anonymous draft never performs its first upload (123.976ms)
✔ 1500 ms committed debounce coalesces edits and identity detects names even with the same counter (331.9493ms)
✔ view-only revision counters and repeated mount observations do not create revisions (344.1395ms)
✔ raw text checkpoints exactly, pauses candidates, and Apply resumes without confirmation or scope changes (343.2224ms)
✔ slow response acknowledges its candidate while newer raw work remains checkpointed and unsaved (363.4364ms)
✔ lost response retries immutable key/body/base before sending the newer committed candidate (467.0087ms)
✔ quota failure prevents autosave dispatch while explicit Save retains an accurate recovery warning (215.3041ms)
✔ acknowledgement transaction failure keeps the exact request for receipt replay (231.7975ms)
✔ context invalidation suspends in-flight work and stale responses cannot advance a local binding (184.1956ms)
✔ Autosave off cancels scheduling before a fresh authorization request resolves (142.8316ms)
✔ recovery forks a fresh branch, preserves raw inputs, and replays only the original uncertain intent (319.6631ms)
✔ unsent recovered stale base is a persistent conflict, including after raw Apply (215.6986ms)
✔ retry budget counts actual sends; observer churn cannot exhaust or duplicate retry timers (476.7318ms)
✔ permanent invalid-payload errors never auto-retry or silently resume after view edits (217.219ms)
✔ continuous raw typing checkpoints within the two-second maximum wait without sending (434.2918ms)
✔ Save as a new plan retains the old branch, durably prepares a create, and starts Autosave off (65.6346ms)
✔ permission loss preserves the uncertain intent and pauses automatic transmission (166.9026ms)
✔ discovery authorizes each saved plan before returning any associated recovery content (32.2108ms)
✔ fresh-session identity stays suspended while same verified session refresh can reactivate (248.4448ms)
✔ recovery discovery excludes current in-use branches without altering older checkpoints (125.2876ms)
✔ Apply with Autosave off clears stale unfinished-input pause while preserving unsaved status (169.4989ms)
✔ a delayed Autosave toggle never replaces newer canonical edits with its captured draft (77.8329ms)
✔ a slower enable response cannot reverse a newer explicit Autosave off choice (32.4706ms)
✔ archive pause preserves raw fields and every local branch while stopping pending Autosave (242.6397ms)
✔ archive leaves an uncertain accepted save retryable with the exact key and raw newer work (220.7766ms)
✔ a fresh archived-save rejection leaves no false retry but permits an explicit independent Save as new (92.1938ms)
✔ enabling Autosave checks current archived state even when the local binding predates archive (89.2821ms)
✔ archived recovery forks exact evidence with Autosave off and leaves its original checkpoint intact (94.3428ms)
✔ a delayed enable cannot undo a newer lifecycle pause and recovery failure refuses archive preparation (31.9038ms)
✔ an older archived receipt cannot reverse a newer restore and still acknowledges the exact saved request (232.7969ms)
✔ a stale archived preflight read cannot reverse restore or discard a fresh save candidate (83.3221ms)
✔ a delayed archived rejection cannot reverse a newer restore or leave a falsely retryable request (60.6708ms)
✔ Open observation preserves a newer restore while keeping the opened revision separate and current active drafts enabled (33.9584ms)
✔ a recovery read delayed across restore preserves the original journal and cannot revive its old Autosave preference (86.2226ms)
✔ room-name typing is raw, independently recoverable and excluded from the outgoing envelope until explicit Apply (29.4171ms)
✔ all new name and assignment raw values survive together without committing geometry, quantities or evidence (21.3935ms)
✔ invalid object names remain raw and deletion cannot discard them (32.1112ms)
✔ room assignments are draft-owned pending actions and Apply/Revert preserve other raw inputs (3.4772ms)
✔ typing adds no history while one explicit room-name Apply gives one guarded Undo transaction (24.2615ms)
✔ pending room assignment blocks Undo of that assignment and level removal while preserving the candidate (22.0576ms)
✔ pending names guard object history, and unrelated name raw survives other committed edits (71.7562ms)
✔ legacy draft caches remain compatible while impossible pending ownership is rejected without reinterpretation (5.2289ms)
✔ Save blocks every room measurement family; applying unknown is deliberate and does not confirm (155.6025ms)
✔ Save sees all opening width height sill and offset edits and reverts only the targeted raw field (147.6459ms)
✔ Save sees pending names on hidden levels and preserves invalid text until Apply or Revert (37.0667ms)
✔ Save sees stair, endpoint, landing, hole and surface-placement pending fields (455.7369ms)
✔ Save sees all zone and cabinet dimension and placement fields (327.4128ms)
✔ Save sees room/zone custom-use and zone/cabinet labels without auto-applying them (179.9129ms)
✔ Save sees waste edits separately from the previously committed request (29.148ms)
✔ duplicate Save clicks serialize and acknowledge only the submitted local revision (179.3862ms)
✔ loss after commit retries exact original payload/key even after local edits (262.8311ms)
✔ conflict preserves candidate/base and only explicit Save as new removes If-Match binding (219.6196ms)
✔ late Save response after logout cannot acknowledge or persist old private metadata (115.8364ms)
✔ a pending field blocks even retry and sends nothing; captured draft is never mutated (22.0163ms)
✔ accepted revision becomes next save condition; changed-key errors are not network retries (126.256ms)
✔ a second click after successful acknowledgement of the same local revision is a no-op (92.3399ms)
✔ physical save opens full schema5 geometry, identity, committed request and all retained lineage without mutating source (922.5683ms)
✔ server evaluation binds exact schema5 source, selected work and server revision; stair quantity remains252/25.2/277.2 (638.9173ms)
✔ 12x10x8 and later9ft evaluation leave floor120/ceiling120 while walls change352to396; original capture immutable (42.4052ms)
✔ unknown cleared ceiling height remains saved unknown; independent floor/ceiling stay available and walls blocked (23.412ms)
✔ empty and incomplete supported drafts can save without fabricated confirmation (12.7163ms)
✔ full persisted content hash detects names and metadata omitted by geometry fingerprints; JSON object key order is irrelevant (24.1626ms)
✔ captured source text and measurement precision survive exact; no legacy metadata reinterpretation (5.2552ms)
✔ explicit review and restoration action evidence survives Save/Open without becoming a fresh confirmation (19.8153ms)
✔ projection omits current editor registry, raw fields, display/view and history stacks, preserving source originals (216.0104ms)
✔ all current pending field families fail capture explicitly and leave originals unchanged (205.0331ms)
✔ malformed envelopes, server identity spoofing, invalid references and unsupported versions reject without mutation (291.0462ms)
✔ invented confirmation or modified restoration evidence cannot pass merely by submitting a status flag (3.7839ms)
✔ credential fields, unbounded payloads, accessors, cycles and non-finite values explicitly reject (4.0622ms)
✔ legacy schema2/3 save remains explicit unchanged and does not auto-adopt newer document contracts (4.7568ms)
✔ historical snapshot versions and their original serialized source text survive without recalculation or upgrade (125.6251ms)
✔ async evaluation owns the submitted payload and server binding before awaiting fingerprints (14.7578ms)
✔ JSONB-incompatible NUL or lone-surrogate content rejects explicitly while valid Unicode remains exact (17.2765ms)
✔ pending opening-delete command slot is omitted while deleted geometry and performed action evidence remain exact (179.6393ms)
✔ captured rectangular layout has actual room and window geometry, room dimensions and source identity (38.0558ms)
✔ door top left inward preserves editor clockwise handing and swing path (10.1148ms)
✔ door top left outward preserves editor clockwise handing and swing path (28.0391ms)
✔ door top right inward preserves editor clockwise handing and swing path (4.0741ms)
✔ door top right outward preserves editor clockwise handing and swing path (4.5277ms)
✔ door right left inward preserves editor clockwise handing and swing path (5.9077ms)
✔ door right left outward preserves editor clockwise handing and swing path (3.1606ms)
✔ door right right inward preserves editor clockwise handing and swing path (3.3088ms)
✔ door right right outward preserves editor clockwise handing and swing path (3.4314ms)
✔ door bottom left inward preserves editor clockwise handing and swing path (6.447ms)
✔ door bottom left outward preserves editor clockwise handing and swing path (7.8267ms)
✔ door bottom right inward preserves editor clockwise handing and swing path (10.0211ms)
✔ door bottom right outward preserves editor clockwise handing and swing path (4.8871ms)
✔ door left left inward preserves editor clockwise handing and swing path (6.0893ms)
✔ door left left outward preserves editor clockwise handing and swing path (10.0086ms)
✔ door left right inward preserves editor clockwise handing and swing path (3.1968ms)
✔ door left right outward preserves editor clockwise handing and swing path (3.3687ms)
✔ asymmetric top opening center uses captured clockwise wall offset (6.7092ms)
✔ asymmetric right opening center uses captured clockwise wall offset (2.7471ms)
✔ asymmetric bottom opening center uses captured clockwise wall offset (5.3141ms)
✔ asymmetric left opening center uses captured clockwise wall offset (4.4731ms)
✔ sliding doors keep captured style without adding a hinged swing (19.4002ms)
✔ shared door has a gap on each attachment but only one primary swing (23.0333ms)
✔ overlapping coordinates on different levels remain isolated; display order and empty levels are explicit (19.7281ms)
✔ schema5 renders captured stairs, endpoint landings, surface openings, zones and cabinet blocks using room-local bounds (64.5818ms)
✔ unsupported surface geometry stays in its schedule without a fabricated rectangle (12.8838ms)
✔ unknown dimensions and absent placements are reported without positions or zero-sized placeholders (6.2271ms)
✔ invalid opening fit is not silently clamped onto its room wall (4.2997ms)
✔ large translated coordinates retain readable normalized geometry while lost numeric extents are explicit (3.776ms)
✔ historical drawing is deterministic and leaves complete frozen capture unchanged: m3b-v1-snapshot.json (33.2866ms)
✔ historical drawing is deterministic and leaves complete frozen capture unchanged: m3d-v2-snapshot.json (15.8123ms)
✔ historical drawing is deterministic and leaves complete frozen capture unchanged: m3d-v3-snapshot.json (17.2304ms)
✔ historical drawing is deterministic and leaves complete frozen capture unchanged: m3d-v4-snapshot.json (23.1564ms)
✔ untrusted names and IDs are escaped in HTML and SVG and cannot inject CSS, scripts or network requests (5.0032ms)
✔ metric drawing dimensions do not change geometry, and print CSS keeps each level separate with paginating schedules (3.6353ms)
✔ local export captures rich schema five without rewriting draft, evidence or selected work (633.5616ms)
✔ local export refuses pending dimension without changing raw text (4.9598ms)
✔ local export refuses pending waste without changing raw text (4.5048ms)
✔ captured report remains bound to its original geometry when later edits commit (35.6337ms)
✔ CSV independently parses exact selected quantities, deductions, waste and identity counts (99.4109ms)
✔ metric display rounds at the boundary and canonical columns retain every captured amount (50.7134ms)
✔ a height change is a distinct capture: walls change, floor and ceiling remain unchanged (75.9331ms)
✔ clearing ceiling height retains floor quantities and explicit unavailable walls (34.9604ms)
✔ a usable room subtotal never becomes the selected total when another room lacks dimensions (6.8234ms)
✔ unconfirmed dimensions remain provisional even with complete scope coverage (5.3423ms)
✔ unsupported vaulted ceiling reports its reason and never substitutes verified flat-ceiling quantities (7.7869ms)
✔ historical immutable capture keeps its exact versions and totals: m3b-v1-snapshot.json (95.5837ms)
✔ historical immutable capture keeps its exact versions and totals: m3d-v2-snapshot.json (91.381ms)
✔ historical immutable capture keeps its exact versions and totals: m3d-v3-snapshot.json (115.0473ms)
✔ historical immutable capture keeps its exact versions and totals: m3d-v4-snapshot.json (135.7365ms)
✔ current layout-version capture retains source groups, height, style and layout data unchanged (72.1665ms)
✔ spreadsheet formula names, including hidden leading whitespace/newlines, are inert cells (389.4881ms)
✔ CSV quoted commas, quotes, Unicode and multiline names survive independent parsing (51.0312ms)
✔ HTML escapes names and evidence in every context, with no scripts or network elements (54.7224ms)
✔ saved provenance distinguishes verified server identities from captured source revision (36.4265ms)
✔ many long Unicode room names stay complete with print pagination and repeated table headers (82.9295ms)
✔ empty captured scope is not labeled a complete takeoff (4.25ms)
✔ renderer never recalculates a captured evaluation or mutates supplied bytes (93.3897ms)
✔ invalid display or provenance options fail explicitly (28.295ms)
✔ 10 by 12 feet contributes its 44-foot perimeter once with no openings (1.0737ms)
✔ one 3-foot door deducts from both baseboard and base shoe (0.8452ms)
✔ elevated windows never add another perimeter or deduct trim (0.1804ms)
✔ 3-foot and 2.5-foot doors deduct exactly once for 38.5 feet of trim (0.1827ms)
✔ 32-inch entered widths retain their precision and their own size group (0.2387ms)
✔ legacy doors without dimension properties retain their pixel-width conversion (0.1614ms)
✔ invalid historical dimension properties fall back to a valid legacy pixel size (0.1689ms)
✔ fractional entered inches are not rounded for deductions or grouping (0.1871ms)
✔ all supported door styles use the entered opening width (0.2046ms)
✔ conflicting legacy widths produce a review warning without rewriting data (0.2941ms)
✔ consistent widths and conversion precision do not produce false review warnings (0.1662ms)
✔ multiple rooms contribute independently and calculations never mutate sketches (0.204ms)
✔ an empty sketch has no material quantities (0.1473ms)
✔ known confirmation is explicit, timestamped, detached and repeatable (5.24ms)
✔ unknown or conflicting measurements cannot be confirmed implicitly (1.0152ms)
✔ candidate resolution requires an explicit existing index and never chooses the first (1.8355ms)
✔ candidate evidence and returned measurement do not alias the source or event (0.7395ms)
✔ correction invalidates previous confirmation and retains original evidence in the event (0.673ms)
✔ even a same-value correction resets confirmation; unknown can be filled explicitly (0.4293ms)
✔ corrections require positive known new evidence, with zero allowed only for elevations (12.9722ms)
✔ actions reject missing/malformed timestamps, unknown actions and extra fields (1.2473ms)
✔ room resize returns invalid opening fit without moving openings or changing unrelated evidence (38.8733ms)
✔ document actions validate explicit targets and require v2 (3.6955ms)
✔ current readiness clears after resolution and confirmation despite retained historical warnings (9.3422ms)
✔ legacy original JSON, unknown metadata and v2 reprocessing survive explicit correction (3.9169ms)
✔ history rejects stale revisions and foreign draft identities without consuming either stack (155.0452ms)
✔ missing targets, reused domain IDs and mutation of frozen state fail without erasing history (58.2052ms)
✔ failed targeted opening recovery preserves the newer chronological undo entry (79.6142ms)
✔ correcting and undoing an imported conflict restores exact candidates, provenance and original JSON (71.5095ms)
✔ undo of an entered imported unknown restores its reason; clear/undo keeps exact retained evidence (65.3495ms)
✔ old v1/v2 snapshots still verify after correcting, undoing and redoing a confirmed imported value (153.9065ms)
✔ explicit measurement/model confirmation and candidate resolution create visible chronological boundaries (221.7676ms)
✔ undo preserves unrelated raw text and old unit contexts, but blocks the conflicting field until Revert (92.1538ms)
✔ undoing output removal restores its exact request order without overwriting another output raw field (62.7358ms)
✔ one committed room transaction updates quantities; raw typing and Enter/blur do not add steps (111.3527ms)
✔ room creation reuses exact IDs on redo, respects active units, and does not copy original source into history (19.3338ms)
✔ name editing coalesces one explicit session and returning to the initial name leaves no transaction (35.1371ms)
✔ clear restores exact known value and unknown again without inventing a shared measurement event (25.8793ms)
✔ formerly confirmed correction undo and repeated redo stay unconfirmed with immutable prior evidence (57.9685ms)
✔ model declaration undo appends actual declare transition and never restores a previous approval (51.2481ms)
✔ opening move and dimension undo retain identity, style, other raw fields and exact physical coordinates (113.7408ms)
✔ opening creation and general deletion restore IDs and clean fields in the active metric display (83.2538ms)
✔ zero opening sill is restored as zero, and unknown sill remains unresolved (65.9897ms)
✔ opening appearance and measurement basis are separate reversible committed transactions (91.1139ms)
✔ opening delete restores previous targets only without later scope interaction and preserves later waste raw edits (99.6785ms)
✔ waste undo is guarded by pending raw; Revert does not erase redo or rewind scope revision (26.9586ms)
✔ scope and policy transactions undo precisely without changing quantities source or unrelated raw waste (93.0912ms)
✔ a new committed branch clears redo while raw edits, Revert, same-value name and unit switches preserve it (32.6467ms)
✔ history is bounded to fifty committed transactions and independently retained per draft (795.7722ms)
✔ recovery retains latest committed state and typed evidence but deliberately starts empty history (26.6934ms)
✔ failed recovery writes preserve old bytes while accepting memory edit and its Undo/Redo atomically (6.8518ms)
✔ corrupt restoration evidence is rejected without overwriting stored bytes (19.0599ms)
✔ forged stale source restoration and forged dimension zero fail typed recovery validation (9.4647ms)
✔ existing targeted deletion recovery establishes one explicit boundary after success (28.8675ms)
✔ general Redo of an original delete renews its bounded targeted recovery without creating recovery for Undo creation (44.6517ms)
✔ explicit feet and inches use physical millimeters (4.0305ms)
✔ compound feet/inches, decimal feet and metric inputs agree (2.0316ms)
✔ long unit names, uppercase and decimal metric inputs are explicit (0.6138ms)
✔ fractional inch source and denominator retain intended precision (1.3301ms)
✔ compound fractional inches retain each component and do not snap (0.3094ms)
✔ equal decimal values retain distinct input precision (0.3245ms)
✔ bare input needs a unit; explicit suffix takes precedence (1.3098ms)
✔ invalid dimensions reject zero and negative values (0.6277ms)
✔ zero elevation and negative presentation coordinate are valid distinct contexts (0.4195ms)
✔ unknown values remain explicit and cannot carry a fabricated zero (0.3563ms)
✔ malformed and partially parsed strings fail rather than truncating (0.3059ms)
✔ invalid fractions and fractions in unsupported units reject (0.2523ms)
✔ nonfinite, overflow and unrepresentable precision fail explicitly (0.8519ms)
✔ formatting rounds display only and requires valid precision (0.5426ms)
✔ square units convert separately and never use a length factor once (0.3132ms)
✔ physical comparison tolerance does not quantize stored values (0.262ms)
✔ empty plans have no bounds, while zero extents are left for the viewport to handle (1.6009ms)
✔ negative and distant fractional rooms produce bounds in their actual coordinate system (0.1998ms)
✔ top outswing fits both stored hinge sides using actual door width (0.386ms)
✔ right outswing fits both stored hinge sides using actual door width (0.1447ms)
✔ bottom outswing fits both stored hinge sides using actual door width (0.1391ms)
✔ left outswing fits both stored hinge sides using actual door width (0.1207ms)
✔ sliding doors add their real bar bounds without an invisible swing extent (0.1436ms)
✔ large inward swings and bars remain included even when legacy geometry exceeds room extents (0.1561ms)
✔ legacy doors preserve the rendered40px bar and60px swing, not their conflicting saved size (0.2238ms)
✔ horizontal legacy windows use actual saved width beyond the room, independent of height metadata (0.221ms)
✔ vertical legacy windows use actual saved width and off-center attachment (0.1524ms)
✔ bounds preserve frozen saved rooms, openings, optional fields and custom metadata (3.2596ms)
✔ M2C Q-001: independent known answers for all ten outputs, selected top face and waste (67.8777ms)
✔ M2C net walls independently derive gross basis without a separate gross output selection (2.857ms)
✔ M2C missing window height preserves floor/gross and labels the 256 sq ft partial net subtotal (14.1469ms)
✔ M2C known unconfirmed dimensions produce provisional numbers, never confirmed results (24.6219ms)
✔ M2C known measurements marked needs-review remain blocked rather than provisional (4.0486ms)
✔ M2C unresolved/conflicting widths block relevant quantities but preserve unrelated floor work (11.1898ms)
✔ M2C no openings and elevated windows preserve gross perimeter floor runs (14.7466ms)
✔ M2C multiple separated zero-sill doors deduct each actual interruption once (2.4239ms)
✔ M2C precise 32-inch door and fractional/metric equivalents retain physical quantities (26.2644ms)
✔ M2C shared physical door inventory once, deductions and casing per explicitly selected attachment (5.1916ms)
✔ M2C crown deducts explicit full-height gaps and leaves ordinary openings intact (8.38ms)
✔ M2C explicit basis mismatch blocks opening-derived work without rewriting measurements (2.1756ms)
✔ M2C invalid and duplicate selections are contract errors; empty selections select nothing (4.672ms)
✔ M2C invalid relevant geometry stays unavailable and unrelated floor work remains usable (11.97ms)
✔ M2C accepted boundary tolerance intersects effective deductions without changing raw dimensions (4.6676ms)
✔ M2C accepted overlap is unioned once in trim and wall rectangles; positive tiny gaps remain gaps (5.4819ms)
✔ M2C stacked rectangles with a positive vertical gap deduct separate areas without bridging the gap (2.9096ms)
✔ M2C finite oversized dimensions, product overflow, underflow and waste overflow have structured errors (5.0237ms)
✔ M2C aggregate addition overflow leaves individual rows inspectable without a selected total (2.765ms)
✔ M2C multi-room allowance and adjusted aggregate sum rows without a second waste application (1.6107ms)
✔ M2C frozen source remains unchanged; owned results and evidence are deeply detached and frozen (39.6234ms)
✔ M2C viewport/metadata changes do not affect quantities or introduce presentation in results (22.5741ms)
✔ M2C explicit legacy adaptation preserves JSON and idempotency without implicit calculation migration (4.6563ms)
✔ M2C malformed/cyclic/nonfinite v2 data returns a contract error, never a fabricated zero (2.1524ms)
✔ M2C deterministic properties: valid deductions bounded, waste monotone, sums reconcile, selection order irrelevant (666.7178ms)
✔ M2C result schemas reject unit/status/extra-field tampering and nonfinite quantities (42.4176ms)
✔ M2C direct engine rejects accessors and sparse request arrays without invoking getters (0.8481ms)
✔ M2C partial subtotal explicitly retains provisional included measurements (7.5123ms)
✔ M2C materially shortened spans at large offsets or elevations block trim, wall and casing quantities (7.7839ms)
✔ M2C ordinary narrow in-bounds openings retain quantities and label roundoff without invented boundary clipping (5.556ms)
✔ M2C fully absorbed waste and aggregate contributions return arithmetic precision errors (4.6544ms)
✔ M2C fully absorbed nonzero deductions are unavailable rather than silently omitted (0.8408ms)
✔ M2C narrow M2B regression: large-coordinate exact spans do not inflate the 0.01mm overrun tolerance (1.0529ms)
✔ M2C narrow M2B regression: large-coordinate exact spans do not inflate the floor overlap tolerance (1.0543ms)
✔ Q-001 has sufficient valid confirmed dependencies for all selected quantities, without totals (20.2284ms)
✔ missing ceiling height does not block floor, flat ceiling, floor trim or ordinary crown (5.6343ms)
✔ missing window height blocks its net face but not gross area or floor-level runs (2.5972ms)
✔ unknown sill cannot be assumed elevated; known elevated windows do not need width for floor runs (19.5261ms)
✔ unresolved door width blocks only selected width-dependent work (1.8059ms)
✔ numeric availability, invalid geometry and confirmation remain independent (2.9187ms)
✔ known measurement carrying needs-review provenance stays numerically available but unresolved (1.1369ms)
✔ missing dimensions on an unselected wall/room do not block selected work (1.4201ms)
✔ floor-level width and sill suffice for trim even when opening height is unknown (1.2533ms)
✔ overlapping floor interruptions have a local interval error without requiring heights (2.3429ms)
✔ explicit floor-level kind with elevated sill invalidates floor-run classification (1.1536ms)
✔ crown ignores ordinary openings and validates only explicitly selected full-height gaps (2.3744ms)
✔ shared opening supplies one identity basis and two independent selected deduction/casing faces (1.3638ms)
✔ inventory needs identities, not dimensions, and rejects unsupported same-room shared relationships (2.0178ms)
✔ casing reports exact neighboring opening whose missing extent prevents overlap validation (1.1209ms)
✔ empty scopes stay empty for every selection type (0.8945ms)
✔ invalid IDs, repeated IDs/outputs, wrong kinds and unattached casing faces are errors (2.4749ms)
✔ unsupported policy, document mismatch and malformed options fail without rewriting history (4.2771ms)
✔ waste is explicit decimal fraction, finite and nonnegative, without applying it (4.0546ms)
✔ nominal, clear, finished and rough bases stay distinct and are never converted (3.9407ms)
✔ malformed v2 produces detailed structural errors rather than a readiness claim (1.5492ms)
✔ frozen request and document produce repeatable detached readiness without history blockers (3.1479ms)
✔ floor-run overlap uses endpoint magnitudes at the 0.01mm tolerance boundary (5.1433ms)
✔ unknown ceiling on the other shared face does not block selected known face (1.0688ms)
✔ canonical JSON sorts object keys by UTF-16, preserves arrays and special own keys (2.1241ms)
✔ canonical JSON rejects coercion, sparse arrays, accessors, cycles and excess depth (0.7797ms)
✔ platform SHA-256 matches independent Node crypto over the documented canonical bytes (40.5066ms)
✔ calculation content/fingerprints repeat without fabricating a saved revision (99.0113ms)
✔ viewport, presentation, names, arbitrary metadata and legacy original do not change calculation fingerprints (47.5409ms)
✔ geometry changes change both hashes; provenance/confirmation change only content hash (151.0213ms)
✔ selection, waste, opening basis and source identity are bound to calculation content (30.6082ms)
✔ object insertion order is irrelevant to calculation fingerprints (49.5541ms)
✔ snapshot owns stable frozen source/result copies and captures before the first asynchronous hash (96.6096ms)
✔ snapshot IDs/timestamps do not change deterministic calculation content (63.3323ms)
✔ confirmed snapshots reject provisional, blocked, empty and known-needs-review selections (25.755ms)
✔ confirmation gate applies only selected outputs; inventory explicitly needs no dimension confirmation (8.2986ms)
✔ snapshot validates metadata and version, and independently detects quantity/source tampering (95.7196ms)
✔ legacy originals and supplied measurement action evidence are detached and retained in snapshots (11.2279ms)
✔ display formatting is explicit and never changes canonical engine amounts (5.9864ms)
✔ snapshot rejects impossible or target-incompatible measurement events (23.9474ms)
✔ Quick Rooms starts with no verified zero project or invented dimensions (14.1719ms)
✔ entered 12x10x8 uses the real engine for 120 floor, 120 ceiling and 352 gross walls (15.6724ms)
✔ clearing ceiling height keeps floor and ceiling available, gross walls unavailable (11.6435ms)
✔ invalid visible edits mask stale dependent values without mutating canonical measurements (13.1237ms)
✔ valid but uncommitted text and blank typing also hide prior totals (6.0435ms)
✔ zero, negative, exponent and invalid fractions never become valid dimensions (17.9826ms)
✔ equivalent imperial and metric syntax preserves the same 3810 mm length (1.1684ms)
✔ fractional text is not reformatted on typing or commit (0.5552ms)
✔ Enter plus blur commits once and repeating unchanged edits is a no-op (0.5034ms)
✔ committed unit changes change presentation only and retain original provenance (8.0613ms)
✔ an unresolved bare value retains feet context when project display changes to meters (4.436ms)
✔ clearing an old-unit edit releases its context before a new bare metric measurement (2.0347ms)
✔ resolving an old-unit edit converts presentation to the selected unit while retaining parsed evidence (1.9512ms)
✔ new metric fields use metric context without affecting older dirty fields (0.5924ms)
✔ duplicate creates independent IDs and state; editing its length yields project 270 and 752 (20.8837ms)
✔ duplicate resets known confirmation, preserves unresolved candidates and clones presentation (2.6051ms)
✔ duplicate preserves incomplete form context and masks copied stale values (6.0519ms)
✔ unsupported openings and future physical properties are rejected without lossy duplication (3.3162ms)
✔ room ID collisions include existing wall IDs and never mutate the input (3.4377ms)
✔ rename and intended removal affect only the selected room while retaining action evidence (2.645ms)
✔ preview is detached and only selects room-only zero-waste quantities (1.2399ms)
✔ storage round-trip retains raw edits, unit contexts and action evidence without quantity totals (6.9596ms)
✔ unit-switched clean presentation recovers without rescaling or confirming canonical dimensions (6.4458ms)
✔ missing, corrupt, unsupported and future cache contents are classified without rewriting (2.4309ms)
✔ cache rejects nonfinite measurements, stale field sets and duplicate physical IDs (10.7345ms)
✔ cache never trusts forged clean flags while visible text disagrees with canonical values (9.2609ms)
✔ cache rejects restored confirmation and identified revisions instead of implying authority (3.4381ms)
✔ cache validates captured actions with existing replay rules (3.2764ms)
✔ cache rejects unsupported content instead of dropping it, including document extras (3.9802ms)
✔ serialization rejects cyclic/exotic input rather than omitting or coercing original data (2.9154ms)
✔ historical correction evidence survives clearing and removing its original target (2.5809ms)
✔ explicit groups expand without merging touching ungrouped rooms or opening identity (1.5746ms)
✔ group deletion undo restores every member and opening without replacing later unrelated edits (0.2848ms)
✔ legacy API validates optional group and window metadata without changing old sketches (4.1445ms)
ℹ tests 688
ℹ suites 0
ℹ pass 688
ℹ fail 0
ℹ cancelled 0
ℹ skipped 0
ℹ todo 0
ℹ duration_ms 7961.934
